
Optional file libmchp_peripheral.a not found

Optional file libmchp_peripheral_32MX370F512L.a not found
Archive member included because of file (symbol)

/opt/microchip/xc32/v2.50/bin/bin/../../lib/gcc/pic32mx/4.8.3/libgcc.a(_udivdi3.o)
                              build/default/debug/_ext/1417409628/sys_tmr.o (__udivdi3)
/opt/microchip/xc32/v2.50/bin/bin/../../lib/gcc/pic32mx/4.8.3/libgcc.a(floatunsisf.o)
                              build/default/debug/_ext/1360937237/accel.o (__floatunsisf)
/opt/microchip/xc32/v2.50/bin/bin/../../lib/gcc/pic32mx/4.8.3/../../../../pic32mx/lib/libpic32.a(memcpy.o)
                              build/default/debug/_ext/26143033/ipv4.o (memcpy)
/opt/microchip/xc32/v2.50/bin/bin/../../lib/gcc/pic32mx/4.8.3/../../../../pic32mx/lib/libpic32.a(memset.o)
                              build/default/debug/_ext/820865379/drv_encx24j600_api.o (memset)
/opt/microchip/xc32/v2.50/bin/bin/../../lib/gcc/pic32mx/4.8.3/../../../../pic32mx/lib/libpic32.a(strcmp.o)
                              build/default/debug/_ext/2001008086/sys_command.o (strcmp)
/opt/microchip/xc32/v2.50/bin/bin/../../lib/gcc/pic32mx/4.8.3/../../../../pic32mx/lib/libpic32.a(strcpy.o)
                              build/default/debug/_ext/2001008086/sys_command.o (strcpy)
/opt/microchip/xc32/v2.50/bin/bin/../../lib/gcc/pic32mx/4.8.3/../../../../pic32mx/lib/libpic32.a(strlen.o)
                              build/default/debug/_ext/1360937237/lcd.o (strlen)
/opt/microchip/xc32/v2.50/bin/bin/../../lib/gcc/pic32mx/4.8.3/../../../../pic32mx/lib/libpic32.a(default-bootstrap-exception-handler.o)
                              /tmp/ccxm9Iyw.o (_bootstrap_exception_handler)
/opt/microchip/xc32/v2.50/bin/bin/../../lib/gcc/pic32mx/4.8.3/../../../../pic32mx/lib/libpic32.a(default-on-reset.o)
                              /tmp/ccxm9Iyw.o (_on_reset)
/opt/microchip/xc32/v2.50/bin/bin/../../lib/gcc/pic32mx/4.8.3/../../../../pic32mx/lib/libpic32.a(default-on-bootstrap.o)
                              /tmp/ccxm9Iyw.o (_on_bootstrap)
/opt/microchip/xc32/v2.50/bin/bin/../../lib/gcc/pic32mx/4.8.3/../../../../pic32mx/lib/libpic32.a(default-nmi-handler.o)
                              /tmp/ccxm9Iyw.o (_nmi_handler)
/opt/microchip/xc32/v2.50/bin/bin/../../lib/gcc/pic32mx/4.8.3/../../../../pic32mx/lib/libpic32.a(pic32_data_init.o)
                              /tmp/ccxm9Iyw.o (__pic32_data_init)
/opt/microchip/xc32/v2.50/bin/bin/../../lib/gcc/pic32mx/4.8.3/../../../../pic32mx/lib/libpic32.a(general-exception.o)
                              /tmp/ccxm9Iyw.o (_general_exception_context)
/opt/microchip/xc32/v2.50/bin/bin/../../lib/gcc/pic32mx/4.8.3/../../../../pic32mx/lib/libpic32.a(vector0.o)
                              /tmp/cchfsOKx.o (__vector_dispatch_0)
/opt/microchip/xc32/v2.50/bin/bin/../../lib/gcc/pic32mx/4.8.3/../../../../pic32mx/lib/libpic32.a(vector1.o)
                              /tmp/cchfsOKx.o (__vector_dispatch_1)
/opt/microchip/xc32/v2.50/bin/bin/../../lib/gcc/pic32mx/4.8.3/../../../../pic32mx/lib/libpic32.a(vector2.o)
                              /tmp/cchfsOKx.o (__vector_dispatch_2)
/opt/microchip/xc32/v2.50/bin/bin/../../lib/gcc/pic32mx/4.8.3/../../../../pic32mx/lib/libpic32.a(vector3.o)
                              /tmp/cchfsOKx.o (__vector_dispatch_3)
/opt/microchip/xc32/v2.50/bin/bin/../../lib/gcc/pic32mx/4.8.3/../../../../pic32mx/lib/libpic32.a(vector5.o)
                              /tmp/cchfsOKx.o (__vector_dispatch_5)
/opt/microchip/xc32/v2.50/bin/bin/../../lib/gcc/pic32mx/4.8.3/../../../../pic32mx/lib/libpic32.a(vector6.o)
                              /tmp/cchfsOKx.o (__vector_dispatch_6)
/opt/microchip/xc32/v2.50/bin/bin/../../lib/gcc/pic32mx/4.8.3/../../../../pic32mx/lib/libpic32.a(vector7.o)
                              /tmp/cchfsOKx.o (__vector_dispatch_7)
/opt/microchip/xc32/v2.50/bin/bin/../../lib/gcc/pic32mx/4.8.3/../../../../pic32mx/lib/libpic32.a(vector8.o)
                              /tmp/cchfsOKx.o (__vector_dispatch_8)
/opt/microchip/xc32/v2.50/bin/bin/../../lib/gcc/pic32mx/4.8.3/../../../../pic32mx/lib/libpic32.a(vector9.o)
                              /tmp/cchfsOKx.o (__vector_dispatch_9)
/opt/microchip/xc32/v2.50/bin/bin/../../lib/gcc/pic32mx/4.8.3/../../../../pic32mx/lib/libpic32.a(vector10.o)
                              /tmp/cchfsOKx.o (__vector_dispatch_10)
/opt/microchip/xc32/v2.50/bin/bin/../../lib/gcc/pic32mx/4.8.3/../../../../pic32mx/lib/libpic32.a(vector11.o)
                              /tmp/cchfsOKx.o (__vector_dispatch_11)
/opt/microchip/xc32/v2.50/bin/bin/../../lib/gcc/pic32mx/4.8.3/../../../../pic32mx/lib/libpic32.a(vector12.o)
                              /tmp/cchfsOKx.o (__vector_dispatch_12)
/opt/microchip/xc32/v2.50/bin/bin/../../lib/gcc/pic32mx/4.8.3/../../../../pic32mx/lib/libpic32.a(vector13.o)
                              /tmp/cchfsOKx.o (__vector_dispatch_13)
[...]
Memory Configuration

Name             Origin             Length             Attributes
kseg0_program_mem 0x9d000000         0x00080000         xr
kseg0_boot_mem   0x9fc00490         0x00000970
exception_mem    0x9fc01000         0x00001000
kseg1_boot_mem   0xbfc00000         0x00000490
debug_exec_mem   0xbfc02000         0x00000ff0
config3          0xbfc02ff0         0x00000004
config2          0xbfc02ff4         0x00000004
config1          0xbfc02ff8         0x00000004
config0          0xbfc02ffc         0x00000004
kseg1_data_mem   0xa0000000         0x00020000         w !x
sfrs             0xbf800000         0x00100000
configsfrs       0xbfc02ff0         0x00000010
*default*        0x00000000         0xffffffff

Linker script and memory map

LOAD /opt/microchip/xc32/v2.50/bin/bin/../../lib/gcc/pic32mx/4.8.3/../../../../pic32mx/lib/debug-exception-return.o
LOAD build/default/debug/_ext/1360937237/led.o
LOAD build/default/debug/_ext/1360937237/ssd.o
LOAD build/default/debug/_ext/1360937237/accel.o
LOAD build/default/debug/_ext/1360937237/i2c.o
LOAD build/default/debug/_ext/1360937237/lcd.o
LOAD build/default/debug/rgbled.o
LOAD build/default/debug/_ext/996065237/drv_encx24j600_spi_bus.o
LOAD build/default/debug/_ext/1600828880/drv_encx24j600_closed_state.o
LOAD build/default/debug/_ext/472602724/drv_encx24j600_initialization_state.o
LOAD build/default/debug/_ext/472602724/drv_encx24j600_configure_state.o
LOAD build/default/debug/_ext/472602724/drv_encx24j600_detect_state.o
LOAD build/default/debug/_ext/472602724/drv_encx24j600_reset_state.o
LOAD build/default/debug/_ext/1728422854/drv_encx24j600_tx_packet.o
LOAD build/default/debug/_ext/1728422854/drv_encx24j600_rx_packet.o
LOAD build/default/debug/_ext/999618079/drv_encx24j600_running_state.o
LOAD build/default/debug/_ext/999618079/drv_encx24j600_change_duplex_state.o
LOAD build/default/debug/_ext/999618079/drv_encx24j600_check_int_state.o
LOAD build/default/debug/_ext/999618079/drv_encx24j600_check_status_state.o
LOAD build/default/debug/_ext/999618079/drv_encx24j600_check_tx_status_state.o
LOAD build/default/debug/_ext/999618079/drv_encx24j600_reset_rx_state.o
LOAD build/default/debug/_ext/820865379/drv_encx24j600_api.o
LOAD build/default/debug/_ext/820865379/drv_encx24j600_main_state.o
LOAD build/default/debug/_ext/820865379/drv_encx24j600_utils.o
LOAD build/default/debug/_ext/977502197/drv_spi_tasks.o
LOAD build/default/debug/_ext/977502197/drv_spi_api.o
LOAD build/default/debug/_ext/977502197/drv_spi_master_ebm_tasks.o
LOAD build/default/debug/_ext/915312864/drv_spi.o
LOAD build/default/debug/_ext/2077795248/drv_spi_sys_queue_fifo.o
LOAD build/default/debug/_ext/1298913485/drv_tmr.o
LOAD build/default/debug/_ext/327000265/drv_usart_mapping.o
LOAD build/default/debug/_ext/327000265/drv_usart_static.o
LOAD build/default/debug/_ext/327000265/drv_usart_static_buffer_queue.o
LOAD build/default/debug/_ext/327000265/drv_usart_static_read_write.o
LOAD build/default/debug/_ext/639803181/sys_clk_pic32mx.o
LOAD build/default/debug/_ext/2001008086/sys_command.o
LOAD build/default/debug/_ext/1544295906/sys_console.o
LOAD build/default/debug/_ext/1544295906/sys_console_uart.o
LOAD build/default/debug/_ext/340578644/sys_devcon.o
LOAD build/default/debug/_ext/340578644/sys_devcon_pic32mx.o
LOAD build/default/debug/_ext/1735427962/sys_int_pic32.o
LOAD build/default/debug/_ext/822048611/sys_ports_static.o
LOAD build/default/debug/_ext/327917790/sys_random.o
LOAD build/default/debug/_ext/68765530/sys_reset.o
LOAD build/default/debug/_ext/1417409628/sys_tmr.o
LOAD build/default/debug/_ext/1881663949/helpers.o
LOAD build/default/debug/_ext/26143033/ipv4.o
LOAD build/default/debug/_ext/26143033/udp.o
LOAD build/default/debug/_ext/26143033/tcpip_heap_alloc.o
LOAD build/default/debug/_ext/26143033/tcpip_heap_internal.o
LOAD build/default/debug/_ext/26143033/arp.o
LOAD build/default/debug/_ext/26143033/dns.o
LOAD build/default/debug/_ext/26143033/hash_fnv.o
LOAD build/default/debug/_ext/26143033/oahash.o
LOAD build/default/debug/_ext/26143033/tcpip_helpers.o
LOAD build/default/debug/_ext/26143033/tcpip_helper_c32.o
LOAD build/default/debug/_ext/26143033/tcpip_manager.o
LOAD build/default/debug/_ext/26143033/tcpip_notify.o
LOAD build/default/debug/_ext/26143033/tcpip_packet.o
LOAD build/default/debug/_ext/1688732426/system_init.o
LOAD build/default/debug/_ext/1688732426/system_interrupt.o
LOAD build/default/debug/_ext/1688732426/system_tasks.o
LOAD build/default/debug/_ext/1360937237/app_commands.o
LOAD build/default/debug/_ext/1360937237/UDP_app.o
LOAD build/default/debug/_ext/1360937237/main.o
                0x00000001                __MPLAB_BUILD = 0x1
                0x00000001                __MPLAB_DEBUG = 0x1
                0x00000001                __DEBUG = 0x1
                0x0000afa0                _min_heap_size = 0xafa0
LOAD /tmp/ccxm9Iyw.o
LOAD /tmp/ccmlesez.o
LOAD /tmp/cchfsOKx.o
LOAD /opt/microchip/xc32/v2.50/bin/bin/../../lib/gcc/pic32mx/4.8.3/../../../../pic32mx/lib/./proc/32MX370F512L/default_isr_vectors.o
LOAD /opt/microchip/xc32/v2.50/bin/bin/../../lib/gcc/pic32mx/4.8.3/../../../../pic32mx/lib/pic32_software_reset.o
                0x00000400                PROVIDE (_min_stack_size, 0x400)
START GROUP
LOAD /opt/microchip/xc32/v2.50/bin/bin/../../lib/gcc/pic32mx/4.8.3/../../../../pic32mx/lib/./proc/32MX370F512L/processor.o
END GROUP
START GROUP
LOAD libmchp_peripheral.a
END GROUP
START GROUP
LOAD libmchp_peripheral_32MX370F512L.a
END GROUP
                0x00000001                PROVIDE (_vector_spacing, 0x1)
                0x9fc01000                PROVIDE (_ebase_address, 0x9fc01000)
                0xbfc00000                _RESET_ADDR = 0xbfc00000
                0xbfc00380                _BEV_EXCPT_ADDR = 0xbfc00380
                0xbfc00480                _DBG_EXCPT_ADDR = 0xbfc00480
                0xbfc02000                _DBG_CODE_ADDR = 0xbfc02000
                0x00000ff0                _DBG_CODE_SIZE = 0xff0
                0x9fc01180                _GEN_EXCPT_ADDR = (_ebase_address + 0x180)

.config_BFC02FF0
                0xbfc02ff0        0x4
 *(.config_BFC02FF0)
 .config_BFC02FF0
                0xbfc02ff0        0x4 build/default/debug/_ext/1688732426/system_init.o

.config_BFC02FF4
                0xbfc02ff4        0x4
 *(.config_BFC02FF4)
 .config_BFC02FF4
                0xbfc02ff4        0x4 build/default/debug/_ext/1688732426/system_init.o

.config_BFC02FF8
                0xbfc02ff8        0x4
 *(.config_BFC02FF8)
 .config_BFC02FF8
                0xbfc02ff8        0x4 build/default/debug/_ext/1688732426/system_init.o

.config_BFC02FFC
                0xbfc02ffc        0x4
 *(.config_BFC02FFC)
 .config_BFC02FFC
                0xbfc02ffc        0x4 build/default/debug/_ext/1688732426/system_init.o
                0xbfc02000                PROVIDE (_DBG_CODE_ADDR, 0xbfc02000)
                0x00000ff0                PROVIDE (_DBG_CODE_SIZE, 0xff0)

.reset          0xbfc00000      0x19c
 *(.reset)
 .reset         0xbfc00000        0x8 /tmp/ccxm9Iyw.o
                0xbfc00000                _reset
 *(.reset.startup)
 .reset.startup
                0xbfc00008      0x194 /tmp/ccxm9Iyw.o
                0xbfc00008                _startup

.bev_excpt      0xbfc00380       0x10
 *(.bev_handler)
 .bev_handler   0xbfc00380       0x10 /tmp/ccxm9Iyw.o

.dbg_excpt      0xbfc00480        0x0
                0xbfc00480                . = (. + DEFINED (_DEBUGGER)?0x8:0x0)

.dbg_code       0xbfc02000        0x0
                0xbfc02000                . = (. + DEFINED (_DEBUGGER)?_DBG_CODE_SIZE:0x0)

.app_excpt      0x9fc01180       0x10
 *(.gen_handler)
 .gen_handler   0x9fc01180       0x10 /tmp/ccxm9Iyw.o

.vector_0       0x9fc01200        0x8
 *(.vector_0)
 .vector_0      0x9fc01200        0x8 /opt/microchip/xc32/v2.50/bin/bin/../../lib/gcc/pic32mx/4.8.3/../../../../pic32mx/lib/libpic32.a(vector0.o)
                0x9fc01200                __vector_dispatch_0
                0x00000001                ASSERT (((_vector_spacing == 0x0) || (SIZEOF (.vector_0) <= (_vector_spacing << 0x5))), function at exception vector 0 too large)

.vector_1       0x9fc01220        0x8
 *(.vector_1)
 .vector_1      0x9fc01220        0x8 /opt/microchip/xc32/v2.50/bin/bin/../../lib/gcc/pic32mx/4.8.3/../../../../pic32mx/lib/libpic32.a(vector1.o)
                0x9fc01220                __vector_dispatch_1
                0x00000001                ASSERT (((_vector_spacing == 0x0) || (SIZEOF (.vector_1) <= (_vector_spacing << 0x5))), function at exception vector 1 too large)

.vector_2       0x9fc01240        0x8
 *(.vector_2)
 .vector_2      0x9fc01240        0x8 /opt/microchip/xc32/v2.50/bin/bin/../../lib/gcc/pic32mx/4.8.3/../../../../pic32mx/lib/libpic32.a(vector2.o)
                0x9fc01240                __vector_dispatch_2
                0x00000001                ASSERT (((_vector_spacing == 0x0) || (SIZEOF (.vector_2) <= (_vector_spacing << 0x5))), function at exception vector 2 too large)

.vector_3       0x9fc01260        0x8
 *(.vector_3)
 .vector_3      0x9fc01260        0x8 /opt/microchip/xc32/v2.50/bin/bin/../../lib/gcc/pic32mx/4.8.3/../../../../pic32mx/lib/libpic32.a(vector3.o)
                0x9fc01260                __vector_dispatch_3
                0x00000001                ASSERT (((_vector_spacing == 0x0) || (SIZEOF (.vector_3) <= (_vector_spacing << 0x5))), function at exception vector 3 too large)

.vector_4       0x9fc01280        0x8
 *(.vector_4)
 .vector_4      0x9fc01280        0x8 build/default/debug/_ext/1688732426/system_interrupt.o
                0x9fc01280                __vector_dispatch_4
                0x00000001                ASSERT (((_vector_spacing == 0x0) || (SIZEOF (.vector_4) <= (_vector_spacing << 0x5))), function at exception vector 4 too large)

.vector_5       0x9fc012a0        0x8
 *(.vector_5)
 .vector_5      0x9fc012a0        0x8 /opt/microchip/xc32/v2.50/bin/bin/../../lib/gcc/pic32mx/4.8.3/../../../../pic32mx/lib/libpic32.a(vector5.o)
                0x9fc012a0                __vector_dispatch_5
                0x00000001                ASSERT (((_vector_spacing == 0x0) || (SIZEOF (.vector_5) <= (_vector_spacing << 0x5))), function at exception vector 5 too large)

.vector_6       0x9fc012c0        0x8
 *(.vector_6)
 .vector_6      0x9fc012c0        0x8 /opt/microchip/xc32/v2.50/bin/bin/../../lib/gcc/pic32mx/4.8.3/../../../../pic32mx/lib/libpic32.a(vector6.o)
                0x9fc012c0                __vector_dispatch_6
                0x00000001                ASSERT (((_vector_spacing == 0x0) || (SIZEOF (.vector_6) <= (_vector_spacing << 0x5))), function at exception vector 6 too large)

.vector_7       0x9fc012e0        0x8
 *(.vector_7)
 .vector_7      0x9fc012e0        0x8 /opt/microchip/xc32/v2.50/bin/bin/../../lib/gcc/pic32mx/4.8.3/../../../../pic32mx/lib/libpic32.a(vector7.o)
                0x9fc012e0                __vector_dispatch_7
                0x00000001                ASSERT (((_vector_spacing == 0x0) || (SIZEOF (.vector_7) <= (_vector_spacing << 0x5))), function at exception vector 7 too large)

.vector_8       0x9fc01300        0x8
 *(.vector_8)
 .vector_8      0x9fc01300        0x8 /opt/microchip/xc32/v2.50/bin/bin/../../lib/gcc/pic32mx/4.8.3/../../../../pic32mx/lib/libpic32.a(vector8.o)
                0x9fc01300                __vector_dispatch_8
                0x00000001                ASSERT (((_vector_spacing == 0x0) || (SIZEOF (.vector_8) <= (_vector_spacing << 0x5))), function at exception vector 8 too large)

.vector_9       0x9fc01320        0x8
 *(.vector_9)
 .vector_9      0x9fc01320        0x8 /opt/microchip/xc32/v2.50/bin/bin/../../lib/gcc/pic32mx/4.8.3/../../../../pic32mx/lib/libpic32.a(vector9.o)
                0x9fc01320                __vector_dispatch_9
                0x00000001                ASSERT (((_vector_spacing == 0x0) || (SIZEOF (.vector_9) <= (_vector_spacing << 0x5))), function at exception vector 9 too large)

.vector_10      0x9fc01340        0x8
 *(.vector_10)
 .vector_10     0x9fc01340        0x8 /opt/microchip/xc32/v2.50/bin/bin/../../lib/gcc/pic32mx/4.8.3/../../../../pic32mx/lib/libpic32.a(vector10.o)
                0x9fc01340                __vector_dispatch_10
                0x00000001                ASSERT (((_vector_spacing == 0x0) || (SIZEOF (.vector_10) <= (_vector_spacing << 0x5))), function at exception vector 10 too large)

.vector_11      0x9fc01360        0x8
 *(.vector_11)
 .vector_11     0x9fc01360        0x8 /opt/microchip/xc32/v2.50/bin/bin/../../lib/gcc/pic32mx/4.8.3/../../../../pic32mx/lib/libpic32.a(vector11.o)
                0x9fc01360                __vector_dispatch_11
                0x00000001                ASSERT (((_vector_spacing == 0x0) || (SIZEOF (.vector_11) <= (_vector_spacing << 0x5))), function at exception vector 11 too large)

.vector_12      0x9fc01380        0x8
 *(.vector_12)
 .vector_12     0x9fc01380        0x8 /opt/microchip/xc32/v2.50/bin/bin/../../lib/gcc/pic32mx/4.8.3/../../../../pic32mx/lib/libpic32.a(vector12.o)
                0x9fc01380                __vector_dispatch_12
                0x00000001                ASSERT (((_vector_spacing == 0x0) || (SIZEOF (.vector_12) <= (_vector_spacing << 0x5))), function at exception vector 12 too large)

.vector_13      0x9fc013a0        0x8
 *(.vector_13)
 .vector_13     0x9fc013a0        0x8 /opt/microchip/xc32/v2.50/bin/bin/../../lib/gcc/pic32mx/4.8.3/../../../../pic32mx/lib/libpic32.a(vector13.o)
                0x9fc013a0                __vector_dispatch_13
                0x00000001                ASSERT (((_vector_spacing == 0x0) || (SIZEOF (.vector_13) <= (_vector_spacing << 0x5))), function at exception vector 13 too large)

.vector_14      0x9fc013c0        0x8
 *(.vector_14)
 .vector_14     0x9fc013c0        0x8 /opt/microchip/xc32/v2.50/bin/bin/../../lib/gcc/pic32mx/4.8.3/../../../../pic32mx/lib/libpic32.a(vector14.o)
                0x9fc013c0                __vector_dispatch_14
                0x00000001                ASSERT (((_vector_spacing == 0x0) || (SIZEOF (.vector_14) <= (_vector_spacing << 0x5))), function at exception vector 14 too large)

.vector_15      0x9fc013e0        0x8
 *(.vector_15)
 .vector_15     0x9fc013e0        0x8 /opt/microchip/xc32/v2.50/bin/bin/../../lib/gcc/pic32mx/4.8.3/../../../../pic32mx/lib/libpic32.a(vector15.o)
                0x9fc013e0                __vector_dispatch_15
                0x00000001                ASSERT (((_vector_spacing == 0x0) || (SIZEOF (.vector_15) <= (_vector_spacing << 0x5))), function at exception vector 15 too large)

.vector_16      0x9fc01400        0x8
 *(.vector_16)
 .vector_16     0x9fc01400        0x8 build/default/debug/_ext/1360937237/ssd.o
                0x9fc01400                __vector_dispatch_16
                0x00000001                ASSERT (((_vector_spacing == 0x0) || (SIZEOF (.vector_16) <= (_vector_spacing << 0x5))), function at exception vector 16 too large)

.vector_17      0x9fc01420        0x8
 *(.vector_17)
 .vector_17     0x9fc01420        0x8 /opt/microchip/xc32/v2.50/bin/bin/../../lib/gcc/pic32mx/4.8.3/../../../../pic32mx/lib/libpic32.a(vector17.o)
                0x9fc01420                __vector_dispatch_17
                0x00000001                ASSERT (((_vector_spacing == 0x0) || (SIZEOF (.vector_17) <= (_vector_spacing << 0x5))), function at exception vector 17 too large)

.vector_18      0x9fc01440        0x8
 *(.vector_18)
 .vector_18     0x9fc01440        0x8 /opt/microchip/xc32/v2.50/bin/bin/../../lib/gcc/pic32mx/4.8.3/../../../../pic32mx/lib/libpic32.a(vector18.o)
                0x9fc01440                __vector_dispatch_18
                0x00000001                ASSERT (((_vector_spacing == 0x0) || (SIZEOF (.vector_18) <= (_vector_spacing << 0x5))), function at exception vector 18 too large)

.vector_19      0x9fc01460        0x8
 *(.vector_19)
 .vector_19     0x9fc01460        0x8 build/default/debug/_ext/1688732426/system_interrupt.o
                0x9fc01460                __vector_dispatch_19
                0x00000001                ASSERT (((_vector_spacing == 0x0) || (SIZEOF (.vector_19) <= (_vector_spacing << 0x5))), function at exception vector 19 too large)

.vector_20      0x9fc01480        0x8
 *(.vector_20)
 .vector_20     0x9fc01480        0x8 /opt/microchip/xc32/v2.50/bin/bin/../../lib/gcc/pic32mx/4.8.3/../../../../pic32mx/lib/libpic32.a(vector20.o)
                0x9fc01480                __vector_dispatch_20
                0x00000001                ASSERT (((_vector_spacing == 0x0) || (SIZEOF (.vector_20) <= (_vector_spacing << 0x5))), function at exception vector 20 too large)

.vector_21      0x9fc014a0        0x8
 *(.vector_21)
 .vector_21     0x9fc014a0        0x8 /opt/microchip/xc32/v2.50/bin/bin/../../lib/gcc/pic32mx/4.8.3/../../../../pic32mx/lib/libpic32.a(vector21.o)
                0x9fc014a0                __vector_dispatch_21
                0x00000001                ASSERT (((_vector_spacing == 0x0) || (SIZEOF (.vector_21) <= (_vector_spacing << 0x5))), function at exception vector 21 too large)

.vector_22      0x9fc014c0        0x8
 *(.vector_22)
 .vector_22     0x9fc014c0        0x8 /opt/microchip/xc32/v2.50/bin/bin/../../lib/gcc/pic32mx/4.8.3/../../../../pic32mx/lib/libpic32.a(vector22.o)
                0x9fc014c0                __vector_dispatch_22
                0x00000001                ASSERT (((_vector_spacing == 0x0) || (SIZEOF (.vector_22) <= (_vector_spacing << 0x5))), function at exception vector 22 too large)

.vector_23      0x9fc014e0        0x8
 *(.vector_23)
 .vector_23     0x9fc014e0        0x8 /opt/microchip/xc32/v2.50/bin/bin/../../lib/gcc/pic32mx/4.8.3/../../../../pic32mx/lib/libpic32.a(vector23.o)
                0x9fc014e0                __vector_dispatch_23
                0x00000001                ASSERT (((_vector_spacing == 0x0) || (SIZEOF (.vector_23) <= (_vector_spacing << 0x5))), function at exception vector 23 too large)

.vector_24      0x9fc01500        0x8
 *(.vector_24)
 .vector_24     0x9fc01500        0x8 /opt/microchip/xc32/v2.50/bin/bin/../../lib/gcc/pic32mx/4.8.3/../../../../pic32mx/lib/libpic32.a(vector24.o)
                0x9fc01500                __vector_dispatch_24
                0x00000001                ASSERT (((_vector_spacing == 0x0) || (SIZEOF (.vector_24) <= (_vector_spacing << 0x5))), function at exception vector 24 too large)

.vector_25      0x9fc01520        0x8
 *(.vector_25)
 .vector_25     0x9fc01520        0x8 /opt/microchip/xc32/v2.50/bin/bin/../../lib/gcc/pic32mx/4.8.3/../../../../pic32mx/lib/libpic32.a(vector25.o)
                0x9fc01520                __vector_dispatch_25
                0x00000001                ASSERT (((_vector_spacing == 0x0) || (SIZEOF (.vector_25) <= (_vector_spacing << 0x5))), function at exception vector 25 too large)

.vector_26      0x9fc01540        0x8
 *(.vector_26)
 .vector_26     0x9fc01540        0x8 /opt/microchip/xc32/v2.50/bin/bin/../../lib/gcc/pic32mx/4.8.3/../../../../pic32mx/lib/libpic32.a(vector26.o)
                0x9fc01540                __vector_dispatch_26
                0x00000001                ASSERT (((_vector_spacing == 0x0) || (SIZEOF (.vector_26) <= (_vector_spacing << 0x5))), function at exception vector 26 too large)

.vector_27      0x9fc01560        0x8
 *(.vector_27)
 .vector_27     0x9fc01560        0x8 /opt/microchip/xc32/v2.50/bin/bin/../../lib/gcc/pic32mx/4.8.3/../../../../pic32mx/lib/libpic32.a(vector27.o)
                0x9fc01560                __vector_dispatch_27
                0x00000001                ASSERT (((_vector_spacing == 0x0) || (SIZEOF (.vector_27) <= (_vector_spacing << 0x5))), function at exception vector 27 too large)

.vector_28      0x9fc01580        0x8
 *(.vector_28)
 .vector_28     0x9fc01580        0x8 /opt/microchip/xc32/v2.50/bin/bin/../../lib/gcc/pic32mx/4.8.3/../../../../pic32mx/lib/libpic32.a(vector28.o)
                0x9fc01580                __vector_dispatch_28
                0x00000001                ASSERT (((_vector_spacing == 0x0) || (SIZEOF (.vector_28) <= (_vector_spacing << 0x5))), function at exception vector 28 too large)

.vector_29      0x9fc015a0        0x8
 *(.vector_29)
 .vector_29     0x9fc015a0        0x8 /opt/microchip/xc32/v2.50/bin/bin/../../lib/gcc/pic32mx/4.8.3/../../../../pic32mx/lib/libpic32.a(vector29.o)
                0x9fc015a0                __vector_dispatch_29
                0x00000001                ASSERT (((_vector_spacing == 0x0) || (SIZEOF (.vector_29) <= (_vector_spacing << 0x5))), function at exception vector 29 too large)

.vector_30      0x9fc015c0        0x8
 *(.vector_30)
 .vector_30     0x9fc015c0        0x8 /opt/microchip/xc32/v2.50/bin/bin/../../lib/gcc/pic32mx/4.8.3/../../../../pic32mx/lib/libpic32.a(vector30.o)
                0x9fc015c0                __vector_dispatch_30
                0x00000001                ASSERT (((_vector_spacing == 0x0) || (SIZEOF (.vector_30) <= (_vector_spacing << 0x5))), function at exception vector 30 too large)

.vector_31      0x9fc015e0        0x8
 *(.vector_31)
 .vector_31     0x9fc015e0        0x8 /opt/microchip/xc32/v2.50/bin/bin/../../lib/gcc/pic32mx/4.8.3/../../../../pic32mx/lib/libpic32.a(vector31.o)
                0x9fc015e0                __vector_dispatch_31
                0x00000001                ASSERT (((_vector_spacing == 0x0) || (SIZEOF (.vector_31) <= (_vector_spacing << 0x5))), function at exception vector 31 too large)

.vector_32      0x9fc01600        0x8
 *(.vector_32)
 .vector_32     0x9fc01600        0x8 /opt/microchip/xc32/v2.50/bin/bin/../../lib/gcc/pic32mx/4.8.3/../../../../pic32mx/lib/libpic32.a(vector32.o)
                0x9fc01600                __vector_dispatch_32
                0x00000001                ASSERT (((_vector_spacing == 0x0) || (SIZEOF (.vector_32) <= (_vector_spacing << 0x5))), function at exception vector 32 too large)

.vector_33      0x9fc01620        0x8
 *(.vector_33)
 .vector_33     0x9fc01620        0x8 /opt/microchip/xc32/v2.50/bin/bin/../../lib/gcc/pic32mx/4.8.3/../../../../pic32mx/lib/libpic32.a(vector33.o)
                0x9fc01620                __vector_dispatch_33
                0x00000001                ASSERT (((_vector_spacing == 0x0) || (SIZEOF (.vector_33) <= (_vector_spacing << 0x5))), function at exception vector 33 too large)

.vector_34      0x9fc01640        0x8
 *(.vector_34)
 .vector_34     0x9fc01640        0x8 /opt/microchip/xc32/v2.50/bin/bin/../../lib/gcc/pic32mx/4.8.3/../../../../pic32mx/lib/libpic32.a(vector34.o)
                0x9fc01640                __vector_dispatch_34
                0x00000001                ASSERT (((_vector_spacing == 0x0) || (SIZEOF (.vector_34) <= (_vector_spacing << 0x5))), function at exception vector 34 too large)

.vector_35      0x9fc01660        0x8
 *(.vector_35)
 .vector_35     0x9fc01660        0x8 build/default/debug/_ext/1688732426/system_interrupt.o
                0x9fc01660                __vector_dispatch_35
                0x00000001                ASSERT (((_vector_spacing == 0x0) || (SIZEOF (.vector_35) <= (_vector_spacing << 0x5))), function at exception vector 35 too large)

.vector_36      0x9fc01680        0x8
 *(.vector_36)
 .vector_36     0x9fc01680        0x8 /opt/microchip/xc32/v2.50/bin/bin/../../lib/gcc/pic32mx/4.8.3/../../../../pic32mx/lib/libpic32.a(vector36.o)
                0x9fc01680                __vector_dispatch_36
                0x00000001                ASSERT (((_vector_spacing == 0x0) || (SIZEOF (.vector_36) <= (_vector_spacing << 0x5))), function at exception vector 36 too large)

.vector_37      0x9fc016a0        0x8
 *(.vector_37)
 .vector_37     0x9fc016a0        0x8 /opt/microchip/xc32/v2.50/bin/bin/../../lib/gcc/pic32mx/4.8.3/../../../../pic32mx/lib/libpic32.a(vector37.o)
                0x9fc016a0                __vector_dispatch_37
                0x00000001                ASSERT (((_vector_spacing == 0x0) || (SIZEOF (.vector_37) <= (_vector_spacing << 0x5))), function at exception vector 37 too large)

.vector_38      0x9fc016c0        0x8
 *(.vector_38)
 .vector_38     0x9fc016c0        0x8 /opt/microchip/xc32/v2.50/bin/bin/../../lib/gcc/pic32mx/4.8.3/../../../../pic32mx/lib/libpic32.a(vector38.o)
                0x9fc016c0                __vector_dispatch_38
                0x00000001                ASSERT (((_vector_spacing == 0x0) || (SIZEOF (.vector_38) <= (_vector_spacing << 0x5))), function at exception vector 38 too large)

.vector_39      0x9fc016e0        0x8
 *(.vector_39)
 .vector_39     0x9fc016e0        0x8 build/default/debug/_ext/1688732426/system_interrupt.o
                0x9fc016e0                __vector_dispatch_39
                0x00000001                ASSERT (((_vector_spacing == 0x0) || (SIZEOF (.vector_39) <= (_vector_spacing << 0x5))), function at exception vector 39 too large)

.vector_40      0x9fc01700        0x8
 *(.vector_40)
 .vector_40     0x9fc01700        0x8 /opt/microchip/xc32/v2.50/bin/bin/../../lib/gcc/pic32mx/4.8.3/../../../../pic32mx/lib/libpic32.a(vector40.o)
                0x9fc01700                __vector_dispatch_40
                0x00000001                ASSERT (((_vector_spacing == 0x0) || (SIZEOF (.vector_40) <= (_vector_spacing << 0x5))), function at exception vector 40 too large)

.vector_41      0x9fc01720        0x8
 *(.vector_41)
 .vector_41     0x9fc01720        0x8 /opt/microchip/xc32/v2.50/bin/bin/../../lib/gcc/pic32mx/4.8.3/../../../../pic32mx/lib/libpic32.a(vector41.o)
                0x9fc01720                __vector_dispatch_41
                0x00000001                ASSERT (((_vector_spacing == 0x0) || (SIZEOF (.vector_41) <= (_vector_spacing << 0x5))), function at exception vector 41 too large)

.vector_42      0x9fc01740        0x8
 *(.vector_42)
 .vector_42     0x9fc01740        0x8 /opt/microchip/xc32/v2.50/bin/bin/../../lib/gcc/pic32mx/4.8.3/../../../../pic32mx/lib/libpic32.a(vector42.o)
                0x9fc01740                __vector_dispatch_42
                0x00000001                ASSERT (((_vector_spacing == 0x0) || (SIZEOF (.vector_42) <= (_vector_spacing << 0x5))), function at exception vector 42 too large)

.vector_43      0x9fc01760        0x8
 *(.vector_43)
 .vector_43     0x9fc01760        0x8 /opt/microchip/xc32/v2.50/bin/bin/../../lib/gcc/pic32mx/4.8.3/../../../../pic32mx/lib/libpic32.a(vector43.o)
                0x9fc01760                __vector_dispatch_43
                0x00000001                ASSERT (((_vector_spacing == 0x0) || (SIZEOF (.vector_43) <= (_vector_spacing << 0x5))), function at exception vector 43 too large)

.vector_44      0x9fc01780        0x8
 *(.vector_44)
 .vector_44     0x9fc01780        0x8 /opt/microchip/xc32/v2.50/bin/bin/../../lib/gcc/pic32mx/4.8.3/../../../../pic32mx/lib/libpic32.a(vector44.o)
                0x9fc01780                __vector_dispatch_44
                0x00000001                ASSERT (((_vector_spacing == 0x0) || (SIZEOF (.vector_44) <= (_vector_spacing << 0x5))), function at exception vector 44 too large)

.vector_45      0x9fc017a0        0x8
 *(.vector_45)
 .vector_45     0x9fc017a0        0x8 /opt/microchip/xc32/v2.50/bin/bin/../../lib/gcc/pic32mx/4.8.3/../../../../pic32mx/lib/libpic32.a(vector45.o)
                0x9fc017a0                __vector_dispatch_45
                0x00000001                ASSERT (((_vector_spacing == 0x0) || (SIZEOF (.vector_45) <= (_vector_spacing << 0x5))), function at exception vector 45 too large)

.vector_46      0x9fc017c0        0x0
 *(.vector_46)
                0x00000001                ASSERT (((_vector_spacing == 0x0) || (SIZEOF (.vector_46) <= (_vector_spacing << 0x5))), function at exception vector 46 too large)

.vector_47      0x9fc017e0        0x0
 *(.vector_47)
                0x00000001                ASSERT (((_vector_spacing == 0x0) || (SIZEOF (.vector_47) <= (_vector_spacing << 0x5))), function at exception vector 47 too large)

.vector_48      0x9fc01800        0x0
 *(.vector_48)
                0x00000001                ASSERT (((_vector_spacing == 0x0) || (SIZEOF (.vector_48) <= (_vector_spacing << 0x5))), function at exception vector 48 too large)

.vector_49      0x9fc01820        0x0
 *(.vector_49)
                0x00000001                ASSERT (((_vector_spacing == 0x0) || (SIZEOF (.vector_49) <= (_vector_spacing << 0x5))), function at exception vector 49 too large)

.vector_50      0x9fc01840        0x0
 *(.vector_50)
                0x00000001                ASSERT (((_vector_spacing == 0x0) || (SIZEOF (.vector_50) <= (_vector_spacing << 0x5))), function at exception vector 50 too large)

.vector_51      0x9fc01860        0x0
 *(.vector_51)
                0x00000001                ASSERT (((_vector_spacing == 0x0) || (SIZEOF (.vector_51) <= (_vector_spacing << 0x5))), function at exception vector 51 too large)

.vector_52      0x9fc01880        0x0
 *(.vector_52)
                0x00000001                ASSERT (((_vector_spacing == 0x0) || (SIZEOF (.vector_52) <= (_vector_spacing << 0x5))), function at exception vector 52 too large)

.vector_53      0x9fc018a0        0x0
 *(.vector_53)
                0x00000001                ASSERT (((_vector_spacing == 0x0) || (SIZEOF (.vector_53) <= (_vector_spacing << 0x5))), function at exception vector 53 too large)

.vector_54      0x9fc018c0        0x0
 *(.vector_54)
                0x00000001                ASSERT (((_vector_spacing == 0x0) || (SIZEOF (.vector_54) <= (_vector_spacing << 0x5))), function at exception vector 54 too large)

.vector_55      0x9fc018e0        0x0
 *(.vector_55)
                0x00000001                ASSERT (((_vector_spacing == 0x0) || (SIZEOF (.vector_55) <= (_vector_spacing << 0x5))), function at exception vector 55 too large)

.vector_56      0x9fc01900        0x0
 *(.vector_56)
                0x00000001                ASSERT (((_vector_spacing == 0x0) || (SIZEOF (.vector_56) <= (_vector_spacing << 0x5))), function at exception vector 56 too large)

.vector_57      0x9fc01920        0x0
 *(.vector_57)
                0x00000001                ASSERT (((_vector_spacing == 0x0) || (SIZEOF (.vector_57) <= (_vector_spacing << 0x5))), function at exception vector 57 too large)

.vector_58      0x9fc01940        0x0
 *(.vector_58)
                0x00000001                ASSERT (((_vector_spacing == 0x0) || (SIZEOF (.vector_58) <= (_vector_spacing << 0x5))), function at exception vector 58 too large)

.vector_59      0x9fc01960        0x0
 *(.vector_59)
                0x00000001                ASSERT (((_vector_spacing == 0x0) || (SIZEOF (.vector_59) <= (_vector_spacing << 0x5))), function at exception vector 59 too large)

.vector_60      0x9fc01980        0x0
 *(.vector_60)
                0x00000001                ASSERT (((_vector_spacing == 0x0) || (SIZEOF (.vector_60) <= (_vector_spacing << 0x5))), function at exception vector 60 too large)

.vector_61      0x9fc019a0        0x0
 *(.vector_61)
                0x00000001                ASSERT (((_vector_spacing == 0x0) || (SIZEOF (.vector_61) <= (_vector_spacing << 0x5))), function at exception vector 61 too large)

.vector_62      0x9fc019c0        0x0
 *(.vector_62)
                0x00000001                ASSERT (((_vector_spacing == 0x0) || (SIZEOF (.vector_62) <= (_vector_spacing << 0x5))), function at exception vector 62 too large)

.vector_63      0x9fc019e0        0x0
 *(.vector_63)
                0x00000001                ASSERT (((_vector_spacing == 0x0) || (SIZEOF (.vector_63) <= (_vector_spacing << 0x5))), function at exception vector 63 too large)

.startup
 *(.startup)

.text           0x9d000000        0x0
 *(.stub .gnu.linkonce.t.*)
 *(.text.*personality*)
 *(.mips16.fn.*)
 *(.mips16.call.*)
 *(.gnu.warning)
                0x9d000000                . = ALIGN (0x4)

.init           0x9d000000        0x0
 *crti.o(.init)
 *crtbegin.o(.init)
 *(EXCLUDE_FILE(*crtn.o *crtend?.o *crtend.o) .init)
 *crtend.o(.init)
 *crtn.o(.init)
                0x9d000000                . = ALIGN (0x4)

.fini           0x9d000000        0x0
 *(.fini)
                0x9d000000                . = ALIGN (0x4)

.preinit_array  0x9d000000        0x0
                0x9d000000                PROVIDE (__preinit_array_start, .)
 *(.preinit_array)
                0x9d000000                PROVIDE (__preinit_array_end, .)
                0x9d000000                . = ALIGN (0x4)

.init_array     0x9d000000        0x0
                0x9d000000                PROVIDE (__init_array_start, .)
 *(SORT(.init_array.*))
 *(.init_array)
                0x9d000000                PROVIDE (__init_array_end, .)
                0x9d000000                . = ALIGN (0x4)

.fini_array     0x9d000000        0x0
                0x9d000000                PROVIDE (__fini_array_start, .)
 *(SORT(.fini_array.*))
 *(.fini_array)
                0x9d000000                PROVIDE (__fini_array_end, .)
                0x9d000000                . = ALIGN (0x4)

.ctors          0x9d000000        0x0
 *crtbegin.o(.ctors)
 *crtbegin?.o(.ctors)
 *(EXCLUDE_FILE(*crtend?.o *crtend.o) .ctors)
 *(SORT(.ctors.*))
 *(.ctors)
                0x9d000000                . = ALIGN (0x4)

.dtors          0x9d000000        0x0
 *crtbegin.o(.dtors)
 *crtbegin?.o(.dtors)
 *(EXCLUDE_FILE(*crtend?.o *crtend.o) .dtors)
 *(SORT(.dtors.*))
 *(.dtors)
                0x9d000000                . = ALIGN (0x4)

.rodata         0x9d000000        0x0
 *(.gnu.linkonce.r.*)
 *(.rodata1)
                0x9d000000                . = ALIGN (0x4)

.sdata2         0x9fc00490        0x0
 *(.sdata2 .sdata2.* .gnu.linkonce.s2.*)
                0x9fc00490                . = ALIGN (0x4)

.sbss2          0x9fc00490        0x0
 *(.sbss2 .sbss2.* .gnu.linkonce.sb2.*)
                0x9fc00490                . = ALIGN (0x4)

.eh_frame_hdr
 *(.eh_frame_hdr)
                0x9fc00490                . = ALIGN (0x4)

.eh_frame
 *(.eh_frame)
                0x9fc00490                . = ALIGN (0x4)

.gcc_except_table
 *(.gcc_except_table .gcc_except_table.*)
                0x9fc00490                . = ALIGN (0x4)

.dbg_data       0xa0000000        0x0
                0xa0000000                . = (. + DEFINED (_DEBUGGER)?0x200:0x0)

.jcr            0xa0000000        0x0
 *(.jcr)
                0xa0000000                . = ALIGN (0x4)

.eh_frame
 *(.eh_frame)
                0xa0000000                . = ALIGN (0x4)

.gcc_except_table
 *(.gcc_except_table .gcc_except_table.*)
                0xa0000000                . = ALIGN (0x4)

.persist        0xa0000000        0x0
                0xa0000000                _persist_begin = .
 *(.persist .persist.*)
 *(.pbss .pbss.*)
                0xa0000000                . = ALIGN (0x4)
                0xa0000000                _persist_end = .

.data           0xa0000000        0x0
 *(.gnu.linkonce.d.*)
 *(.data1)
                0xa0000000                . = ALIGN (0x4)
                0xa0000000                . = .
                0xa0007ff0                _gp = (ALIGN (0x10) + 0x7ff0)

.got            0xa0000000        0x0
 *(.got.plt)
 *(.got)
                0xa0000000                . = ALIGN (0x4)

.sdata          0xa0000000       0x38
                0xa0000000                _sdata_begin = .
 *(.sdata .sdata.* .gnu.linkonce.s.*)
 .sdata         0xa0000000        0xb build/default/debug/_ext/996065237/drv_encx24j600_spi_bus.o
 *fill*         0xa000000b        0x1 
 .sdata         0xa000000c        0x2 build/default/debug/_ext/1728422854/drv_encx24j600_tx_packet.o
                0xa000000c                lastPacketAddr
 *fill*         0xa000000e        0x2 
 .sdata         0xa0000010        0x8 build/default/debug/_ext/26143033/arp.o
 .sdata         0xa0000018        0x4 build/default/debug/_ext/26143033/tcpip_manager.o
 .sdata         0xa000001c        0xc build/default/debug/_ext/1688732426/system_init.o
                0xa000001c                consUsartInit0
                0xa0000024                sysConsoleObjects
 .sdata         0xa0000028        0x8 build/default/debug/_ext/1360937237/UDP_app.o
 .sdata         0xa0000030        0x4 /opt/microchip/xc32/v2.50/bin/bin/../../lib/gcc/pic32mx/4.8.3/../../../../pic32mx/lib/liblega-c.a(_iobdata.o)
                0xa0000030                _libc_data
 .sdata         0xa0000034        0x4 /opt/microchip/xc32/v2.50/bin/bin/../../lib/gcc/pic32mx/4.8.3/../../../../pic32mx/lib/libpic32.a(xc32_uart.o)
                0xa0000034                __XC_UART
                0xa0000038                . = ALIGN (0x4)
                0xa0000038                _sdata_end = .

.lit8
 *(.lit8)

.lit4
 *(.lit4)
                0xa0000038                . = ALIGN (0x4)
                0xa0000038                _data_end = .
                0xa0000038                _bss_begin = .

.sbss           0xa0000038       0xe8
                0xa0000038                _sbss_begin = .
 *(.dynsbss)
 *(.sbss .sbss.* .gnu.linkonce.sb.*)
 .sbss          0xa0000038        0x1 build/default/debug/_ext/1360937237/ssd.o
 *fill*         0xa0000039        0x3 
 .sbss          0xa000003c        0x8 build/default/debug/_ext/1360937237/accel.o
                0xa0000040                count
                0xa0000042                accel_packet_ready
 .sbss          0xa0000044        0x1 build/default/debug/_ext/996065237/drv_encx24j600_spi_bus.o
 *fill*         0xa0000045        0x3 
 .sbss          0xa0000048        0xc build/default/debug/_ext/820865379/drv_encx24j600_api.o
 .sbss          0xa0000054        0x1 build/default/debug/_ext/915312864/drv_spi.o
 *fill*         0xa0000055        0x3 
 .sbss          0xa0000058        0x4 build/default/debug/_ext/1298913485/drv_tmr.o
 .sbss          0xa000005c        0x2 build/default/debug/_ext/327000265/drv_usart_static_buffer_queue.o
 *fill*         0xa000005e        0x2 
 .sbss          0xa0000060       0x10 build/default/debug/_ext/2001008086/sys_command.o
 .sbss          0xa0000070       0x1c build/default/debug/_ext/26143033/ipv4.o
                0xa0000070                _IPv4StayAssertLoop
 .sbss          0xa000008c       0x1c build/default/debug/_ext/26143033/udp.o
 .sbss          0xa00000a8       0x24 build/default/debug/_ext/26143033/tcpip_manager.o
 .sbss          0xa00000cc        0x8 build/default/debug/_ext/26143033/tcpip_packet.o
 .sbss          0xa00000d4        0x8 build/default/debug/_ext/1688732426/system_init.o
                0xa00000d4                sysCmdInit
 .sbss          0xa00000dc        0x6 build/default/debug/_ext/1360937237/app_commands.o
                0xa00000dc                UDP_bytes_received
                0xa00000de                UDP_bytes_to_send
                0xa00000e0                UDP_Receive_Packet
                0xa00000e1                UDP_Send_Packet
 *fill*         0xa00000e2        0x2 
 .sbss          0xa00000e4        0xc build/default/debug/_ext/1360937237/main.o
                0xa00000e4                packetnumber
 .sbss          0xa00000f0        0x4 /opt/microchip/xc32/v2.50/bin/bin/../../lib/gcc/pic32mx/4.8.3/../../../../pic32mx/lib/liblega-c.a(errno.o)
                0xa00000f0                errno
 *(.scommon)
 .scommon       0xa00000f4        0x4 build/default/debug/_ext/1360937237/ssd.o
                0xa00000f4                digits
 .scommon       0xa00000f8        0xb build/default/debug/_ext/1360937237/accel.o
                0xa00000f8                fGRangeLSB
                0xa00000fc                accel_buffer
                0xa0000102                accel_data_ready
 .scommon       0xa0000103        0x3 build/default/debug/rgbled.o
                0xa0000103                bColR
                0xa0000104                bColG
                0xa0000105                bColB
 *fill*         0xa0000106        0x2 
 .scommon       0xa0000108        0x8 build/default/debug/_ext/340578644/sys_devcon.o
                0xa0000108                sysDevconObj
 .scommon       0xa0000110        0x6 build/default/debug/_ext/1360937237/app_commands.o
                0xa0000110                UDP_Port_Buffer
 *fill*         0xa0000116        0x2 
 .scommon       0xa0000118        0x8 build/default/debug/_ext/1360937237/main.o
                0xa0000118                mainData
                0xa0000120                _sbss_end = .
                0xa0000120                . = ALIGN (0x4)

.bss            0xa0000120     0x5e30
 *(.dynbss)
 *(COMMON)
 COMMON         0xa0000120      0x1e0 build/default/debug/_ext/1360937237/accel.o
                0xa0000120                packet_accel_buffer
 COMMON         0xa0000300       0x20 build/default/debug/_ext/327000265/drv_usart_static.o
                0xa0000300                gDrvUSART0Obj
 COMMON         0xa0000320     0x4800 build/default/debug/_ext/327000265/drv_usart_static_buffer_queue.o
                0xa0000320                gDrvUSARTBufferObj
 COMMON         0xa0004b20       0x18 build/default/debug/_ext/1688732426/system_init.o
                0xa0004b20                sysObj
 COMMON         0xa0004b38     0x13f9 build/default/debug/_ext/1360937237/app_commands.o
                0xa0004b38                UDP_Server_Receive_Buffer
                0xa000513c                UDP_Hostname_Buffer
                0xa000523c                UDP_Send_Buffer
                0xa0005840                bufferArea
                0xa0005930                UDP_Receive_Buffer
 *fill*         0xa0005f31        0x7 
 COMMON         0xa0005f38       0x18 build/default/debug/_ext/1360937237/UDP_app.o
                0xa0005f38                appData
                0xa0005f50                . = ALIGN ((. != 0x0)?0x4:0x1)
                0xa0005f50                . = ALIGN (0x4)
                0xa0005f50                _end = .
                0xa0005f50                _bss_end = .
                0x00020000                _bmxdudba_address = 0x20000
                0x00020000                _bmxdupba_address = 0x20000

/DISCARD/
 *(.pdr)
 *(.rel.dyn)
 *(.note.GNU-stack)
 *(.note.GNU-stack)
 *(.gnu_debuglink)
 *(.gnu.lto_*)
 *(.discard)

.gptab.sdata
 *(.gptab.data)
 *(.gptab.sdata)

.gptab.sbss
 *(.gptab.bss)
 *(.gptab.sbss)

.mdebug.abi32   0xa0005f50        0x0
 *(.mdebug.abi32)
 .mdebug.abi32  0xa0005f50        0x0 build/default/debug/_ext/1360937237/led.o
 .mdebug.abi32  0xa0005f50        0x0 build/default/debug/_ext/1360937237/ssd.o
 .mdebug.abi32  0xa0005f50        0x0 build/default/debug/_ext/1360937237/accel.o
 .mdebug.abi32  0xa0005f50        0x0 build/default/debug/_ext/1360937237/i2c.o
 .mdebug.abi32  0xa0005f50        0x0 build/default/debug/_ext/1360937237/lcd.o
 .mdebug.abi32  0xa0005f50        0x0 build/default/debug/rgbled.o
 .mdebug.abi32  0xa0005f50        0x0 build/default/debug/_ext/996065237/drv_encx24j600_spi_bus.o
 .mdebug.abi32  0xa0005f50        0x0 build/default/debug/_ext/1600828880/drv_encx24j600_closed_state.o
 .mdebug.abi32  0xa0005f50        0x0 build/default/debug/_ext/472602724/drv_encx24j600_initialization_state.o
 .mdebug.abi32  0xa0005f50        0x0 build/default/debug/_ext/472602724/drv_encx24j600_configure_state.o
 .mdebug.abi32  0xa0005f50        0x0 build/default/debug/_ext/472602724/drv_encx24j600_detect_state.o
 .mdebug.abi32  0xa0005f50        0x0 build/default/debug/_ext/472602724/drv_encx24j600_reset_state.o
 .mdebug.abi32  0xa0005f50        0x0 build/default/debug/_ext/1728422854/drv_encx24j600_tx_packet.o
 .mdebug.abi32  0xa0005f50        0x0 build/default/debug/_ext/1728422854/drv_encx24j600_rx_packet.o
 .mdebug.abi32  0xa0005f50        0x0 build/default/debug/_ext/999618079/drv_encx24j600_running_state.o
 .mdebug.abi32  0xa0005f50        0x0 build/default/debug/_ext/999618079/drv_encx24j600_change_duplex_state.o
 .mdebug.abi32  0xa0005f50        0x0 build/default/debug/_ext/999618079/drv_encx24j600_check_int_state.o
 .mdebug.abi32  0xa0005f50        0x0 build/default/debug/_ext/999618079/drv_encx24j600_check_status_state.o
 .mdebug.abi32  0xa0005f50        0x0 build/default/debug/_ext/999618079/drv_encx24j600_check_tx_status_state.o
 .mdebug.abi32  0xa0005f50        0x0 build/default/debug/_ext/999618079/drv_encx24j600_reset_rx_state.o
 .mdebug.abi32  0xa0005f50        0x0 build/default/debug/_ext/820865379/drv_encx24j600_api.o
 .mdebug.abi32  0xa0005f50        0x0 build/default/debug/_ext/820865379/drv_encx24j600_main_state.o
 .mdebug.abi32  0xa0005f50        0x0 build/default/debug/_ext/820865379/drv_encx24j600_utils.o
 .mdebug.abi32  0xa0005f50        0x0 build/default/debug/_ext/977502197/drv_spi_tasks.o
 .mdebug.abi32  0xa0005f50        0x0 build/default/debug/_ext/977502197/drv_spi_api.o
 .mdebug.abi32  0xa0005f50        0x0 build/default/debug/_ext/977502197/drv_spi_master_ebm_tasks.o
 .mdebug.abi32  0xa0005f50        0x0 build/default/debug/_ext/915312864/drv_spi.o
 .mdebug.abi32  0xa0005f50        0x0 build/default/debug/_ext/2077795248/drv_spi_sys_queue_fifo.o
 .mdebug.abi32  0xa0005f50        0x0 build/default/debug/_ext/1298913485/drv_tmr.o
 .mdebug.abi32  0xa0005f50        0x0 build/default/debug/_ext/327000265/drv_usart_mapping.o
 .mdebug.abi32  0xa0005f50        0x0 build/default/debug/_ext/327000265/drv_usart_static.o
 .mdebug.abi32  0xa0005f50        0x0 build/default/debug/_ext/327000265/drv_usart_static_buffer_queue.o
 .mdebug.abi32  0xa0005f50        0x0 build/default/debug/_ext/327000265/drv_usart_static_read_write.o
 .mdebug.abi32  0xa0005f50        0x0 build/default/debug/_ext/639803181/sys_clk_pic32mx.o
 .mdebug.abi32  0xa0005f50        0x0 build/default/debug/_ext/2001008086/sys_command.o
 .mdebug.abi32  0xa0005f50        0x0 build/default/debug/_ext/1544295906/sys_console.o
 .mdebug.abi32  0xa0005f50        0x0 build/default/debug/_ext/1544295906/sys_console_uart.o
 .mdebug.abi32  0xa0005f50        0x0 build/default/debug/_ext/340578644/sys_devcon.o
 .mdebug.abi32  0xa0005f50        0x0 build/default/debug/_ext/340578644/sys_devcon_pic32mx.o
 .mdebug.abi32  0xa0005f50        0x0 build/default/debug/_ext/1735427962/sys_int_pic32.o
 .mdebug.abi32  0xa0005f50        0x0 build/default/debug/_ext/822048611/sys_ports_static.o
 .mdebug.abi32  0xa0005f50        0x0 build/default/debug/_ext/327917790/sys_random.o
 .mdebug.abi32  0xa0005f50        0x0 build/default/debug/_ext/68765530/sys_reset.o
 .mdebug.abi32  0xa0005f50        0x0 build/default/debug/_ext/1417409628/sys_tmr.o
 .mdebug.abi32  0xa0005f50        0x0 build/default/debug/_ext/1881663949/helpers.o
 .mdebug.abi32  0xa0005f50        0x0 build/default/debug/_ext/26143033/ipv4.o
 .mdebug.abi32  0xa0005f50        0x0 build/default/debug/_ext/26143033/udp.o
 .mdebug.abi32  0xa0005f50        0x0 build/default/debug/_ext/26143033/tcpip_heap_alloc.o
 .mdebug.abi32  0xa0005f50        0x0 build/default/debug/_ext/26143033/tcpip_heap_internal.o
 .mdebug.abi32  0xa0005f50        0x0 build/default/debug/_ext/26143033/arp.o
 .mdebug.abi32  0xa0005f50        0x0 build/default/debug/_ext/26143033/dns.o
 .mdebug.abi32  0xa0005f50        0x0 build/default/debug/_ext/26143033/hash_fnv.o
 .mdebug.abi32  0xa0005f50        0x0 build/default/debug/_ext/26143033/oahash.o
 .mdebug.abi32  0xa0005f50        0x0 build/default/debug/_ext/26143033/tcpip_helpers.o
 .mdebug.abi32  0xa0005f50        0x0 build/default/debug/_ext/26143033/tcpip_manager.o
 .mdebug.abi32  0xa0005f50        0x0 build/default/debug/_ext/26143033/tcpip_notify.o
 .mdebug.abi32  0xa0005f50        0x0 build/default/debug/_ext/26143033/tcpip_packet.o
 .mdebug.abi32  0xa0005f50        0x0 build/default/debug/_ext/1688732426/system_init.o
 .mdebug.abi32  0xa0005f50        0x0 build/default/debug/_ext/1688732426/system_interrupt.o
 .mdebug.abi32  0xa0005f50        0x0 build/default/debug/_ext/1688732426/system_tasks.o
 .mdebug.abi32  0xa0005f50        0x0 build/default/debug/_ext/1360937237/app_commands.o
 .mdebug.abi32  0xa0005f50        0x0 build/default/debug/_ext/1360937237/UDP_app.o
 .mdebug.abi32  0xa0005f50        0x0 build/default/debug/_ext/1360937237/main.o
 .mdebug.abi32  0xa0005f50        0x0 /opt/microchip/xc32/v2.50/bin/bin/../../lib/gcc/pic32mx/4.8.3/libgcc.a(_udivdi3.o)
 .mdebug.abi32  0xa0005f50        0x0 /opt/microchip/xc32/v2.50/bin/bin/../../lib/gcc/pic32mx/4.8.3/libgcc.a(floatunsisf.o)
 .mdebug.abi32  0xa0005f50        0x0 /opt/microchip/xc32/v2.50/bin/bin/../../lib/gcc/pic32mx/4.8.3/../../../../pic32mx/lib/libpic32.a(default-bootstrap-exception-handler.o)
 .mdebug.abi32  0xa0005f50        0x0 /opt/microchip/xc32/v2.50/bin/bin/../../lib/gcc/pic32mx/4.8.3/../../../../pic32mx/lib/libpic32.a(default-on-reset.o)
 .mdebug.abi32  0xa0005f50        0x0 /opt/microchip/xc32/v2.50/bin/bin/../../lib/gcc/pic32mx/4.8.3/../../../../pic32mx/lib/libpic32.a(default-on-bootstrap.o)
 .mdebug.abi32  0xa0005f50        0x0 /opt/microchip/xc32/v2.50/bin/bin/../../lib/gcc/pic32mx/4.8.3/../../../../pic32mx/lib/libpic32.a(default-general-exception-handler.o)
 .mdebug.abi32  0xa0005f50        0x0 /opt/microchip/xc32/v2.50/bin/bin/../../lib/gcc/pic32mx/4.8.3/../../../../pic32mx/lib/libpic32.a(defaultinterrupt.o)
 .mdebug.abi32  0xa0005f50        0x0 /opt/microchip/xc32/v2.50/bin/bin/../../lib/gcc/pic32mx/4.8.3/../../../../pic32mx/lib/liblega-c.a(strncpy.o)
 .mdebug.abi32  0xa0005f50        0x0 /opt/microchip/xc32/v2.50/bin/bin/../../lib/gcc/pic32mx/4.8.3/../../../../pic32mx/lib/liblega-c.a(ctype.o)
 .mdebug.abi32  0xa0005f50        0x0 /opt/microchip/xc32/v2.50/bin/bin/../../lib/gcc/pic32mx/4.8.3/../../../../pic32mx/lib/liblega-c.a(ctypef.o)
 .mdebug.abi32  0xa0005f50        0x0 /opt/microchip/xc32/v2.50/bin/bin/../../lib/gcc/pic32mx/4.8.3/../../../../pic32mx/lib/liblega-c.a(malloc.o)
 .mdebug.abi32  0xa0005f50        0x0 /opt/microchip/xc32/v2.50/bin/bin/../../lib/gcc/pic32mx/4.8.3/../../../../pic32mx/lib/liblega-c.a(malloc_calloc.o)
 .mdebug.abi32  0xa0005f50        0x0 /opt/microchip/xc32/v2.50/bin/bin/../../lib/gcc/pic32mx/4.8.3/../../../../pic32mx/lib/liblega-c.a(rand.o)
 .mdebug.abi32  0xa0005f50        0x0 /opt/microchip/xc32/v2.50/bin/bin/../../lib/gcc/pic32mx/4.8.3/../../../../pic32mx/lib/liblega-c.a(errno.o)
 .mdebug.abi32  0xa0005f50        0x0 /opt/microchip/xc32/v2.50/bin/bin/../../lib/gcc/pic32mx/4.8.3/../../../../pic32mx/lib/liblega-c.a(strtol.o)
 .mdebug.abi32  0xa0005f50        0x0 /opt/microchip/xc32/v2.50/bin/bin/../../lib/gcc/pic32mx/4.8.3/../../../../pic32mx/lib/liblega-c.a(sprintf_cdnopsuxX.eo)
 .mdebug.abi32  0xa0005f50        0x0 /opt/microchip/xc32/v2.50/bin/bin/../../lib/gcc/pic32mx/4.8.3/../../../../pic32mx/lib/liblega-c.a(snprintf_cdnopsuxX.eo)
 .mdebug.abi32  0xa0005f50        0x0 /opt/microchip/xc32/v2.50/bin/bin/../../lib/gcc/pic32mx/4.8.3/../../../../pic32mx/lib/liblega-c.a(vsnprintf.o)
 .mdebug.abi32  0xa0005f50        0x0 /opt/microchip/xc32/v2.50/bin/bin/../../lib/gcc/pic32mx/4.8.3/../../../../pic32mx/lib/liblega-c.a(stubs.o)
 .mdebug.abi32  0xa0005f50        0x0 /opt/microchip/xc32/v2.50/bin/bin/../../lib/gcc/pic32mx/4.8.3/../../../../pic32mx/lib/liblega-c.a(_doprnt_cdnopsuxX.eo)
 .mdebug.abi32  0xa0005f50        0x0 /opt/microchip/xc32/v2.50/bin/bin/../../lib/gcc/pic32mx/4.8.3/../../../../pic32mx/lib/liblega-c.a(_doprnt.o)
 .mdebug.abi32  0xa0005f50        0x0 /opt/microchip/xc32/v2.50/bin/bin/../../lib/gcc/pic32mx/4.8.3/../../../../pic32mx/lib/liblega-c.a(_iobdata.o)
 .mdebug.abi32  0xa0005f50        0x0 /opt/microchip/xc32/v2.50/bin/bin/../../lib/gcc/pic32mx/4.8.3/../../../../pic32mx/lib/liblega-c.a(_iobfuncs.o)
 .mdebug.abi32  0xa0005f50        0x0 /opt/microchip/xc32/v2.50/bin/bin/../../lib/gcc/pic32mx/4.8.3/../../../../pic32mx/lib/liblega-c.a(_iobstring.o)
 .mdebug.abi32  0xa0005f50        0x0 /opt/microchip/xc32/v2.50/bin/bin/../../lib/gcc/pic32mx/4.8.3/../../../../pic32mx/lib/liblega-c.a(fputc.o)
 .mdebug.abi32  0xa0005f50        0x0 /opt/microchip/xc32/v2.50/bin/bin/../../lib/gcc/pic32mx/4.8.3/libgcc.a(_umoddi3.o)
 .mdebug.abi32  0xa0005f50        0x0 /opt/microchip/xc32/v2.50/bin/bin/../../lib/gcc/pic32mx/4.8.3/../../../../pic32mx/lib/libpic32.a(sbrk.o)
 .mdebug.abi32  0xa0005f50        0x0 /opt/microchip/xc32/v2.50/bin/bin/../../lib/gcc/pic32mx/4.8.3/../../../../pic32mx/lib/libpic32.a(_mon_getc.o)
 .mdebug.abi32  0xa0005f50        0x0 /opt/microchip/xc32/v2.50/bin/bin/../../lib/gcc/pic32mx/4.8.3/../../../../pic32mx/lib/libpic32.a(_mon_write.o)
 .mdebug.abi32  0xa0005f50        0x0 /opt/microchip/xc32/v2.50/bin/bin/../../lib/gcc/pic32mx/4.8.3/../../../../pic32mx/lib/libpic32.a(xc32_uart.o)
 .mdebug.abi32  0xa0005f50        0x0 /opt/microchip/xc32/v2.50/bin/bin/../../lib/gcc/pic32mx/4.8.3/../../../../pic32mx/lib/libpic32.a(_mon_putc.o)

.mdebug.abiN32
 *(.mdebug.abiN32)

.mdebug.abi64
 *(.mdebug.abi64)

.mdebug.abiO64
 *(.mdebug.abiO64)

.mdebug.eabi32
 *(.mdebug.eabi32)

.mdebug.eabi64
 *(.mdebug.eabi64)

.gcc_compiled_long32
 *(.gcc_compiled_long32)

.gcc_compiled_long64
 *(.gcc_compiled_long64)

.stab
 *(.stab)

.stabstr
 *(.stabstr)

.stab.excl
 *(.stab.excl)

.stab.exclstr
 *(.stab.exclstr)

.stab.index
 *(.stab.index)

.stab.indexstr
 *(.stab.indexstr)

.comment        0x00000000      0x5a6
 *(.comment)
 .comment       0x00000000       0x3c build/default/debug/_ext/1360937237/led.o
                                 0x3d (size before relaxing)
 .comment       0x00000000       0x3d build/default/debug/_ext/1360937237/ssd.o
 .comment       0x00000000       0x3d build/default/debug/_ext/1360937237/accel.o
 .comment       0x00000000       0x3d build/default/debug/_ext/1360937237/i2c.o
 .comment       0x00000000       0x3d build/default/debug/_ext/1360937237/lcd.o
 .comment       0x00000000       0x3d build/default/debug/rgbled.o
 .comment       0x00000000       0x3d build/default/debug/_ext/996065237/drv_encx24j600_spi_bus.o
 .comment       0x00000000       0x3d build/default/debug/_ext/1600828880/drv_encx24j600_closed_state.o
 .comment       0x00000000       0x3d build/default/debug/_ext/472602724/drv_encx24j600_initialization_state.o
 .comment       0x00000000       0x3d build/default/debug/_ext/472602724/drv_encx24j600_configure_state.o
 .comment       0x00000000       0x3d build/default/debug/_ext/472602724/drv_encx24j600_detect_state.o
 .comment       0x00000000       0x3d build/default/debug/_ext/472602724/drv_encx24j600_reset_state.o
 .comment       0x00000000       0x3d build/default/debug/_ext/1728422854/drv_encx24j600_tx_packet.o
 .comment       0x00000000       0x3d build/default/debug/_ext/1728422854/drv_encx24j600_rx_packet.o
 .comment       0x00000000       0x3d build/default/debug/_ext/999618079/drv_encx24j600_running_state.o
 .comment       0x00000000       0x3d build/default/debug/_ext/999618079/drv_encx24j600_change_duplex_state.o
 .comment       0x00000000       0x3d build/default/debug/_ext/999618079/drv_encx24j600_check_int_state.o
 .comment       0x00000000       0x3d build/default/debug/_ext/999618079/drv_encx24j600_check_status_state.o
 .comment       0x00000000       0x3d build/default/debug/_ext/999618079/drv_encx24j600_check_tx_status_state.o
 .comment       0x00000000       0x3d build/default/debug/_ext/999618079/drv_encx24j600_reset_rx_state.o
 .comment       0x00000000       0x3d build/default/debug/_ext/820865379/drv_encx24j600_api.o
 .comment       0x00000000       0x3d build/default/debug/_ext/820865379/drv_encx24j600_main_state.o
 .comment       0x00000000       0x3d build/default/debug/_ext/820865379/drv_encx24j600_utils.o
 .comment       0x00000000       0x3d build/default/debug/_ext/977502197/drv_spi_tasks.o
 .comment       0x00000000       0x3d build/default/debug/_ext/977502197/drv_spi_api.o
 .comment       0x00000000       0x3d build/default/debug/_ext/977502197/drv_spi_master_ebm_tasks.o
 .comment       0x00000000       0x3d build/default/debug/_ext/915312864/drv_spi.o
 .comment       0x00000000       0x3d build/default/debug/_ext/2077795248/drv_spi_sys_queue_fifo.o
 .comment       0x00000000       0x3d build/default/debug/_ext/1298913485/drv_tmr.o
 .comment       0x00000000       0x3d build/default/debug/_ext/327000265/drv_usart_mapping.o
 .comment       0x00000000       0x3d build/default/debug/_ext/327000265/drv_usart_static.o
 .comment       0x00000000       0x3d build/default/debug/_ext/327000265/drv_usart_static_buffer_queue.o
 .comment       0x00000000       0x3d build/default/debug/_ext/327000265/drv_usart_static_read_write.o
 .comment       0x00000000       0x3d build/default/debug/_ext/639803181/sys_clk_pic32mx.o
 .comment       0x00000000       0x3d build/default/debug/_ext/2001008086/sys_command.o
 .comment       0x00000000       0x3d build/default/debug/_ext/1544295906/sys_console.o
 .comment       0x00000000       0x3d build/default/debug/_ext/1544295906/sys_console_uart.o
 .comment       0x00000000       0x3d build/default/debug/_ext/340578644/sys_devcon.o
 .comment       0x00000000       0x3d build/default/debug/_ext/340578644/sys_devcon_pic32mx.o
 .comment       0x00000000       0x3d build/default/debug/_ext/1735427962/sys_int_pic32.o
 .comment       0x00000000       0x3d build/default/debug/_ext/822048611/sys_ports_static.o
 .comment       0x00000000       0x3d build/default/debug/_ext/327917790/sys_random.o
 .comment       0x00000000       0x3d build/default/debug/_ext/68765530/sys_reset.o
 .comment       0x00000000       0x3d build/default/debug/_ext/1417409628/sys_tmr.o
 .comment       0x00000000       0x3d build/default/debug/_ext/1881663949/helpers.o
 .comment       0x00000000       0x3d build/default/debug/_ext/26143033/ipv4.o
 .comment       0x00000000       0x3d build/default/debug/_ext/26143033/udp.o
 .comment       0x00000000       0x3d build/default/debug/_ext/26143033/tcpip_heap_alloc.o
 .comment       0x00000000       0x3d build/default/debug/_ext/26143033/tcpip_heap_internal.o
 .comment       0x00000000       0x3d build/default/debug/_ext/26143033/arp.o
 .comment       0x00000000       0x3d build/default/debug/_ext/26143033/dns.o
 .comment       0x00000000       0x3d build/default/debug/_ext/26143033/hash_fnv.o
 .comment       0x00000000       0x3d build/default/debug/_ext/26143033/oahash.o
 .comment       0x00000000       0x3d build/default/debug/_ext/26143033/tcpip_helpers.o
 .comment       0x00000000       0x3d build/default/debug/_ext/26143033/tcpip_manager.o
 .comment       0x00000000       0x3d build/default/debug/_ext/26143033/tcpip_notify.o
 .comment       0x00000000       0x3d build/default/debug/_ext/26143033/tcpip_packet.o
 .comment       0x00000000       0x3d build/default/debug/_ext/1688732426/system_init.o
 .comment       0x00000000       0x3d build/default/debug/_ext/1688732426/system_interrupt.o
 .comment       0x00000000       0x3d build/default/debug/_ext/1688732426/system_tasks.o
 .comment       0x00000000       0x3d build/default/debug/_ext/1360937237/app_commands.o
 .comment       0x00000000       0x3d build/default/debug/_ext/1360937237/UDP_app.o
 .comment       0x00000000       0x3d build/default/debug/_ext/1360937237/main.o
 .comment       0x00000000       0x3d /opt/microchip/xc32/v2.50/bin/bin/../../lib/gcc/pic32mx/4.8.3/libgcc.a(_udivdi3.o)
 .comment       0x00000000       0x3d /opt/microchip/xc32/v2.50/bin/bin/../../lib/gcc/pic32mx/4.8.3/libgcc.a(floatunsisf.o)
 .comment       0x0000003c       0x18 /opt/microchip/xc32/v2.50/bin/bin/../../lib/gcc/pic32mx/4.8.3/../../../../pic32mx/lib/libpic32.a(memset.o)
                                 0x19 (size before relaxing)
 .comment       0x00000054       0x19 /opt/microchip/xc32/v2.50/bin/bin/../../lib/gcc/pic32mx/4.8.3/../../../../pic32mx/lib/libpic32.a(strcmp.o)
                                 0x1a (size before relaxing)
 .comment       0x0000006d       0x19 /opt/microchip/xc32/v2.50/bin/bin/../../lib/gcc/pic32mx/4.8.3/../../../../pic32mx/lib/libpic32.a(strcpy.o)
                                 0x1a (size before relaxing)
 .comment       0x00000086       0x19 /opt/microchip/xc32/v2.50/bin/bin/../../lib/gcc/pic32mx/4.8.3/../../../../pic32mx/lib/libpic32.a(strlen.o)
                                 0x1a (size before relaxing)
 .comment       0x00000000       0x3d /opt/microchip/xc32/v2.50/bin/bin/../../lib/gcc/pic32mx/4.8.3/../../../../pic32mx/lib/libpic32.a(default-bootstrap-exception-handler.o)
 .comment       0x00000000       0x3d /opt/microchip/xc32/v2.50/bin/bin/../../lib/gcc/pic32mx/4.8.3/../../../../pic32mx/lib/libpic32.a(default-on-reset.o)
 .comment       0x00000000       0x3d /opt/microchip/xc32/v2.50/bin/bin/../../lib/gcc/pic32mx/4.8.3/../../../../pic32mx/lib/libpic32.a(default-on-bootstrap.o)
 .comment       0x00000000       0x3d /opt/microchip/xc32/v2.50/bin/bin/../../lib/gcc/pic32mx/4.8.3/../../../../pic32mx/lib/libpic32.a(default-general-exception-handler.o)
 .comment       0x00000000       0x3d /opt/microchip/xc32/v2.50/bin/bin/../../lib/gcc/pic32mx/4.8.3/../../../../pic32mx/lib/libpic32.a(defaultinterrupt.o)
 .comment       0x0000009f       0x50 /opt/microchip/xc32/v2.50/bin/bin/../../lib/gcc/pic32mx/4.8.3/../../../../pic32mx/lib/liblega-c.a(strncpy.o)
                                 0x8d (size before relaxing)
 .comment       0x000000ef       0x4e /opt/microchip/xc32/v2.50/bin/bin/../../lib/gcc/pic32mx/4.8.3/../../../../pic32mx/lib/liblega-c.a(ctype.o)
                                 0x8b (size before relaxing)
 .comment       0x0000013d       0x4f /opt/microchip/xc32/v2.50/bin/bin/../../lib/gcc/pic32mx/4.8.3/../../../../pic32mx/lib/liblega-c.a(ctypef.o)
                                 0x8c (size before relaxing)
 .comment       0x00000000       0x3d /opt/microchip/xc32/v2.50/bin/bin/../../lib/gcc/pic32mx/4.8.3/../../../../pic32mx/lib/liblega-c.a(malloc.o)
 .comment       0x00000000       0x3d /opt/microchip/xc32/v2.50/bin/bin/../../lib/gcc/pic32mx/4.8.3/../../../../pic32mx/lib/liblega-c.a(malloc_calloc.o)
 .comment       0x0000018c       0x4d /opt/microchip/xc32/v2.50/bin/bin/../../lib/gcc/pic32mx/4.8.3/../../../../pic32mx/lib/liblega-c.a(rand.o)
                                 0x8a (size before relaxing)
 .comment       0x000001d9       0x4e /opt/microchip/xc32/v2.50/bin/bin/../../lib/gcc/pic32mx/4.8.3/../../../../pic32mx/lib/liblega-c.a(errno.o)
                                 0x8b (size before relaxing)
 .comment       0x00000227       0x4f /opt/microchip/xc32/v2.50/bin/bin/../../lib/gcc/pic32mx/4.8.3/../../../../pic32mx/lib/liblega-c.a(strtol.o)
                                 0x8c (size before relaxing)
 .comment       0x00000276       0x52 /opt/microchip/xc32/v2.50/bin/bin/../../lib/gcc/pic32mx/4.8.3/../../../../pic32mx/lib/liblega-c.a(sprintf_cdnopsuxX.eo)
                                 0x8f (size before relaxing)
 .comment       0x000002c8       0x53 /opt/microchip/xc32/v2.50/bin/bin/../../lib/gcc/pic32mx/4.8.3/../../../../pic32mx/lib/liblega-c.a(snprintf_cdnopsuxX.eo)
                                 0x90 (size before relaxing)
 .comment       0x0000031b       0x54 /opt/microchip/xc32/v2.50/bin/bin/../../lib/gcc/pic32mx/4.8.3/../../../../pic32mx/lib/liblega-c.a(vsnprintf.o)
                                 0x91 (size before relaxing)
 .comment       0x0000036f       0x4e /opt/microchip/xc32/v2.50/bin/bin/../../lib/gcc/pic32mx/4.8.3/../../../../pic32mx/lib/liblega-c.a(stubs.o)
                                 0x8b (size before relaxing)
 .comment       0x000003bd       0x52 /opt/microchip/xc32/v2.50/bin/bin/../../lib/gcc/pic32mx/4.8.3/../../../../pic32mx/lib/liblega-c.a(_doprnt_cdnopsuxX.eo)
                                 0x8f (size before relaxing)
 .comment       0x00000000       0x8f /opt/microchip/xc32/v2.50/bin/bin/../../lib/gcc/pic32mx/4.8.3/../../../../pic32mx/lib/liblega-c.a(_doprnt.o)
 .comment       0x0000040f       0x53 /opt/microchip/xc32/v2.50/bin/bin/../../lib/gcc/pic32mx/4.8.3/../../../../pic32mx/lib/liblega-c.a(_iobdata.o)
                                 0x90 (size before relaxing)
 .comment       0x00000462       0x54 /opt/microchip/xc32/v2.50/bin/bin/../../lib/gcc/pic32mx/4.8.3/../../../../pic32mx/lib/liblega-c.a(_iobfuncs.o)
                                 0x91 (size before relaxing)
 .comment       0x000004b6       0x55 /opt/microchip/xc32/v2.50/bin/bin/../../lib/gcc/pic32mx/4.8.3/../../../../pic32mx/lib/liblega-c.a(_iobstring.o)
                                 0x92 (size before relaxing)
 .comment       0x0000050b       0x50 /opt/microchip/xc32/v2.50/bin/bin/../../lib/gcc/pic32mx/4.8.3/../../../../pic32mx/lib/liblega-c.a(fputc.o)
                                 0x8d (size before relaxing)
 .comment       0x00000000       0x3d /opt/microchip/xc32/v2.50/bin/bin/../../lib/gcc/pic32mx/4.8.3/libgcc.a(_umoddi3.o)
 .comment       0x0000055b       0x4b /opt/microchip/xc32/v2.50/bin/bin/../../lib/gcc/pic32mx/4.8.3/../../../../pic32mx/lib/libpic32.a(sbrk.o)
                                 0x88 (size before relaxing)
 .comment       0x00000000       0x3d /opt/microchip/xc32/v2.50/bin/bin/../../lib/gcc/pic32mx/4.8.3/../../../../pic32mx/lib/libpic32.a(_mon_getc.o)
 .comment       0x00000000       0x3d /opt/microchip/xc32/v2.50/bin/bin/../../lib/gcc/pic32mx/4.8.3/../../../../pic32mx/lib/libpic32.a(_mon_write.o)
 .comment       0x00000000       0x3d /opt/microchip/xc32/v2.50/bin/bin/../../lib/gcc/pic32mx/4.8.3/../../../../pic32mx/lib/libpic32.a(xc32_uart.o)
 .comment       0x00000000       0x3d /opt/microchip/xc32/v2.50/bin/bin/../../lib/gcc/pic32mx/4.8.3/../../../../pic32mx/lib/libpic32.a(_mon_putc.o)

.debug
 *(.debug)

.line
 *(.line)

.debug_srcinfo
 *(.debug_srcinfo)

.debug_sfnames
 *(.debug_sfnames)

.debug_aranges  0x00000000     0x1fc0
 *(.debug_aranges)
 .debug_aranges
                0x00000000       0x40 build/default/debug/_ext/1360937237/led.o
 .debug_aranges
                0x00000040       0x58 build/default/debug/_ext/1360937237/ssd.o
 .debug_aranges
                0x00000098       0x70 build/default/debug/_ext/1360937237/accel.o
 .debug_aranges
                0x00000108       0x38 build/default/debug/_ext/1360937237/i2c.o
 .debug_aranges
                0x00000140       0xb0 build/default/debug/_ext/1360937237/lcd.o
 .debug_aranges
                0x000001f0       0x48 build/default/debug/rgbled.o
 .debug_aranges
                0x00000238      0x118 build/default/debug/_ext/996065237/drv_encx24j600_spi_bus.o
 .debug_aranges
                0x00000350       0x30 build/default/debug/_ext/1600828880/drv_encx24j600_closed_state.o
 .debug_aranges
                0x00000380       0x30 build/default/debug/_ext/472602724/drv_encx24j600_initialization_state.o
 .debug_aranges
                0x000003b0       0x30 build/default/debug/_ext/472602724/drv_encx24j600_configure_state.o
 .debug_aranges
                0x000003e0       0x30 build/default/debug/_ext/472602724/drv_encx24j600_detect_state.o
 .debug_aranges
                0x00000410       0x30 build/default/debug/_ext/472602724/drv_encx24j600_reset_state.o
 .debug_aranges
                0x00000440       0x30 build/default/debug/_ext/1728422854/drv_encx24j600_tx_packet.o
 .debug_aranges
                0x00000470       0x38 build/default/debug/_ext/1728422854/drv_encx24j600_rx_packet.o
 .debug_aranges
                0x000004a8       0x30 build/default/debug/_ext/999618079/drv_encx24j600_running_state.o
 .debug_aranges
                0x000004d8       0x30 build/default/debug/_ext/999618079/drv_encx24j600_change_duplex_state.o
 .debug_aranges
                0x00000508       0x30 build/default/debug/_ext/999618079/drv_encx24j600_check_int_state.o
 .debug_aranges
                0x00000538       0x30 build/default/debug/_ext/999618079/drv_encx24j600_check_status_state.o
 .debug_aranges
                0x00000568       0x30 build/default/debug/_ext/999618079/drv_encx24j600_check_tx_status_state.o
 .debug_aranges
                0x00000598       0x20 build/default/debug/_ext/999618079/drv_encx24j600_reset_rx_state.o
 .debug_aranges
                0x000005b8       0xd8 build/default/debug/_ext/820865379/drv_encx24j600_api.o
 .debug_aranges
                0x00000690       0x20 build/default/debug/_ext/820865379/drv_encx24j600_main_state.o
 .debug_aranges
                0x000006b0       0x28 build/default/debug/_ext/820865379/drv_encx24j600_utils.o
 .debug_aranges
                0x000006d8       0x20 build/default/debug/_ext/977502197/drv_spi_tasks.o
 .debug_aranges
                0x000006f8       0x28 build/default/debug/_ext/977502197/drv_spi_api.o
 .debug_aranges
                0x00000720       0x28 build/default/debug/_ext/977502197/drv_spi_master_ebm_tasks.o
 .debug_aranges
                0x00000748       0x98 build/default/debug/_ext/915312864/drv_spi.o
 .debug_aranges
                0x000007e0       0xd8 build/default/debug/_ext/2077795248/drv_spi_sys_queue_fifo.o
 .debug_aranges
                0x000008b8      0x110 build/default/debug/_ext/1298913485/drv_tmr.o
 .debug_aranges
                0x000009c8       0xc0 build/default/debug/_ext/327000265/drv_usart_mapping.o
 .debug_aranges
                0x00000a88       0xa0 build/default/debug/_ext/327000265/drv_usart_static.o
 .debug_aranges
                0x00000b28       0x48 build/default/debug/_ext/327000265/drv_usart_static_buffer_queue.o
 .debug_aranges
                0x00000b70       0x28 build/default/debug/_ext/327000265/drv_usart_static_read_write.o
 .debug_aranges
                0x00000b98       0x50 build/default/debug/_ext/639803181/sys_clk_pic32mx.o
 .debug_aranges
                0x00000be8       0xd0 build/default/debug/_ext/2001008086/sys_command.o
 .debug_aranges
                0x00000cb8       0x60 build/default/debug/_ext/1544295906/sys_console.o
 .debug_aranges
                0x00000d18       0x60 build/default/debug/_ext/1544295906/sys_console_uart.o
 .debug_aranges
                0x00000d78       0x78 build/default/debug/_ext/340578644/sys_devcon.o
 .debug_aranges
                0x00000df0       0x20 build/default/debug/_ext/340578644/sys_devcon_pic32mx.o
 .debug_aranges
                0x00000e10       0x48 build/default/debug/_ext/1735427962/sys_int_pic32.o
 .debug_aranges
                0x00000e58      0x148 build/default/debug/_ext/822048611/sys_ports_static.o
 .debug_aranges
                0x00000fa0       0x38 build/default/debug/_ext/327917790/sys_random.o
 .debug_aranges
                0x00000fd8       0x38 build/default/debug/_ext/68765530/sys_reset.o
 .debug_aranges
                0x00001010       0xd0 build/default/debug/_ext/1417409628/sys_tmr.o
 .debug_aranges
                0x000010e0       0x40 build/default/debug/_ext/1881663949/helpers.o
 .debug_aranges
                0x00001120       0xc0 build/default/debug/_ext/26143033/ipv4.o
 .debug_aranges
                0x000011e0      0x1b8 build/default/debug/_ext/26143033/udp.o
 .debug_aranges
                0x00001398       0x48 build/default/debug/_ext/26143033/tcpip_heap_alloc.o
 .debug_aranges
                0x000013e0       0x68 build/default/debug/_ext/26143033/tcpip_heap_internal.o
 .debug_aranges
                0x00001448      0x110 build/default/debug/_ext/26143033/arp.o
 .debug_aranges
                0x00001558       0x68 build/default/debug/_ext/26143033/dns.o
 .debug_aranges
                0x000015c0       0x28 build/default/debug/_ext/26143033/hash_fnv.o
 .debug_aranges
                0x000015e8       0x50 build/default/debug/_ext/26143033/oahash.o
 .debug_aranges
                0x00001638      0x210 build/default/debug/_ext/26143033/tcpip_helpers.o
 .debug_aranges
                0x00001848       0x20 build/default/debug/_ext/26143033/tcpip_helper_c32.o
 .debug_aranges
                0x00001868      0x378 build/default/debug/_ext/26143033/tcpip_manager.o
 .debug_aranges
                0x00001be0       0x40 build/default/debug/_ext/26143033/tcpip_notify.o
 .debug_aranges
                0x00001c20       0x78 build/default/debug/_ext/26143033/tcpip_packet.o
 .debug_aranges
                0x00001c98       0x28 build/default/debug/_ext/1688732426/system_init.o
 .debug_aranges
                0x00001cc0       0x38 build/default/debug/_ext/1688732426/system_interrupt.o
 .debug_aranges
                0x00001cf8       0x20 build/default/debug/_ext/1688732426/system_tasks.o
 .debug_aranges
                0x00001d18       0x38 build/default/debug/_ext/1360937237/app_commands.o
 .debug_aranges
                0x00001d50       0x48 build/default/debug/_ext/1360937237/UDP_app.o
 .debug_aranges
                0x00001d98       0x48 build/default/debug/_ext/1360937237/main.o
 .debug_aranges
                0x00001de0       0x40 /tmp/ccxm9Iyw.o
 .debug_aranges
                0x00001e20       0x20 /opt/microchip/xc32/v2.50/bin/bin/../../lib/gcc/pic32mx/4.8.3/libgcc.a(_udivdi3.o)
 .debug_aranges
                0x00001e40       0x20 /opt/microchip/xc32/v2.50/bin/bin/../../lib/gcc/pic32mx/4.8.3/libgcc.a(floatunsisf.o)
 .debug_aranges
                0x00001e60       0x20 /opt/microchip/xc32/v2.50/bin/bin/../../lib/gcc/pic32mx/4.8.3/../../../../pic32mx/lib/libpic32.a(default-bootstrap-exception-handler.o)
 .debug_aranges
                0x00001e80       0x20 /opt/microchip/xc32/v2.50/bin/bin/../../lib/gcc/pic32mx/4.8.3/../../../../pic32mx/lib/libpic32.a(default-on-reset.o)
 .debug_aranges
                0x00001ea0       0x20 /opt/microchip/xc32/v2.50/bin/bin/../../lib/gcc/pic32mx/4.8.3/../../../../pic32mx/lib/libpic32.a(default-on-bootstrap.o)
 .debug_aranges
                0x00001ec0       0x20 /opt/microchip/xc32/v2.50/bin/bin/../../lib/gcc/pic32mx/4.8.3/../../../../pic32mx/lib/libpic32.a(default-general-exception-handler.o)
 .debug_aranges
                0x00001ee0       0x20 /opt/microchip/xc32/v2.50/bin/bin/../../lib/gcc/pic32mx/4.8.3/../../../../pic32mx/lib/libpic32.a(defaultinterrupt.o)
 .debug_aranges
                0x00001f00       0x20 /opt/microchip/xc32/v2.50/bin/bin/../../lib/gcc/pic32mx/4.8.3/libgcc.a(_umoddi3.o)
 .debug_aranges
                0x00001f20       0x40 /opt/microchip/xc32/v2.50/bin/bin/../../lib/gcc/pic32mx/4.8.3/../../../../pic32mx/lib/libpic32.a(sbrk.o)
 .debug_aranges
                0x00001f60       0x20 /opt/microchip/xc32/v2.50/bin/bin/../../lib/gcc/pic32mx/4.8.3/../../../../pic32mx/lib/libpic32.a(_mon_getc.o)
 .debug_aranges
                0x00001f80       0x20 /opt/microchip/xc32/v2.50/bin/bin/../../lib/gcc/pic32mx/4.8.3/../../../../pic32mx/lib/libpic32.a(_mon_write.o)
 .debug_aranges
                0x00001fa0       0x20 /opt/microchip/xc32/v2.50/bin/bin/../../lib/gcc/pic32mx/4.8.3/../../../../pic32mx/lib/libpic32.a(_mon_putc.o)

.debug_pubnames
 *(.debug_pubnames)

.debug_info     0x00000000    0xfe0fb
 *(.debug_info .gnu.linkonce.wi.*)
 .debug_info    0x00000000      0x424 build/default/debug/_ext/1360937237/led.o
 .debug_info    0x00000424     0x2b2e build/default/debug/_ext/1360937237/ssd.o
 .debug_info    0x00002f52     0x1889 build/default/debug/_ext/1360937237/accel.o
 .debug_info    0x000047db      0x6a3 build/default/debug/_ext/1360937237/i2c.o
 .debug_info    0x00004e7e     0x15b3 build/default/debug/_ext/1360937237/lcd.o
 .debug_info    0x00006431     0x212a build/default/debug/rgbled.o
 .debug_info    0x0000855b     0x9dc8 build/default/debug/_ext/996065237/drv_encx24j600_spi_bus.o
 .debug_info    0x00012323     0x6c0f build/default/debug/_ext/1600828880/drv_encx24j600_closed_state.o
 .debug_info    0x00018f32     0x6ede build/default/debug/_ext/472602724/drv_encx24j600_initialization_state.o
 .debug_info    0x0001fe10     0x7333 build/default/debug/_ext/472602724/drv_encx24j600_configure_state.o
 .debug_info    0x00027143     0x6d56 build/default/debug/_ext/472602724/drv_encx24j600_detect_state.o
 .debug_info    0x0002de99     0x734b build/default/debug/_ext/472602724/drv_encx24j600_reset_state.o
 .debug_info    0x000351e4     0x7176 build/default/debug/_ext/1728422854/drv_encx24j600_tx_packet.o
 .debug_info    0x0003c35a     0x70a4 build/default/debug/_ext/1728422854/drv_encx24j600_rx_packet.o
 .debug_info    0x000433fe     0x72f0 build/default/debug/_ext/999618079/drv_encx24j600_running_state.o
 .debug_info    0x0004a6ee     0x6f18 build/default/debug/_ext/999618079/drv_encx24j600_change_duplex_state.o
 .debug_info    0x00051606     0x6f96 build/default/debug/_ext/999618079/drv_encx24j600_check_int_state.o
 .debug_info    0x0005859c     0x6fbc build/default/debug/_ext/999618079/drv_encx24j600_check_status_state.o
 .debug_info    0x0005f558     0x6fde build/default/debug/_ext/999618079/drv_encx24j600_check_tx_status_state.o
 .debug_info    0x00066536     0x72c1 build/default/debug/_ext/999618079/drv_encx24j600_reset_rx_state.o
 .debug_info    0x0006d7f7     0x8f7e build/default/debug/_ext/820865379/drv_encx24j600_api.o
 .debug_info    0x00076775     0x6dae build/default/debug/_ext/820865379/drv_encx24j600_main_state.o
 .debug_info    0x0007d523     0x6cb7 build/default/debug/_ext/820865379/drv_encx24j600_utils.o
 .debug_info    0x000841da     0x34ed build/default/debug/_ext/977502197/drv_spi_tasks.o
 .debug_info    0x000876c7     0x4e12 build/default/debug/_ext/977502197/drv_spi_api.o
 .debug_info    0x0008c4d9     0x2c10 build/default/debug/_ext/977502197/drv_spi_master_ebm_tasks.o
 .debug_info    0x0008f0e9     0x54fa build/default/debug/_ext/915312864/drv_spi.o
 .debug_info    0x000945e3     0x2033 build/default/debug/_ext/2077795248/drv_spi_sys_queue_fifo.o
 .debug_info    0x00096616     0x5646 build/default/debug/_ext/1298913485/drv_tmr.o
 .debug_info    0x0009bc5c     0x2353 build/default/debug/_ext/327000265/drv_usart_mapping.o
 .debug_info    0x0009dfaf     0x453b build/default/debug/_ext/327000265/drv_usart_static.o
 .debug_info    0x000a24ea     0x2b3a build/default/debug/_ext/327000265/drv_usart_static_buffer_queue.o
 .debug_info    0x000a5024     0x1c2c build/default/debug/_ext/327000265/drv_usart_static_read_write.o
 .debug_info    0x000a6c50     0x1cae build/default/debug/_ext/639803181/sys_clk_pic32mx.o
 .debug_info    0x000a88fe     0x2feb build/default/debug/_ext/2001008086/sys_command.o
 .debug_info    0x000ab8e9      0xe14 build/default/debug/_ext/1544295906/sys_console.o
 .debug_info    0x000ac6fd     0x19ea build/default/debug/_ext/1544295906/sys_console_uart.o
 .debug_info    0x000ae0e7     0x19bf build/default/debug/_ext/340578644/sys_devcon.o
 .debug_info    0x000afaa6     0x1ad4 build/default/debug/_ext/340578644/sys_devcon_pic32mx.o
 .debug_info    0x000b157a     0x1459 build/default/debug/_ext/1735427962/sys_int_pic32.o
 .debug_info    0x000b29d3     0x55de build/default/debug/_ext/822048611/sys_ports_static.o
 .debug_info    0x000b7fb1      0x772 build/default/debug/_ext/327917790/sys_random.o
 .debug_info    0x000b8723      0x935 build/default/debug/_ext/68765530/sys_reset.o
 .debug_info    0x000b9058     0x2ca4 build/default/debug/_ext/1417409628/sys_tmr.o
 .debug_info    0x000bbcfc      0x491 build/default/debug/_ext/1881663949/helpers.o
 .debug_info    0x000bc18d     0x6a9a build/default/debug/_ext/26143033/ipv4.o
 .debug_info    0x000c2c27     0x9120 build/default/debug/_ext/26143033/udp.o
 .debug_info    0x000cbd47     0x15b4 build/default/debug/_ext/26143033/tcpip_heap_alloc.o
 .debug_info    0x000cd2fb     0x262b build/default/debug/_ext/26143033/tcpip_heap_internal.o
 .debug_info    0x000cf926     0x70ba build/default/debug/_ext/26143033/arp.o
 .debug_info    0x000d69e0     0x14a1 build/default/debug/_ext/26143033/dns.o
 .debug_info    0x000d7e81      0x282 build/default/debug/_ext/26143033/hash_fnv.o
 .debug_info    0x000d8103      0x8a4 build/default/debug/_ext/26143033/oahash.o
 .debug_info    0x000d89a7     0x57a0 build/default/debug/_ext/26143033/tcpip_helpers.o
 .debug_info    0x000de147       0xaf build/default/debug/_ext/26143033/tcpip_helper_c32.o
 .debug_info    0x000de1f6     0xb21a build/default/debug/_ext/26143033/tcpip_manager.o
 .debug_info    0x000e9410     0x14e6 build/default/debug/_ext/26143033/tcpip_notify.o
 .debug_info    0x000ea8f6     0x399c build/default/debug/_ext/26143033/tcpip_packet.o
 .debug_info    0x000ee292     0x6e16 build/default/debug/_ext/1688732426/system_init.o
 .debug_info    0x000f50a8     0x1811 build/default/debug/_ext/1688732426/system_interrupt.o
 .debug_info    0x000f68b9      0xd04 build/default/debug/_ext/1688732426/system_tasks.o
 .debug_info    0x000f75bd     0x1806 build/default/debug/_ext/1360937237/app_commands.o
 .debug_info    0x000f8dc3     0x223a build/default/debug/_ext/1360937237/UDP_app.o
 .debug_info    0x000faffd     0x1847 build/default/debug/_ext/1360937237/main.o
 .debug_info    0x000fc844       0xc6 /tmp/ccxm9Iyw.o
 .debug_info    0x000fc90a      0x74b /opt/microchip/xc32/v2.50/bin/bin/../../lib/gcc/pic32mx/4.8.3/libgcc.a(_udivdi3.o)
 .debug_info    0x000fd055      0x129 /opt/microchip/xc32/v2.50/bin/bin/../../lib/gcc/pic32mx/4.8.3/libgcc.a(floatunsisf.o)
 .debug_info    0x000fd17e       0xf4 /opt/microchip/xc32/v2.50/bin/bin/../../lib/gcc/pic32mx/4.8.3/../../../../pic32mx/lib/libpic32.a(default-bootstrap-exception-handler.o)
 .debug_info    0x000fd272       0xcd /opt/microchip/xc32/v2.50/bin/bin/../../lib/gcc/pic32mx/4.8.3/../../../../pic32mx/lib/libpic32.a(default-on-reset.o)
 .debug_info    0x000fd33f       0xd5 /opt/microchip/xc32/v2.50/bin/bin/../../lib/gcc/pic32mx/4.8.3/../../../../pic32mx/lib/libpic32.a(default-on-bootstrap.o)
 .debug_info    0x000fd414       0xf0 /opt/microchip/xc32/v2.50/bin/bin/../../lib/gcc/pic32mx/4.8.3/../../../../pic32mx/lib/libpic32.a(default-general-exception-handler.o)
 .debug_info    0x000fd504       0xe7 /opt/microchip/xc32/v2.50/bin/bin/../../lib/gcc/pic32mx/4.8.3/../../../../pic32mx/lib/libpic32.a(defaultinterrupt.o)
 .debug_info    0x000fd5eb      0x788 /opt/microchip/xc32/v2.50/bin/bin/../../lib/gcc/pic32mx/4.8.3/libgcc.a(_umoddi3.o)
 .debug_info    0x000fdd73      0x131 /opt/microchip/xc32/v2.50/bin/bin/../../lib/gcc/pic32mx/4.8.3/../../../../pic32mx/lib/libpic32.a(sbrk.o)
 .debug_info    0x000fdea4       0xc7 /opt/microchip/xc32/v2.50/bin/bin/../../lib/gcc/pic32mx/4.8.3/../../../../pic32mx/lib/libpic32.a(_mon_getc.o)
 .debug_info    0x000fdf6b       0xc9 /opt/microchip/xc32/v2.50/bin/bin/../../lib/gcc/pic32mx/4.8.3/../../../../pic32mx/lib/libpic32.a(_mon_write.o)
 .debug_info    0x000fe034       0xc7 /opt/microchip/xc32/v2.50/bin/bin/../../lib/gcc/pic32mx/4.8.3/../../../../pic32mx/lib/libpic32.a(_mon_putc.o)

.debug_abbrev   0x00000000     0xbec4
 *(.debug_abbrev)
 .debug_abbrev  0x00000000      0x17c build/default/debug/_ext/1360937237/led.o
 .debug_abbrev  0x0000017c      0x28c build/default/debug/_ext/1360937237/ssd.o
 .debug_abbrev  0x00000408      0x2b8 build/default/debug/_ext/1360937237/accel.o
 .debug_abbrev  0x000006c0      0x13d build/default/debug/_ext/1360937237/i2c.o
 .debug_abbrev  0x000007fd      0x23c build/default/debug/_ext/1360937237/lcd.o
 .debug_abbrev  0x00000a39      0x1a3 build/default/debug/rgbled.o
 .debug_abbrev  0x00000bdc      0x42c build/default/debug/_ext/996065237/drv_encx24j600_spi_bus.o
 .debug_abbrev  0x00001008      0x23a build/default/debug/_ext/1600828880/drv_encx24j600_closed_state.o
 .debug_abbrev  0x00001242      0x287 build/default/debug/_ext/472602724/drv_encx24j600_initialization_state.o
 .debug_abbrev  0x000014c9      0x292 build/default/debug/_ext/472602724/drv_encx24j600_configure_state.o
 .debug_abbrev  0x0000175b      0x292 build/default/debug/_ext/472602724/drv_encx24j600_detect_state.o
 .debug_abbrev  0x000019ed      0x260 build/default/debug/_ext/472602724/drv_encx24j600_reset_state.o
 .debug_abbrev  0x00001c4d      0x30f build/default/debug/_ext/1728422854/drv_encx24j600_tx_packet.o
 .debug_abbrev  0x00001f5c      0x2bf build/default/debug/_ext/1728422854/drv_encx24j600_rx_packet.o
 .debug_abbrev  0x0000221b      0x264 build/default/debug/_ext/999618079/drv_encx24j600_running_state.o
 .debug_abbrev  0x0000247f      0x24b build/default/debug/_ext/999618079/drv_encx24j600_change_duplex_state.o
 .debug_abbrev  0x000026ca      0x292 build/default/debug/_ext/999618079/drv_encx24j600_check_int_state.o
 .debug_abbrev  0x0000295c      0x292 build/default/debug/_ext/999618079/drv_encx24j600_check_status_state.o
 .debug_abbrev  0x00002bee      0x2a2 build/default/debug/_ext/999618079/drv_encx24j600_check_tx_status_state.o
 .debug_abbrev  0x00002e90      0x272 build/default/debug/_ext/999618079/drv_encx24j600_reset_rx_state.o
 .debug_abbrev  0x00003102      0x4e3 build/default/debug/_ext/820865379/drv_encx24j600_api.o
 .debug_abbrev  0x000035e5      0x248 build/default/debug/_ext/820865379/drv_encx24j600_main_state.o
 .debug_abbrev  0x0000382d      0x28a build/default/debug/_ext/820865379/drv_encx24j600_utils.o
 .debug_abbrev  0x00003ab7      0x305 build/default/debug/_ext/977502197/drv_spi_tasks.o
 .debug_abbrev  0x00003dbc      0x338 build/default/debug/_ext/977502197/drv_spi_api.o
 .debug_abbrev  0x000040f4      0x285 build/default/debug/_ext/977502197/drv_spi_master_ebm_tasks.o
 .debug_abbrev  0x00004379      0x4d4 build/default/debug/_ext/915312864/drv_spi.o
 .debug_abbrev  0x0000484d      0x397 build/default/debug/_ext/2077795248/drv_spi_sys_queue_fifo.o
 .debug_abbrev  0x00004be4      0x4c8 build/default/debug/_ext/1298913485/drv_tmr.o
 .debug_abbrev  0x000050ac      0x289 build/default/debug/_ext/327000265/drv_usart_mapping.o
 .debug_abbrev  0x00005335      0x48f build/default/debug/_ext/327000265/drv_usart_static.o
 .debug_abbrev  0x000057c4      0x38f build/default/debug/_ext/327000265/drv_usart_static_buffer_queue.o
 .debug_abbrev  0x00005b53      0x2bd build/default/debug/_ext/327000265/drv_usart_static_read_write.o
 .debug_abbrev  0x00005e10      0x26c build/default/debug/_ext/639803181/sys_clk_pic32mx.o
 .debug_abbrev  0x0000607c      0x48d build/default/debug/_ext/2001008086/sys_command.o
 .debug_abbrev  0x00006509      0x272 build/default/debug/_ext/1544295906/sys_console.o
 .debug_abbrev  0x0000677b      0x35b build/default/debug/_ext/1544295906/sys_console_uart.o
 .debug_abbrev  0x00006ad6      0x2b4 build/default/debug/_ext/340578644/sys_devcon.o
 .debug_abbrev  0x00006d8a      0x207 build/default/debug/_ext/340578644/sys_devcon_pic32mx.o
 .debug_abbrev  0x00006f91      0x249 build/default/debug/_ext/1735427962/sys_int_pic32.o
 .debug_abbrev  0x000071da      0x2b7 build/default/debug/_ext/822048611/sys_ports_static.o
 .debug_abbrev  0x00007491      0x210 build/default/debug/_ext/327917790/sys_random.o
 .debug_abbrev  0x000076a1      0x163 build/default/debug/_ext/68765530/sys_reset.o
 .debug_abbrev  0x00007804      0x536 build/default/debug/_ext/1417409628/sys_tmr.o
 .debug_abbrev  0x00007d3a      0x14a build/default/debug/_ext/1881663949/helpers.o
 .debug_abbrev  0x00007e84      0x547 build/default/debug/_ext/26143033/ipv4.o
 .debug_abbrev  0x000083cb      0x63a build/default/debug/_ext/26143033/udp.o
 .debug_abbrev  0x00008a05      0x193 build/default/debug/_ext/26143033/tcpip_heap_alloc.o
 .debug_abbrev  0x00008b98      0x3ce build/default/debug/_ext/26143033/tcpip_heap_internal.o
 .debug_abbrev  0x00008f66      0x527 build/default/debug/_ext/26143033/arp.o
 .debug_abbrev  0x0000948d      0x173 build/default/debug/_ext/26143033/dns.o
 .debug_abbrev  0x00009600       0xb5 build/default/debug/_ext/26143033/hash_fnv.o
 .debug_abbrev  0x000096b5      0x277 build/default/debug/_ext/26143033/oahash.o
 .debug_abbrev  0x0000992c      0x513 build/default/debug/_ext/26143033/tcpip_helpers.o
 .debug_abbrev  0x00009e3f       0x14 build/default/debug/_ext/26143033/tcpip_helper_c32.o
 .debug_abbrev  0x00009e53      0x686 build/default/debug/_ext/26143033/tcpip_manager.o
 .debug_abbrev  0x0000a4d9      0x234 build/default/debug/_ext/26143033/tcpip_notify.o
 .debug_abbrev  0x0000a70d      0x3f1 build/default/debug/_ext/26143033/tcpip_packet.o
 .debug_abbrev  0x0000aafe      0x3a2 build/default/debug/_ext/1688732426/system_init.o
 .debug_abbrev  0x0000aea0      0x20c build/default/debug/_ext/1688732426/system_interrupt.o
 .debug_abbrev  0x0000b0ac      0x12d build/default/debug/_ext/1688732426/system_tasks.o
 .debug_abbrev  0x0000b1d9      0x245 build/default/debug/_ext/1360937237/app_commands.o
 .debug_abbrev  0x0000b41e      0x2e5 build/default/debug/_ext/1360937237/UDP_app.o
 .debug_abbrev  0x0000b703      0x33a build/default/debug/_ext/1360937237/main.o
 .debug_abbrev  0x0000ba3d       0x12 /tmp/ccxm9Iyw.o
 .debug_abbrev  0x0000ba4f      0x138 /opt/microchip/xc32/v2.50/bin/bin/../../lib/gcc/pic32mx/4.8.3/libgcc.a(_udivdi3.o)
 .debug_abbrev  0x0000bb87       0x62 /opt/microchip/xc32/v2.50/bin/bin/../../lib/gcc/pic32mx/4.8.3/libgcc.a(floatunsisf.o)
 .debug_abbrev  0x0000bbe9       0x28 /opt/microchip/xc32/v2.50/bin/bin/../../lib/gcc/pic32mx/4.8.3/../../../../pic32mx/lib/libpic32.a(default-bootstrap-exception-handler.o)
 .debug_abbrev  0x0000bc11       0x28 /opt/microchip/xc32/v2.50/bin/bin/../../lib/gcc/pic32mx/4.8.3/../../../../pic32mx/lib/libpic32.a(default-on-reset.o)
 .debug_abbrev  0x0000bc39       0x28 /opt/microchip/xc32/v2.50/bin/bin/../../lib/gcc/pic32mx/4.8.3/../../../../pic32mx/lib/libpic32.a(default-on-bootstrap.o)
 .debug_abbrev  0x0000bc61       0x28 /opt/microchip/xc32/v2.50/bin/bin/../../lib/gcc/pic32mx/4.8.3/../../../../pic32mx/lib/libpic32.a(default-general-exception-handler.o)
 .debug_abbrev  0x0000bc89       0x28 /opt/microchip/xc32/v2.50/bin/bin/../../lib/gcc/pic32mx/4.8.3/../../../../pic32mx/lib/libpic32.a(defaultinterrupt.o)
 .debug_abbrev  0x0000bcb1      0x147 /opt/microchip/xc32/v2.50/bin/bin/../../lib/gcc/pic32mx/4.8.3/libgcc.a(_umoddi3.o)
 .debug_abbrev  0x0000bdf8       0x54 /opt/microchip/xc32/v2.50/bin/bin/../../lib/gcc/pic32mx/4.8.3/../../../../pic32mx/lib/libpic32.a(sbrk.o)
 .debug_abbrev  0x0000be4c       0x28 /opt/microchip/xc32/v2.50/bin/bin/../../lib/gcc/pic32mx/4.8.3/../../../../pic32mx/lib/libpic32.a(_mon_getc.o)
 .debug_abbrev  0x0000be74       0x28 /opt/microchip/xc32/v2.50/bin/bin/../../lib/gcc/pic32mx/4.8.3/../../../../pic32mx/lib/libpic32.a(_mon_write.o)
 .debug_abbrev  0x0000be9c       0x28 /opt/microchip/xc32/v2.50/bin/bin/../../lib/gcc/pic32mx/4.8.3/../../../../pic32mx/lib/libpic32.a(_mon_putc.o)

.debug_line     0x00000000    0x1d58f
 *(.debug_line)
 .debug_line    0x00000000      0x15b build/default/debug/_ext/1360937237/led.o
 .debug_line    0x0000015b      0x2da build/default/debug/_ext/1360937237/ssd.o
 .debug_line    0x00000435      0x34c build/default/debug/_ext/1360937237/accel.o
 .debug_line    0x00000781      0x19c build/default/debug/_ext/1360937237/i2c.o
 .debug_line    0x0000091d      0x2cb build/default/debug/_ext/1360937237/lcd.o
 .debug_line    0x00000be8      0x28e build/default/debug/rgbled.o
 .debug_line    0x00000e76      0xe80 build/default/debug/_ext/996065237/drv_encx24j600_spi_bus.o
 .debug_line    0x00001cf6      0x8de build/default/debug/_ext/1600828880/drv_encx24j600_closed_state.o
 .debug_line    0x000025d4      0x90c build/default/debug/_ext/472602724/drv_encx24j600_initialization_state.o
 .debug_line    0x00002ee0      0x9f8 build/default/debug/_ext/472602724/drv_encx24j600_configure_state.o
 .debug_line    0x000038d8      0x930 build/default/debug/_ext/472602724/drv_encx24j600_detect_state.o
 .debug_line    0x00004208      0x98c build/default/debug/_ext/472602724/drv_encx24j600_reset_state.o
 .debug_line    0x00004b94      0x9cf build/default/debug/_ext/1728422854/drv_encx24j600_tx_packet.o
 .debug_line    0x00005563      0x957 build/default/debug/_ext/1728422854/drv_encx24j600_rx_packet.o
 .debug_line    0x00005eba      0x92f build/default/debug/_ext/999618079/drv_encx24j600_running_state.o
 .debug_line    0x000067e9      0x90e build/default/debug/_ext/999618079/drv_encx24j600_change_duplex_state.o
 .debug_line    0x000070f7      0x92e build/default/debug/_ext/999618079/drv_encx24j600_check_int_state.o
 .debug_line    0x00007a25      0x93d build/default/debug/_ext/999618079/drv_encx24j600_check_status_state.o
 .debug_line    0x00008362      0x930 build/default/debug/_ext/999618079/drv_encx24j600_check_tx_status_state.o
 .debug_line    0x00008c92      0x91d build/default/debug/_ext/999618079/drv_encx24j600_reset_rx_state.o
 .debug_line    0x000095af      0xbef build/default/debug/_ext/820865379/drv_encx24j600_api.o
 .debug_line    0x0000a19e      0x8f5 build/default/debug/_ext/820865379/drv_encx24j600_main_state.o
 .debug_line    0x0000aa93      0x86d build/default/debug/_ext/820865379/drv_encx24j600_utils.o
 .debug_line    0x0000b300      0x82f build/default/debug/_ext/977502197/drv_spi_tasks.o
 .debug_line    0x0000bb2f      0x960 build/default/debug/_ext/977502197/drv_spi_api.o
 .debug_line    0x0000c48f      0x63b build/default/debug/_ext/977502197/drv_spi_master_ebm_tasks.o
 .debug_line    0x0000caca      0xb2b build/default/debug/_ext/915312864/drv_spi.o
 .debug_line    0x0000d5f5      0x577 build/default/debug/_ext/2077795248/drv_spi_sys_queue_fifo.o
 .debug_line    0x0000db6c      0xe5d build/default/debug/_ext/1298913485/drv_tmr.o
 .debug_line    0x0000e9c9      0x4df build/default/debug/_ext/327000265/drv_usart_mapping.o
 .debug_line    0x0000eea8      0xac6 build/default/debug/_ext/327000265/drv_usart_static.o
 .debug_line    0x0000f96e      0x6d6 build/default/debug/_ext/327000265/drv_usart_static_buffer_queue.o
 .debug_line    0x00010044      0x46a build/default/debug/_ext/327000265/drv_usart_static_read_write.o
 .debug_line    0x000104ae      0x5dd build/default/debug/_ext/639803181/sys_clk_pic32mx.o
 .debug_line    0x00010a8b      0x91f build/default/debug/_ext/2001008086/sys_command.o
 .debug_line    0x000113aa      0x3fc build/default/debug/_ext/1544295906/sys_console.o
 .debug_line    0x000117a6      0x574 build/default/debug/_ext/1544295906/sys_console_uart.o
 .debug_line    0x00011d1a      0x7b4 build/default/debug/_ext/340578644/sys_devcon.o
 .debug_line    0x000124ce      0x5e2 build/default/debug/_ext/340578644/sys_devcon_pic32mx.o
 .debug_line    0x00012ab0      0x378 build/default/debug/_ext/1735427962/sys_int_pic32.o
 .debug_line    0x00012e28      0xb33 build/default/debug/_ext/822048611/sys_ports_static.o
 .debug_line    0x0001395b      0x31f build/default/debug/_ext/327917790/sys_random.o
 .debug_line    0x00013c7a      0x461 build/default/debug/_ext/68765530/sys_reset.o
 .debug_line    0x000140db      0x785 build/default/debug/_ext/1417409628/sys_tmr.o
 .debug_line    0x00014860      0x1ba build/default/debug/_ext/1881663949/helpers.o
 .debug_line    0x00014a1a      0x967 build/default/debug/_ext/26143033/ipv4.o
 .debug_line    0x00015381      0xf47 build/default/debug/_ext/26143033/udp.o
 .debug_line    0x000162c8      0x250 build/default/debug/_ext/26143033/tcpip_heap_alloc.o
 .debug_line    0x00016518      0x5fa build/default/debug/_ext/26143033/tcpip_heap_internal.o
 .debug_line    0x00016b12      0xaa6 build/default/debug/_ext/26143033/arp.o
 .debug_line    0x000175b8      0x241 build/default/debug/_ext/26143033/dns.o
 .debug_line    0x000177f9      0x14a build/default/debug/_ext/26143033/hash_fnv.o
 .debug_line    0x00017943      0x1f9 build/default/debug/_ext/26143033/oahash.o
 .debug_line    0x00017b3c      0xe7a build/default/debug/_ext/26143033/tcpip_helpers.o