
Optional file libmchp_peripheral.a not found

Optional file libmchp_peripheral_32MX370F512L.a not found
Archive member included because of file (symbol)

c:/program files/microchip/xc32/v2.50/bin/bin/../../lib/gcc/pic32mx/4.8.3\libgcc.a(_udivdi3.o)
                              build/default/production/_ext/1417409628/sys_tmr.o (__udivdi3)
c:/program files/microchip/xc32/v2.50/bin/bin/../../lib/gcc/pic32mx/4.8.3\libgcc.a(floatunsisf.o)
                              build/default/production/_ext/1360937237/accel.o (__floatunsisf)
c:/program files/microchip/xc32/v2.50/bin/bin/../../lib/gcc/pic32mx/4.8.3/../../../../pic32mx/lib\libpic32.a(memcpy.o)
                              build/default/production/_ext/26143033/ipv4.o (memcpy)
c:/program files/microchip/xc32/v2.50/bin/bin/../../lib/gcc/pic32mx/4.8.3/../../../../pic32mx/lib\libpic32.a(memset.o)
                              build/default/production/_ext/820865379/drv_encx24j600_api.o (memset)
c:/program files/microchip/xc32/v2.50/bin/bin/../../lib/gcc/pic32mx/4.8.3/../../../../pic32mx/lib\libpic32.a(strcmp.o)
                              build/default/production/_ext/2001008086/sys_command.o (strcmp)
c:/program files/microchip/xc32/v2.50/bin/bin/../../lib/gcc/pic32mx/4.8.3/../../../../pic32mx/lib\libpic32.a(strcpy.o)
                              build/default/production/_ext/2001008086/sys_command.o (strcpy)
c:/program files/microchip/xc32/v2.50/bin/bin/../../lib/gcc/pic32mx/4.8.3/../../../../pic32mx/lib\libpic32.a(strlen.o)
                              build/default/production/_ext/1360937237/lcd.o (strlen)
c:/program files/microchip/xc32/v2.50/bin/bin/../../lib/gcc/pic32mx/4.8.3/../../../../pic32mx/lib\libpic32.a(default-bootstrap-exception-handler.o)
                              C:\Users\Tony\AppData\Local\Temp\ccsSudhn.o (_bootstrap_exception_handler)
c:/program files/microchip/xc32/v2.50/bin/bin/../../lib/gcc/pic32mx/4.8.3/../../../../pic32mx/lib\libpic32.a(default-on-reset.o)
                              C:\Users\Tony\AppData\Local\Temp\ccsSudhn.o (_on_reset)
c:/program files/microchip/xc32/v2.50/bin/bin/../../lib/gcc/pic32mx/4.8.3/../../../../pic32mx/lib\libpic32.a(default-on-bootstrap.o)
                              C:\Users\Tony\AppData\Local\Temp\ccsSudhn.o (_on_bootstrap)
c:/program files/microchip/xc32/v2.50/bin/bin/../../lib/gcc/pic32mx/4.8.3/../../../../pic32mx/lib\libpic32.a(default-nmi-handler.o)
                              C:\Users\Tony\AppData\Local\Temp\ccsSudhn.o (_nmi_handler)
c:/program files/microchip/xc32/v2.50/bin/bin/../../lib/gcc/pic32mx/4.8.3/../../../../pic32mx/lib\libpic32.a(pic32_data_init.o)
                              C:\Users\Tony\AppData\Local\Temp\ccsSudhn.o (__pic32_data_init)
c:/program files/microchip/xc32/v2.50/bin/bin/../../lib/gcc/pic32mx/4.8.3/../../../../pic32mx/lib\libpic32.a(general-exception.o)
                              C:\Users\Tony\AppData\Local\Temp\ccsSudhn.o (_general_exception_context)
c:/program files/microchip/xc32/v2.50/bin/bin/../../lib/gcc/pic32mx/4.8.3/../../../../pic32mx/lib\libpic32.a(vector0.o)
                              C:\Users\Tony\AppData\Local\Temp\ccCcVgsa.o (__vector_dispatch_0)
c:/program files/microchip/xc32/v2.50/bin/bin/../../lib/gcc/pic32mx/4.8.3/../../../../pic32mx/lib\libpic32.a(vector1.o)
                              C:\Users\Tony\AppData\Local\Temp\ccCcVgsa.o (__vector_dispatch_1)
c:/program files/microchip/xc32/v2.50/bin/bin/../../lib/gcc/pic32mx/4.8.3/../../../../pic32mx/lib\libpic32.a(vector2.o)
                              C:\Users\Tony\AppData\Local\Temp\ccCcVgsa.o (__vector_dispatch_2)
c:/program files/microchip/xc32/v2.50/bin/bin/../../lib/gcc/pic32mx/4.8.3/../../../../pic32mx/lib\libpic32.a(vector3.o)
                              C:\Users\Tony\AppData\Local\Temp\ccCcVgsa.o (__vector_dispatch_3)
c:/program files/microchip/xc32/v2.50/bin/bin/../../lib/gcc/pic32mx/4.8.3/../../../../pic32mx/lib\libpic32.a(vector5.o)
                              C:\Users\Tony\AppData\Local\Temp\ccCcVgsa.o (__vector_dispatch_5)
c:/program files/microchip/xc32/v2.50/bin/bin/../../lib/gcc/pic32mx/4.8.3/../../../../pic32mx/lib\libpic32.a(vector6.o)
                              C:\Users\Tony\AppData\Local\Temp\ccCcVgsa.o (__vector_dispatch_6)
c:/program files/microchip/xc32/v2.50/bin/bin/../../lib/gcc/pic32mx/4.8.3/../../../../pic32mx/lib\libpic32.a(vector7.o)
                              C:\Users\Tony\AppData\Local\Temp\ccCcVgsa.o (__vector_dispatch_7)
c:/program files/microchip/xc32/v2.50/bin/bin/../../lib/gcc/pic32mx/4.8.3/../../../../pic32mx/lib\libpic32.a(vector9.o)
                              C:\Users\Tony\AppData\Local\Temp\ccCcVgsa.o (__vector_dispatch_9)
c:/program files/microchip/xc32/v2.50/bin/bin/../../lib/gcc/pic32mx/4.8.3/../../../../pic32mx/lib\libpic32.a(vector10.o)
                              C:\Users\Tony\AppData\Local\Temp\ccCcVgsa.o (__vector_dispatch_10)
[...]
Memory Configuration

Name             Origin             Length             Attributes
kseg0_program_mem 0x9d000000         0x00080000         xr
kseg0_boot_mem   0x9fc00490         0x00000970
exception_mem    0x9fc01000         0x00001000
kseg1_boot_mem   0xbfc00000         0x00000490
debug_exec_mem   0xbfc02000         0x00000ff0
config3          0xbfc02ff0         0x00000004
config2          0xbfc02ff4         0x00000004
config1          0xbfc02ff8         0x00000004
config0          0xbfc02ffc         0x00000004
kseg1_data_mem   0xa0000000         0x00020000         w !x
sfrs             0xbf800000         0x00100000
configsfrs       0xbfc02ff0         0x00000010
*default*        0x00000000         0xffffffff

Linker script and memory map

LOAD c:/program files/microchip/xc32/v2.50/bin/bin/../../lib/gcc/pic32mx/4.8.3/../../../../pic32mx/lib\debug-exception-return.o
LOAD build/default/production/_ext/1360937237/led.o
LOAD build/default/production/_ext/1360937237/ssd.o
LOAD build/default/production/_ext/1360937237/accel.o
LOAD build/default/production/_ext/1360937237/i2c.o
LOAD build/default/production/_ext/1360937237/lcd.o
LOAD build/default/production/rgbled.o
LOAD build/default/production/_ext/1360937237/btn.o
LOAD build/default/production/_ext/996065237/drv_encx24j600_spi_bus.o
LOAD build/default/production/_ext/1600828880/drv_encx24j600_closed_state.o
LOAD build/default/production/_ext/472602724/drv_encx24j600_initialization_state.o
LOAD build/default/production/_ext/472602724/drv_encx24j600_configure_state.o
LOAD build/default/production/_ext/472602724/drv_encx24j600_detect_state.o
LOAD build/default/production/_ext/472602724/drv_encx24j600_reset_state.o
LOAD build/default/production/_ext/1728422854/drv_encx24j600_tx_packet.o
LOAD build/default/production/_ext/1728422854/drv_encx24j600_rx_packet.o
LOAD build/default/production/_ext/999618079/drv_encx24j600_running_state.o
LOAD build/default/production/_ext/999618079/drv_encx24j600_change_duplex_state.o
LOAD build/default/production/_ext/999618079/drv_encx24j600_check_int_state.o
LOAD build/default/production/_ext/999618079/drv_encx24j600_check_status_state.o
LOAD build/default/production/_ext/999618079/drv_encx24j600_check_tx_status_state.o
LOAD build/default/production/_ext/999618079/drv_encx24j600_reset_rx_state.o
LOAD build/default/production/_ext/820865379/drv_encx24j600_api.o
LOAD build/default/production/_ext/820865379/drv_encx24j600_main_state.o
LOAD build/default/production/_ext/820865379/drv_encx24j600_utils.o
LOAD build/default/production/_ext/977502197/drv_spi_tasks.o
LOAD build/default/production/_ext/977502197/drv_spi_api.o
LOAD build/default/production/_ext/977502197/drv_spi_master_ebm_tasks.o
LOAD build/default/production/_ext/915312864/drv_spi.o
LOAD build/default/production/_ext/2077795248/drv_spi_sys_queue_fifo.o
LOAD build/default/production/_ext/1298913485/drv_tmr.o
LOAD build/default/production/_ext/327000265/drv_usart_mapping.o
LOAD build/default/production/_ext/327000265/drv_usart_static.o
LOAD build/default/production/_ext/327000265/drv_usart_static_buffer_queue.o
LOAD build/default/production/_ext/327000265/drv_usart_static_read_write.o
LOAD build/default/production/_ext/639803181/sys_clk_pic32mx.o
LOAD build/default/production/_ext/2001008086/sys_command.o
LOAD build/default/production/_ext/1544295906/sys_console.o
LOAD build/default/production/_ext/1544295906/sys_console_uart.o
LOAD build/default/production/_ext/340578644/sys_devcon.o
LOAD build/default/production/_ext/340578644/sys_devcon_pic32mx.o
LOAD build/default/production/_ext/1735427962/sys_int_pic32.o
LOAD build/default/production/_ext/822048611/sys_ports_static.o
LOAD build/default/production/_ext/327917790/sys_random.o
LOAD build/default/production/_ext/68765530/sys_reset.o
LOAD build/default/production/_ext/1417409628/sys_tmr.o
LOAD build/default/production/_ext/1881663949/helpers.o
LOAD build/default/production/_ext/26143033/ipv4.o
LOAD build/default/production/_ext/26143033/udp.o
LOAD build/default/production/_ext/26143033/tcpip_heap_alloc.o
LOAD build/default/production/_ext/26143033/tcpip_heap_internal.o
LOAD build/default/production/_ext/26143033/arp.o
LOAD build/default/production/_ext/26143033/dns.o
LOAD build/default/production/_ext/26143033/hash_fnv.o
LOAD build/default/production/_ext/26143033/oahash.o
LOAD build/default/production/_ext/26143033/tcpip_helpers.o
LOAD build/default/production/_ext/26143033/tcpip_helper_c32.o
LOAD build/default/production/_ext/26143033/tcpip_manager.o
LOAD build/default/production/_ext/26143033/tcpip_notify.o
LOAD build/default/production/_ext/26143033/tcpip_packet.o
LOAD build/default/production/_ext/1688732426/system_init.o
LOAD build/default/production/_ext/1688732426/system_interrupt.o
LOAD build/default/production/_ext/1688732426/system_tasks.o
LOAD build/default/production/_ext/1360937237/app_commands.o
LOAD build/default/production/_ext/1360937237/UDP_app.o
LOAD build/default/production/_ext/1360937237/main.o
LOAD build/default/production/_ext/1360937237/adc.o
LOAD build/default/production/_ext/1360937237/aic.o
                0x00000001                __MPLAB_BUILD = 0x1
                0x0000afa0                _min_heap_size = 0xafa0
LOAD C:\Users\Tony\AppData\Local\Temp\ccsSudhn.o
LOAD C:\Users\Tony\AppData\Local\Temp\ccXnzhmH.o
LOAD C:\Users\Tony\AppData\Local\Temp\ccCcVgsa.o
LOAD c:/program files/microchip/xc32/v2.50/bin/bin/../../lib/gcc/pic32mx/4.8.3/../../../../pic32mx/lib/./proc/32MX370F512L\default_isr_vectors.o
LOAD c:/program files/microchip/xc32/v2.50/bin/bin/../../lib/gcc/pic32mx/4.8.3/../../../../pic32mx/lib\pic32_software_reset.o
                0x00000400                PROVIDE (_min_stack_size, 0x400)
START GROUP
LOAD c:/program files/microchip/xc32/v2.50/bin/bin/../../lib/gcc/pic32mx/4.8.3/../../../../pic32mx/lib/./proc/32MX370F512L\processor.o
END GROUP
START GROUP
LOAD libmchp_peripheral.a
END GROUP
START GROUP
LOAD libmchp_peripheral_32MX370F512L.a
END GROUP
                0x00000001                PROVIDE (_vector_spacing, 0x1)
                0x9fc01000                PROVIDE (_ebase_address, 0x9fc01000)
                0xbfc00000                _RESET_ADDR = 0xbfc00000
                0xbfc00380                _BEV_EXCPT_ADDR = 0xbfc00380
                0xbfc00480                _DBG_EXCPT_ADDR = 0xbfc00480
                0xbfc02000                _DBG_CODE_ADDR = 0xbfc02000
                0x00000ff0                _DBG_CODE_SIZE = 0xff0
                0x9fc01180                _GEN_EXCPT_ADDR = (_ebase_address + 0x180)

.config_BFC02FF0
                0xbfc02ff0        0x4
 *(.config_BFC02FF0)
 .config_BFC02FF0
                0xbfc02ff0        0x4 build/default/production/_ext/1688732426/system_init.o

.config_BFC02FF4
                0xbfc02ff4        0x4
 *(.config_BFC02FF4)
 .config_BFC02FF4
                0xbfc02ff4        0x4 build/default/production/_ext/1688732426/system_init.o

.config_BFC02FF8
                0xbfc02ff8        0x4
 *(.config_BFC02FF8)
 .config_BFC02FF8
                0xbfc02ff8        0x4 build/default/production/_ext/1688732426/system_init.o

.config_BFC02FFC
                0xbfc02ffc        0x4
 *(.config_BFC02FFC)
 .config_BFC02FFC
                0xbfc02ffc        0x4 build/default/production/_ext/1688732426/system_init.o
                0xbfc02000                PROVIDE (_DBG_CODE_ADDR, 0xbfc02000)
                0x00000ff0                PROVIDE (_DBG_CODE_SIZE, 0xff0)

.reset          0xbfc00000      0x19c
 *(.reset)
 .reset         0xbfc00000        0x8 C:\Users\Tony\AppData\Local\Temp\ccsSudhn.o
                0xbfc00000                _reset
 *(.reset.startup)
 .reset.startup
                0xbfc00008      0x194 C:\Users\Tony\AppData\Local\Temp\ccsSudhn.o
                0xbfc00008                _startup

.bev_excpt      0xbfc00380       0x10
 *(.bev_handler)
 .bev_handler   0xbfc00380       0x10 C:\Users\Tony\AppData\Local\Temp\ccsSudhn.o

.dbg_excpt      0xbfc00480        0x0
                0xbfc00480                . = (. + DEFINED (_DEBUGGER)?0x8:0x0)

.dbg_code       0xbfc02000        0x0
                0xbfc02000                . = (. + DEFINED (_DEBUGGER)?_DBG_CODE_SIZE:0x0)

.app_excpt      0x9fc01180       0x10
 *(.gen_handler)
 .gen_handler   0x9fc01180       0x10 C:\Users\Tony\AppData\Local\Temp\ccsSudhn.o

.vector_0       0x9fc01200        0x8
 *(.vector_0)
 .vector_0      0x9fc01200        0x8 c:/program files/microchip/xc32/v2.50/bin/bin/../../lib/gcc/pic32mx/4.8.3/../../../../pic32mx/lib\libpic32.a(vector0.o)
                0x9fc01200                __vector_dispatch_0
                0x00000001                ASSERT (((_vector_spacing == 0x0) || (SIZEOF (.vector_0) <= (_vector_spacing << 0x5))), function at exception vector 0 too large)

.vector_1       0x9fc01220        0x8
 *(.vector_1)
 .vector_1      0x9fc01220        0x8 c:/program files/microchip/xc32/v2.50/bin/bin/../../lib/gcc/pic32mx/4.8.3/../../../../pic32mx/lib\libpic32.a(vector1.o)
                0x9fc01220                __vector_dispatch_1
                0x00000001                ASSERT (((_vector_spacing == 0x0) || (SIZEOF (.vector_1) <= (_vector_spacing << 0x5))), function at exception vector 1 too large)

.vector_2       0x9fc01240        0x8
 *(.vector_2)
 .vector_2      0x9fc01240        0x8 c:/program files/microchip/xc32/v2.50/bin/bin/../../lib/gcc/pic32mx/4.8.3/../../../../pic32mx/lib\libpic32.a(vector2.o)
                0x9fc01240                __vector_dispatch_2
                0x00000001                ASSERT (((_vector_spacing == 0x0) || (SIZEOF (.vector_2) <= (_vector_spacing << 0x5))), function at exception vector 2 too large)

.vector_3       0x9fc01260        0x8
 *(.vector_3)
 .vector_3      0x9fc01260        0x8 c:/program files/microchip/xc32/v2.50/bin/bin/../../lib/gcc/pic32mx/4.8.3/../../../../pic32mx/lib\libpic32.a(vector3.o)
                0x9fc01260                __vector_dispatch_3
                0x00000001                ASSERT (((_vector_spacing == 0x0) || (SIZEOF (.vector_3) <= (_vector_spacing << 0x5))), function at exception vector 3 too large)

.vector_4       0x9fc01280        0x8
 *(.vector_4)
 .vector_4      0x9fc01280        0x8 build/default/production/_ext/1688732426/system_interrupt.o
                0x9fc01280                __vector_dispatch_4
                0x00000001                ASSERT (((_vector_spacing == 0x0) || (SIZEOF (.vector_4) <= (_vector_spacing << 0x5))), function at exception vector 4 too large)

.vector_5       0x9fc012a0        0x8
 *(.vector_5)
 .vector_5      0x9fc012a0        0x8 c:/program files/microchip/xc32/v2.50/bin/bin/../../lib/gcc/pic32mx/4.8.3/../../../../pic32mx/lib\libpic32.a(vector5.o)
                0x9fc012a0                __vector_dispatch_5
                0x00000001                ASSERT (((_vector_spacing == 0x0) || (SIZEOF (.vector_5) <= (_vector_spacing << 0x5))), function at exception vector 5 too large)

.vector_6       0x9fc012c0        0x8
 *(.vector_6)
 .vector_6      0x9fc012c0        0x8 c:/program files/microchip/xc32/v2.50/bin/bin/../../lib/gcc/pic32mx/4.8.3/../../../../pic32mx/lib\libpic32.a(vector6.o)
                0x9fc012c0                __vector_dispatch_6
                0x00000001                ASSERT (((_vector_spacing == 0x0) || (SIZEOF (.vector_6) <= (_vector_spacing << 0x5))), function at exception vector 6 too large)

.vector_7       0x9fc012e0        0x8
 *(.vector_7)
 .vector_7      0x9fc012e0        0x8 c:/program files/microchip/xc32/v2.50/bin/bin/../../lib/gcc/pic32mx/4.8.3/../../../../pic32mx/lib\libpic32.a(vector7.o)
                0x9fc012e0                __vector_dispatch_7
                0x00000001                ASSERT (((_vector_spacing == 0x0) || (SIZEOF (.vector_7) <= (_vector_spacing << 0x5))), function at exception vector 7 too large)

.vector_8       0x9fc01300        0x8
 *(.vector_8)
 .vector_8      0x9fc01300        0x8 build/default/production/_ext/1360937237/main.o
                0x9fc01300                __vector_dispatch_8
                0x00000001                ASSERT (((_vector_spacing == 0x0) || (SIZEOF (.vector_8) <= (_vector_spacing << 0x5))), function at exception vector 8 too large)

.vector_9       0x9fc01320        0x8
 *(.vector_9)
 .vector_9      0x9fc01320        0x8 c:/program files/microchip/xc32/v2.50/bin/bin/../../lib/gcc/pic32mx/4.8.3/../../../../pic32mx/lib\libpic32.a(vector9.o)
                0x9fc01320                __vector_dispatch_9
                0x00000001                ASSERT (((_vector_spacing == 0x0) || (SIZEOF (.vector_9) <= (_vector_spacing << 0x5))), function at exception vector 9 too large)

.vector_10      0x9fc01340        0x8
 *(.vector_10)
 .vector_10     0x9fc01340        0x8 c:/program files/microchip/xc32/v2.50/bin/bin/../../lib/gcc/pic32mx/4.8.3/../../../../pic32mx/lib\libpic32.a(vector10.o)
                0x9fc01340                __vector_dispatch_10
                0x00000001                ASSERT (((_vector_spacing == 0x0) || (SIZEOF (.vector_10) <= (_vector_spacing << 0x5))), function at exception vector 10 too large)

.vector_11      0x9fc01360        0x8
 *(.vector_11)
 .vector_11     0x9fc01360        0x8 c:/program files/microchip/xc32/v2.50/bin/bin/../../lib/gcc/pic32mx/4.8.3/../../../../pic32mx/lib\libpic32.a(vector11.o)
                0x9fc01360                __vector_dispatch_11
                0x00000001                ASSERT (((_vector_spacing == 0x0) || (SIZEOF (.vector_11) <= (_vector_spacing << 0x5))), function at exception vector 11 too large)

.vector_12      0x9fc01380        0x8
 *(.vector_12)
 .vector_12     0x9fc01380        0x8 c:/program files/microchip/xc32/v2.50/bin/bin/../../lib/gcc/pic32mx/4.8.3/../../../../pic32mx/lib\libpic32.a(vector12.o)
                0x9fc01380                __vector_dispatch_12
                0x00000001                ASSERT (((_vector_spacing == 0x0) || (SIZEOF (.vector_12) <= (_vector_spacing << 0x5))), function at exception vector 12 too large)

.vector_13      0x9fc013a0        0x8
 *(.vector_13)
 .vector_13     0x9fc013a0        0x8 c:/program files/microchip/xc32/v2.50/bin/bin/../../lib/gcc/pic32mx/4.8.3/../../../../pic32mx/lib\libpic32.a(vector13.o)
                0x9fc013a0                __vector_dispatch_13
                0x00000001                ASSERT (((_vector_spacing == 0x0) || (SIZEOF (.vector_13) <= (_vector_spacing << 0x5))), function at exception vector 13 too large)

.vector_14      0x9fc013c0        0x8
 *(.vector_14)
 .vector_14     0x9fc013c0        0x8 c:/program files/microchip/xc32/v2.50/bin/bin/../../lib/gcc/pic32mx/4.8.3/../../../../pic32mx/lib\libpic32.a(vector14.o)
                0x9fc013c0                __vector_dispatch_14
                0x00000001                ASSERT (((_vector_spacing == 0x0) || (SIZEOF (.vector_14) <= (_vector_spacing << 0x5))), function at exception vector 14 too large)

.vector_15      0x9fc013e0        0x8
 *(.vector_15)
 .vector_15     0x9fc013e0        0x8 c:/program files/microchip/xc32/v2.50/bin/bin/../../lib/gcc/pic32mx/4.8.3/../../../../pic32mx/lib\libpic32.a(vector15.o)
                0x9fc013e0                __vector_dispatch_15
                0x00000001                ASSERT (((_vector_spacing == 0x0) || (SIZEOF (.vector_15) <= (_vector_spacing << 0x5))), function at exception vector 15 too large)

.vector_16      0x9fc01400        0x8
 *(.vector_16)
 .vector_16     0x9fc01400        0x8 build/default/production/_ext/1360937237/ssd.o
                0x9fc01400                __vector_dispatch_16
                0x00000001                ASSERT (((_vector_spacing == 0x0) || (SIZEOF (.vector_16) <= (_vector_spacing << 0x5))), function at exception vector 16 too large)

.vector_17      0x9fc01420        0x8
 *(.vector_17)
 .vector_17     0x9fc01420        0x8 c:/program files/microchip/xc32/v2.50/bin/bin/../../lib/gcc/pic32mx/4.8.3/../../../../pic32mx/lib\libpic32.a(vector17.o)
                0x9fc01420                __vector_dispatch_17
                0x00000001                ASSERT (((_vector_spacing == 0x0) || (SIZEOF (.vector_17) <= (_vector_spacing << 0x5))), function at exception vector 17 too large)

.vector_18      0x9fc01440        0x8
 *(.vector_18)
 .vector_18     0x9fc01440        0x8 c:/program files/microchip/xc32/v2.50/bin/bin/../../lib/gcc/pic32mx/4.8.3/../../../../pic32mx/lib\libpic32.a(vector18.o)
                0x9fc01440                __vector_dispatch_18
                0x00000001                ASSERT (((_vector_spacing == 0x0) || (SIZEOF (.vector_18) <= (_vector_spacing << 0x5))), function at exception vector 18 too large)

.vector_19      0x9fc01460        0x8
 *(.vector_19)
 .vector_19     0x9fc01460        0x8 build/default/production/_ext/1688732426/system_interrupt.o
                0x9fc01460                __vector_dispatch_19
                0x00000001                ASSERT (((_vector_spacing == 0x0) || (SIZEOF (.vector_19) <= (_vector_spacing << 0x5))), function at exception vector 19 too large)

.vector_20      0x9fc01480        0x8
 *(.vector_20)
 .vector_20     0x9fc01480        0x8 build/default/production/rgbled.o
                0x9fc01480                __vector_dispatch_20
                0x00000001                ASSERT (((_vector_spacing == 0x0) || (SIZEOF (.vector_20) <= (_vector_spacing << 0x5))), function at exception vector 20 too large)

.vector_21      0x9fc014a0        0x8
 *(.vector_21)
 .vector_21     0x9fc014a0        0x8 c:/program files/microchip/xc32/v2.50/bin/bin/../../lib/gcc/pic32mx/4.8.3/../../../../pic32mx/lib\libpic32.a(vector21.o)
                0x9fc014a0                __vector_dispatch_21
                0x00000001                ASSERT (((_vector_spacing == 0x0) || (SIZEOF (.vector_21) <= (_vector_spacing << 0x5))), function at exception vector 21 too large)

.vector_22      0x9fc014c0        0x8
 *(.vector_22)
 .vector_22     0x9fc014c0        0x8 c:/program files/microchip/xc32/v2.50/bin/bin/../../lib/gcc/pic32mx/4.8.3/../../../../pic32mx/lib\libpic32.a(vector22.o)
                0x9fc014c0                __vector_dispatch_22
                0x00000001                ASSERT (((_vector_spacing == 0x0) || (SIZEOF (.vector_22) <= (_vector_spacing << 0x5))), function at exception vector 22 too large)

.vector_23      0x9fc014e0        0x8
 *(.vector_23)
 .vector_23     0x9fc014e0        0x8 c:/program files/microchip/xc32/v2.50/bin/bin/../../lib/gcc/pic32mx/4.8.3/../../../../pic32mx/lib\libpic32.a(vector23.o)
                0x9fc014e0                __vector_dispatch_23
                0x00000001                ASSERT (((_vector_spacing == 0x0) || (SIZEOF (.vector_23) <= (_vector_spacing << 0x5))), function at exception vector 23 too large)

.vector_24      0x9fc01500        0x8
 *(.vector_24)
 .vector_24     0x9fc01500        0x8 c:/program files/microchip/xc32/v2.50/bin/bin/../../lib/gcc/pic32mx/4.8.3/../../../../pic32mx/lib\libpic32.a(vector24.o)
                0x9fc01500                __vector_dispatch_24
                0x00000001                ASSERT (((_vector_spacing == 0x0) || (SIZEOF (.vector_24) <= (_vector_spacing << 0x5))), function at exception vector 24 too large)

.vector_25      0x9fc01520        0x8
 *(.vector_25)
 .vector_25     0x9fc01520        0x8 c:/program files/microchip/xc32/v2.50/bin/bin/../../lib/gcc/pic32mx/4.8.3/../../../../pic32mx/lib\libpic32.a(vector25.o)
                0x9fc01520                __vector_dispatch_25
                0x00000001                ASSERT (((_vector_spacing == 0x0) || (SIZEOF (.vector_25) <= (_vector_spacing << 0x5))), function at exception vector 25 too large)

.vector_26      0x9fc01540        0x8
 *(.vector_26)
 .vector_26     0x9fc01540        0x8 c:/program files/microchip/xc32/v2.50/bin/bin/../../lib/gcc/pic32mx/4.8.3/../../../../pic32mx/lib\libpic32.a(vector26.o)
                0x9fc01540                __vector_dispatch_26
                0x00000001                ASSERT (((_vector_spacing == 0x0) || (SIZEOF (.vector_26) <= (_vector_spacing << 0x5))), function at exception vector 26 too large)

.vector_27      0x9fc01560        0x8
 *(.vector_27)
 .vector_27     0x9fc01560        0x8 c:/program files/microchip/xc32/v2.50/bin/bin/../../lib/gcc/pic32mx/4.8.3/../../../../pic32mx/lib\libpic32.a(vector27.o)
                0x9fc01560                __vector_dispatch_27
                0x00000001                ASSERT (((_vector_spacing == 0x0) || (SIZEOF (.vector_27) <= (_vector_spacing << 0x5))), function at exception vector 27 too large)

.vector_28      0x9fc01580        0x8
 *(.vector_28)
 .vector_28     0x9fc01580        0x8 c:/program files/microchip/xc32/v2.50/bin/bin/../../lib/gcc/pic32mx/4.8.3/../../../../pic32mx/lib\libpic32.a(vector28.o)
                0x9fc01580                __vector_dispatch_28
                0x00000001                ASSERT (((_vector_spacing == 0x0) || (SIZEOF (.vector_28) <= (_vector_spacing << 0x5))), function at exception vector 28 too large)

.vector_29      0x9fc015a0        0x8
 *(.vector_29)
 .vector_29     0x9fc015a0        0x8 c:/program files/microchip/xc32/v2.50/bin/bin/../../lib/gcc/pic32mx/4.8.3/../../../../pic32mx/lib\libpic32.a(vector29.o)
                0x9fc015a0                __vector_dispatch_29
                0x00000001                ASSERT (((_vector_spacing == 0x0) || (SIZEOF (.vector_29) <= (_vector_spacing << 0x5))), function at exception vector 29 too large)

.vector_30      0x9fc015c0        0x8
 *(.vector_30)
 .vector_30     0x9fc015c0        0x8 c:/program files/microchip/xc32/v2.50/bin/bin/../../lib/gcc/pic32mx/4.8.3/../../../../pic32mx/lib\libpic32.a(vector30.o)
                0x9fc015c0                __vector_dispatch_30
                0x00000001                ASSERT (((_vector_spacing == 0x0) || (SIZEOF (.vector_30) <= (_vector_spacing << 0x5))), function at exception vector 30 too large)

.vector_31      0x9fc015e0        0x8
 *(.vector_31)
 .vector_31     0x9fc015e0        0x8 c:/program files/microchip/xc32/v2.50/bin/bin/../../lib/gcc/pic32mx/4.8.3/../../../../pic32mx/lib\libpic32.a(vector31.o)
                0x9fc015e0                __vector_dispatch_31
                0x00000001                ASSERT (((_vector_spacing == 0x0) || (SIZEOF (.vector_31) <= (_vector_spacing << 0x5))), function at exception vector 31 too large)

.vector_32      0x9fc01600        0x8
 *(.vector_32)
 .vector_32     0x9fc01600        0x8 c:/program files/microchip/xc32/v2.50/bin/bin/../../lib/gcc/pic32mx/4.8.3/../../../../pic32mx/lib\libpic32.a(vector32.o)
                0x9fc01600                __vector_dispatch_32
                0x00000001                ASSERT (((_vector_spacing == 0x0) || (SIZEOF (.vector_32) <= (_vector_spacing << 0x5))), function at exception vector 32 too large)

.vector_33      0x9fc01620        0x8
 *(.vector_33)
 .vector_33     0x9fc01620        0x8 c:/program files/microchip/xc32/v2.50/bin/bin/../../lib/gcc/pic32mx/4.8.3/../../../../pic32mx/lib\libpic32.a(vector33.o)
                0x9fc01620                __vector_dispatch_33
                0x00000001                ASSERT (((_vector_spacing == 0x0) || (SIZEOF (.vector_33) <= (_vector_spacing << 0x5))), function at exception vector 33 too large)

.vector_34      0x9fc01640        0x8
 *(.vector_34)
 .vector_34     0x9fc01640        0x8 c:/program files/microchip/xc32/v2.50/bin/bin/../../lib/gcc/pic32mx/4.8.3/../../../../pic32mx/lib\libpic32.a(vector34.o)
                0x9fc01640                __vector_dispatch_34
                0x00000001                ASSERT (((_vector_spacing == 0x0) || (SIZEOF (.vector_34) <= (_vector_spacing << 0x5))), function at exception vector 34 too large)

.vector_35      0x9fc01660        0x8
 *(.vector_35)
 .vector_35     0x9fc01660        0x8 build/default/production/_ext/1688732426/system_interrupt.o
                0x9fc01660                __vector_dispatch_35
                0x00000001                ASSERT (((_vector_spacing == 0x0) || (SIZEOF (.vector_35) <= (_vector_spacing << 0x5))), function at exception vector 35 too large)

.vector_36      0x9fc01680        0x8
 *(.vector_36)
 .vector_36     0x9fc01680        0x8 c:/program files/microchip/xc32/v2.50/bin/bin/../../lib/gcc/pic32mx/4.8.3/../../../../pic32mx/lib\libpic32.a(vector36.o)
                0x9fc01680                __vector_dispatch_36
                0x00000001                ASSERT (((_vector_spacing == 0x0) || (SIZEOF (.vector_36) <= (_vector_spacing << 0x5))), function at exception vector 36 too large)

.vector_37      0x9fc016a0        0x8
 *(.vector_37)
 .vector_37     0x9fc016a0        0x8 c:/program files/microchip/xc32/v2.50/bin/bin/../../lib/gcc/pic32mx/4.8.3/../../../../pic32mx/lib\libpic32.a(vector37.o)
                0x9fc016a0                __vector_dispatch_37
                0x00000001                ASSERT (((_vector_spacing == 0x0) || (SIZEOF (.vector_37) <= (_vector_spacing << 0x5))), function at exception vector 37 too large)

.vector_38      0x9fc016c0        0x8
 *(.vector_38)
 .vector_38     0x9fc016c0        0x8 c:/program files/microchip/xc32/v2.50/bin/bin/../../lib/gcc/pic32mx/4.8.3/../../../../pic32mx/lib\libpic32.a(vector38.o)
                0x9fc016c0                __vector_dispatch_38
                0x00000001                ASSERT (((_vector_spacing == 0x0) || (SIZEOF (.vector_38) <= (_vector_spacing << 0x5))), function at exception vector 38 too large)

.vector_39      0x9fc016e0        0x8
 *(.vector_39)
 .vector_39     0x9fc016e0        0x8 build/default/production/_ext/1688732426/system_interrupt.o
                0x9fc016e0                __vector_dispatch_39
                0x00000001                ASSERT (((_vector_spacing == 0x0) || (SIZEOF (.vector_39) <= (_vector_spacing << 0x5))), function at exception vector 39 too large)

.vector_40      0x9fc01700        0x8
 *(.vector_40)
 .vector_40     0x9fc01700        0x8 c:/program files/microchip/xc32/v2.50/bin/bin/../../lib/gcc/pic32mx/4.8.3/../../../../pic32mx/lib\libpic32.a(vector40.o)
                0x9fc01700                __vector_dispatch_40
                0x00000001                ASSERT (((_vector_spacing == 0x0) || (SIZEOF (.vector_40) <= (_vector_spacing << 0x5))), function at exception vector 40 too large)

.vector_41      0x9fc01720        0x8
 *(.vector_41)
 .vector_41     0x9fc01720        0x8 c:/program files/microchip/xc32/v2.50/bin/bin/../../lib/gcc/pic32mx/4.8.3/../../../../pic32mx/lib\libpic32.a(vector41.o)
                0x9fc01720                __vector_dispatch_41
                0x00000001                ASSERT (((_vector_spacing == 0x0) || (SIZEOF (.vector_41) <= (_vector_spacing << 0x5))), function at exception vector 41 too large)

.vector_42      0x9fc01740        0x8
 *(.vector_42)
 .vector_42     0x9fc01740        0x8 c:/program files/microchip/xc32/v2.50/bin/bin/../../lib/gcc/pic32mx/4.8.3/../../../../pic32mx/lib\libpic32.a(vector42.o)
                0x9fc01740                __vector_dispatch_42
                0x00000001                ASSERT (((_vector_spacing == 0x0) || (SIZEOF (.vector_42) <= (_vector_spacing << 0x5))), function at exception vector 42 too large)

.vector_43      0x9fc01760        0x8
 *(.vector_43)
 .vector_43     0x9fc01760        0x8 c:/program files/microchip/xc32/v2.50/bin/bin/../../lib/gcc/pic32mx/4.8.3/../../../../pic32mx/lib\libpic32.a(vector43.o)
                0x9fc01760                __vector_dispatch_43
                0x00000001                ASSERT (((_vector_spacing == 0x0) || (SIZEOF (.vector_43) <= (_vector_spacing << 0x5))), function at exception vector 43 too large)

.vector_44      0x9fc01780        0x8
 *(.vector_44)
 .vector_44     0x9fc01780        0x8 c:/program files/microchip/xc32/v2.50/bin/bin/../../lib/gcc/pic32mx/4.8.3/../../../../pic32mx/lib\libpic32.a(vector44.o)
                0x9fc01780                __vector_dispatch_44
                0x00000001                ASSERT (((_vector_spacing == 0x0) || (SIZEOF (.vector_44) <= (_vector_spacing << 0x5))), function at exception vector 44 too large)

.vector_45      0x9fc017a0        0x8
 *(.vector_45)
 .vector_45     0x9fc017a0        0x8 c:/program files/microchip/xc32/v2.50/bin/bin/../../lib/gcc/pic32mx/4.8.3/../../../../pic32mx/lib\libpic32.a(vector45.o)
                0x9fc017a0                __vector_dispatch_45
                0x00000001                ASSERT (((_vector_spacing == 0x0) || (SIZEOF (.vector_45) <= (_vector_spacing << 0x5))), function at exception vector 45 too large)

.vector_46      0x9fc017c0        0x0
 *(.vector_46)
                0x00000001                ASSERT (((_vector_spacing == 0x0) || (SIZEOF (.vector_46) <= (_vector_spacing << 0x5))), function at exception vector 46 too large)

.vector_47      0x9fc017e0        0x0
 *(.vector_47)
                0x00000001                ASSERT (((_vector_spacing == 0x0) || (SIZEOF (.vector_47) <= (_vector_spacing << 0x5))), function at exception vector 47 too large)

.vector_48      0x9fc01800        0x0
 *(.vector_48)
                0x00000001                ASSERT (((_vector_spacing == 0x0) || (SIZEOF (.vector_48) <= (_vector_spacing << 0x5))), function at exception vector 48 too large)

.vector_49      0x9fc01820        0x0
 *(.vector_49)
                0x00000001                ASSERT (((_vector_spacing == 0x0) || (SIZEOF (.vector_49) <= (_vector_spacing << 0x5))), function at exception vector 49 too large)

.vector_50      0x9fc01840        0x0
 *(.vector_50)
                0x00000001                ASSERT (((_vector_spacing == 0x0) || (SIZEOF (.vector_50) <= (_vector_spacing << 0x5))), function at exception vector 50 too large)

.vector_51      0x9fc01860        0x0
 *(.vector_51)
                0x00000001                ASSERT (((_vector_spacing == 0x0) || (SIZEOF (.vector_51) <= (_vector_spacing << 0x5))), function at exception vector 51 too large)

.vector_52      0x9fc01880        0x0
 *(.vector_52)
                0x00000001                ASSERT (((_vector_spacing == 0x0) || (SIZEOF (.vector_52) <= (_vector_spacing << 0x5))), function at exception vector 52 too large)

.vector_53      0x9fc018a0        0x0
 *(.vector_53)
                0x00000001                ASSERT (((_vector_spacing == 0x0) || (SIZEOF (.vector_53) <= (_vector_spacing << 0x5))), function at exception vector 53 too large)

.vector_54      0x9fc018c0        0x0
 *(.vector_54)
                0x00000001                ASSERT (((_vector_spacing == 0x0) || (SIZEOF (.vector_54) <= (_vector_spacing << 0x5))), function at exception vector 54 too large)

.vector_55      0x9fc018e0        0x0
 *(.vector_55)
                0x00000001                ASSERT (((_vector_spacing == 0x0) || (SIZEOF (.vector_55) <= (_vector_spacing << 0x5))), function at exception vector 55 too large)

.vector_56      0x9fc01900        0x0
 *(.vector_56)
                0x00000001                ASSERT (((_vector_spacing == 0x0) || (SIZEOF (.vector_56) <= (_vector_spacing << 0x5))), function at exception vector 56 too large)

.vector_57      0x9fc01920        0x0
 *(.vector_57)
                0x00000001                ASSERT (((_vector_spacing == 0x0) || (SIZEOF (.vector_57) <= (_vector_spacing << 0x5))), function at exception vector 57 too large)

.vector_58      0x9fc01940        0x0
 *(.vector_58)
                0x00000001                ASSERT (((_vector_spacing == 0x0) || (SIZEOF (.vector_58) <= (_vector_spacing << 0x5))), function at exception vector 58 too large)

.vector_59      0x9fc01960        0x0
 *(.vector_59)
                0x00000001                ASSERT (((_vector_spacing == 0x0) || (SIZEOF (.vector_59) <= (_vector_spacing << 0x5))), function at exception vector 59 too large)

.vector_60      0x9fc01980        0x0
 *(.vector_60)
                0x00000001                ASSERT (((_vector_spacing == 0x0) || (SIZEOF (.vector_60) <= (_vector_spacing << 0x5))), function at exception vector 60 too large)

.vector_61      0x9fc019a0        0x0
 *(.vector_61)
                0x00000001                ASSERT (((_vector_spacing == 0x0) || (SIZEOF (.vector_61) <= (_vector_spacing << 0x5))), function at exception vector 61 too large)

.vector_62      0x9fc019c0        0x0
 *(.vector_62)
                0x00000001                ASSERT (((_vector_spacing == 0x0) || (SIZEOF (.vector_62) <= (_vector_spacing << 0x5))), function at exception vector 62 too large)

.vector_63      0x9fc019e0        0x0
 *(.vector_63)
                0x00000001                ASSERT (((_vector_spacing == 0x0) || (SIZEOF (.vector_63) <= (_vector_spacing << 0x5))), function at exception vector 63 too large)

.startup
 *(.startup)

.text           0x9d000000        0x0
 *(.stub .gnu.linkonce.t.*)
 *(.text.*personality*)
 *(.mips16.fn.*)
 *(.mips16.call.*)
 *(.gnu.warning)
                0x9d000000                . = ALIGN (0x4)

.init           0x9d000000        0x0
 *crti.o(.init)
 *crtbegin.o(.init)
 *(EXCLUDE_FILE(*crtn.o *crtend?.o *crtend.o) .init)
 *crtend.o(.init)
 *crtn.o(.init)
                0x9d000000                . = ALIGN (0x4)

.fini           0x9d000000        0x0
 *(.fini)
                0x9d000000                . = ALIGN (0x4)

.preinit_array  0x9d000000        0x0
                0x9d000000                PROVIDE (__preinit_array_start, .)
 *(.preinit_array)
                0x9d000000                PROVIDE (__preinit_array_end, .)
                0x9d000000                . = ALIGN (0x4)

.init_array     0x9d000000        0x0
                0x9d000000                PROVIDE (__init_array_start, .)
 *(SORT(.init_array.*))
 *(.init_array)
                0x9d000000                PROVIDE (__init_array_end, .)
                0x9d000000                . = ALIGN (0x4)

.fini_array     0x9d000000        0x0
                0x9d000000                PROVIDE (__fini_array_start, .)
 *(SORT(.fini_array.*))
 *(.fini_array)
                0x9d000000                PROVIDE (__fini_array_end, .)
                0x9d000000                . = ALIGN (0x4)

.ctors          0x9d000000        0x0
 *crtbegin.o(.ctors)
 *crtbegin?.o(.ctors)
 *(EXCLUDE_FILE(*crtend?.o *crtend.o) .ctors)
 *(SORT(.ctors.*))
 *(.ctors)
                0x9d000000                . = ALIGN (0x4)

.dtors          0x9d000000        0x0
 *crtbegin.o(.dtors)
 *crtbegin?.o(.dtors)
 *(EXCLUDE_FILE(*crtend?.o *crtend.o) .dtors)
 *(SORT(.dtors.*))
 *(.dtors)
                0x9d000000                . = ALIGN (0x4)

.rodata         0x9d000000        0x0
 *(.gnu.linkonce.r.*)
 *(.rodata1)
                0x9d000000                . = ALIGN (0x4)

.sdata2         0x9fc00490        0x0
 *(.sdata2 .sdata2.* .gnu.linkonce.s2.*)
                0x9fc00490                . = ALIGN (0x4)

.sbss2          0x9fc00490        0x0
 *(.sbss2 .sbss2.* .gnu.linkonce.sb2.*)
                0x9fc00490                . = ALIGN (0x4)

.eh_frame_hdr
 *(.eh_frame_hdr)
                0x9fc00490                . = ALIGN (0x4)

.eh_frame
 *(.eh_frame)
                0x9fc00490                . = ALIGN (0x4)

.gcc_except_table
 *(.gcc_except_table .gcc_except_table.*)
                0x9fc00490                . = ALIGN (0x4)

.dbg_data       0xa0000000        0x0
                0xa0000000                . = (. + DEFINED (_DEBUGGER)?0x200:0x0)

.jcr            0xa0000000        0x0
 *(.jcr)
                0xa0000000                . = ALIGN (0x4)

.eh_frame
 *(.eh_frame)
                0xa0000000                . = ALIGN (0x4)

.gcc_except_table
 *(.gcc_except_table .gcc_except_table.*)
                0xa0000000                . = ALIGN (0x4)

.persist        0xa0000000        0x0
                0xa0000000                _persist_begin = .
 *(.persist .persist.*)
 *(.pbss .pbss.*)
                0xa0000000                . = ALIGN (0x4)
                0xa0000000                _persist_end = .

.data           0xa0000000        0x0
 *(.gnu.linkonce.d.*)
 *(.data1)
                0xa0000000                . = ALIGN (0x4)
                0xa0000000                . = .
                0xa0007ff0                _gp = (ALIGN (0x10) + 0x7ff0)

.got            0xa0000000        0x0
 *(.got.plt)
 *(.got)
                0xa0000000                . = ALIGN (0x4)

.sdata          0xa0000000       0x3c
                0xa0000000                _sdata_begin = .
 *(.sdata .sdata.* .gnu.linkonce.s.*)
 .sdata         0xa0000000        0xb build/default/production/_ext/996065237/drv_encx24j600_spi_bus.o
 *fill*         0xa000000b        0x1 
 .sdata         0xa000000c        0x2 build/default/production/_ext/1728422854/drv_encx24j600_tx_packet.o
                0xa000000c                lastPacketAddr
 *fill*         0xa000000e        0x2 
 .sdata         0xa0000010        0x8 build/default/production/_ext/26143033/arp.o
 .sdata         0xa0000018        0x4 build/default/production/_ext/26143033/tcpip_manager.o
 .sdata         0xa000001c        0xc build/default/production/_ext/1688732426/system_init.o
                0xa000001c                consUsartInit0
                0xa0000024                sysConsoleObjects
 .sdata         0xa0000028        0x8 build/default/production/_ext/1360937237/UDP_app.o
 .sdata         0xa0000030        0x4 build/default/production/_ext/1360937237/main.o
                0xa0000030                test
 .sdata         0xa0000034        0x4 c:/program files/microchip/xc32/v2.50/bin/bin/../../lib/gcc/pic32mx/4.8.3/../../../../pic32mx/lib\liblega-c.a(_iobdata.o)
                0xa0000034                _libc_data
 .sdata         0xa0000038        0x4 c:/program files/microchip/xc32/v2.50/bin/bin/../../lib/gcc/pic32mx/4.8.3/../../../../pic32mx/lib\libpic32.a(xc32_uart.o)
                0xa0000038                __XC_UART
                0xa000003c                . = ALIGN (0x4)
                0xa000003c                _sdata_end = .

.lit8
 *(.lit8)

.lit4
 *(.lit4)
                0xa000003c                . = ALIGN (0x4)
                0xa000003c                _data_end = .
                0xa000003c                _bss_begin = .

.sbss           0xa000003c      0x100
                0xa000003c                _sbss_begin = .
 *(.dynsbss)
 *(.sbss .sbss.* .gnu.linkonce.sb.*)
 .sbss          0xa000003c        0x1 build/default/production/_ext/1360937237/ssd.o
 *fill*         0xa000003d        0x3 
 .sbss          0xa0000040        0x8 build/default/production/_ext/1360937237/accel.o
                0xa0000044                count
                0xa0000046                accel_packet_ready
                0xa0000047                accel_RGB_ready
 .sbss          0xa0000048        0x6 build/default/production/rgbled.o
 .sbss          0xa000004e        0x1 build/default/production/_ext/996065237/drv_encx24j600_spi_bus.o
 *fill*         0xa000004f        0x1 
 .sbss          0xa0000050        0xc build/default/production/_ext/820865379/drv_encx24j600_api.o
 .sbss          0xa000005c        0x1 build/default/production/_ext/915312864/drv_spi.o
 *fill*         0xa000005d        0x3 
 .sbss          0xa0000060        0x4 build/default/production/_ext/1298913485/drv_tmr.o
 .sbss          0xa0000064        0x2 build/default/production/_ext/327000265/drv_usart_static_buffer_queue.o
 *fill*         0xa0000066        0x2 
 .sbss          0xa0000068       0x10 build/default/production/_ext/2001008086/sys_command.o
 .sbss          0xa0000078       0x1c build/default/production/_ext/26143033/ipv4.o
                0xa0000078                _IPv4StayAssertLoop
 .sbss          0xa0000094       0x1c build/default/production/_ext/26143033/udp.o
 .sbss          0xa00000b0       0x24 build/default/production/_ext/26143033/tcpip_manager.o
 .sbss          0xa00000d4        0x8 build/default/production/_ext/26143033/tcpip_packet.o
 .sbss          0xa00000dc        0x8 build/default/production/_ext/1688732426/system_init.o
                0xa00000dc                sysCmdInit
 .sbss          0xa00000e4        0x6 build/default/production/_ext/1360937237/app_commands.o
                0xa00000e4                UDP_bytes_received
                0xa00000e6                UDP_bytes_to_send
                0xa00000e8                UDP_Receive_Packet
                0xa00000e9                UDP_Send_Packet
 *fill*         0xa00000ea        0x2 
 .sbss          0xa00000ec       0x20 build/default/production/_ext/1360937237/main.o
                0xa00000ec                packetnumber
                0xa00000fc                val_test
                0xa0000100                Flag_sec
                0xa0000104                compteur_flag
                0xa0000108                compteur_temps
 .sbss          0xa000010c        0x4 c:/program files/microchip/xc32/v2.50/bin/bin/../../lib/gcc/pic32mx/4.8.3/../../../../pic32mx/lib\liblega-c.a(errno.o)
                0xa000010c                errno
 *(.scommon)
 .scommon       0xa0000110        0x4 build/default/production/_ext/1360937237/ssd.o
                0xa0000110                digits
 .scommon       0xa0000114        0xb build/default/production/_ext/1360937237/accel.o
                0xa0000114                fGRangeLSB
                0xa0000118                accel_buffer
                0xa000011e                accel_data_ready
 .scommon       0xa000011f        0x3 build/default/production/rgbled.o
                0xa000011f                bColR
                0xa0000120                bColG
                0xa0000121                bColB
 *fill*         0xa0000122        0x2 
 .scommon       0xa0000124        0x8 build/default/production/_ext/340578644/sys_devcon.o
                0xa0000124                sysDevconObj
 .scommon       0xa000012c        0x6 build/default/production/_ext/1360937237/app_commands.o
                0xa000012c                UDP_Port_Buffer
 *fill*         0xa0000132        0x2 
 .scommon       0xa0000134        0x8 build/default/production/_ext/1360937237/main.o
                0xa0000134                mainData
                0xa000013c                _sbss_end = .
                0xa000013c                . = ALIGN (0x4)

.bss            0xa0000140     0x5c50
 *(.dynbss)
 *(COMMON)
 COMMON         0xa0000140       0x20 build/default/production/_ext/327000265/drv_usart_static.o
                0xa0000140                gDrvUSART0Obj
 COMMON         0xa0000160     0x4800 build/default/production/_ext/327000265/drv_usart_static_buffer_queue.o
                0xa0000160                gDrvUSARTBufferObj
 COMMON         0xa0004960       0x18 build/default/production/_ext/1688732426/system_init.o
                0xa0004960                sysObj
 COMMON         0xa0004978     0x13f9 build/default/production/_ext/1360937237/app_commands.o
                0xa0004978                UDP_Server_Receive_Buffer
                0xa0004f7c                UDP_Hostname_Buffer
                0xa000507c                UDP_Send_Buffer
                0xa0005680                bufferArea
                0xa0005770                UDP_Receive_Buffer
 *fill*         0xa0005d71        0x7 
 COMMON         0xa0005d78       0x18 build/default/production/_ext/1360937237/UDP_app.o
                0xa0005d78                appData
                0xa0005d90                . = ALIGN ((. != 0x0)?0x4:0x1)
                0xa0005d90                . = ALIGN (0x4)
                0xa0005d90                _end = .
                0xa0005d90                _bss_end = .
                0x00020000                _bmxdudba_address = 0x20000
                0x00020000                _bmxdupba_address = 0x20000

/DISCARD/
 *(.pdr)
 *(.rel.dyn)
 *(.note.GNU-stack)
 *(.note.GNU-stack)
 *(.gnu_debuglink)
 *(.gnu.lto_*)
 *(.discard)

.gptab.sdata
 *(.gptab.data)
 *(.gptab.sdata)

.gptab.sbss
 *(.gptab.bss)
 *(.gptab.sbss)

.mdebug.abi32   0xa0005d90        0x0
 *(.mdebug.abi32)
 .mdebug.abi32  0xa0005d90        0x0 build/default/production/_ext/1360937237/led.o
 .mdebug.abi32  0xa0005d90        0x0 build/default/production/_ext/1360937237/ssd.o
 .mdebug.abi32  0xa0005d90        0x0 build/default/production/_ext/1360937237/accel.o
 .mdebug.abi32  0xa0005d90        0x0 build/default/production/_ext/1360937237/i2c.o
 .mdebug.abi32  0xa0005d90        0x0 build/default/production/_ext/1360937237/lcd.o
 .mdebug.abi32  0xa0005d90        0x0 build/default/production/rgbled.o
 .mdebug.abi32  0xa0005d90        0x0 build/default/production/_ext/1360937237/btn.o
 .mdebug.abi32  0xa0005d90        0x0 build/default/production/_ext/996065237/drv_encx24j600_spi_bus.o
 .mdebug.abi32  0xa0005d90        0x0 build/default/production/_ext/1600828880/drv_encx24j600_closed_state.o
 .mdebug.abi32  0xa0005d90        0x0 build/default/production/_ext/472602724/drv_encx24j600_initialization_state.o
 .mdebug.abi32  0xa0005d90        0x0 build/default/production/_ext/472602724/drv_encx24j600_configure_state.o
 .mdebug.abi32  0xa0005d90        0x0 build/default/production/_ext/472602724/drv_encx24j600_detect_state.o
 .mdebug.abi32  0xa0005d90        0x0 build/default/production/_ext/472602724/drv_encx24j600_reset_state.o
 .mdebug.abi32  0xa0005d90        0x0 build/default/production/_ext/1728422854/drv_encx24j600_tx_packet.o
 .mdebug.abi32  0xa0005d90        0x0 build/default/production/_ext/1728422854/drv_encx24j600_rx_packet.o
 .mdebug.abi32  0xa0005d90        0x0 build/default/production/_ext/999618079/drv_encx24j600_running_state.o
 .mdebug.abi32  0xa0005d90        0x0 build/default/production/_ext/999618079/drv_encx24j600_change_duplex_state.o
 .mdebug.abi32  0xa0005d90        0x0 build/default/production/_ext/999618079/drv_encx24j600_check_int_state.o
 .mdebug.abi32  0xa0005d90        0x0 build/default/production/_ext/999618079/drv_encx24j600_check_status_state.o
 .mdebug.abi32  0xa0005d90        0x0 build/default/production/_ext/999618079/drv_encx24j600_check_tx_status_state.o
 .mdebug.abi32  0xa0005d90        0x0 build/default/production/_ext/999618079/drv_encx24j600_reset_rx_state.o
 .mdebug.abi32  0xa0005d90        0x0 build/default/production/_ext/820865379/drv_encx24j600_api.o
 .mdebug.abi32  0xa0005d90        0x0 build/default/production/_ext/820865379/drv_encx24j600_main_state.o
 .mdebug.abi32  0xa0005d90        0x0 build/default/production/_ext/820865379/drv_encx24j600_utils.o
 .mdebug.abi32  0xa0005d90        0x0 build/default/production/_ext/977502197/drv_spi_tasks.o
 .mdebug.abi32  0xa0005d90        0x0 build/default/production/_ext/977502197/drv_spi_api.o
 .mdebug.abi32  0xa0005d90        0x0 build/default/production/_ext/977502197/drv_spi_master_ebm_tasks.o
 .mdebug.abi32  0xa0005d90        0x0 build/default/production/_ext/915312864/drv_spi.o
 .mdebug.abi32  0xa0005d90        0x0 build/default/production/_ext/2077795248/drv_spi_sys_queue_fifo.o
 .mdebug.abi32  0xa0005d90        0x0 build/default/production/_ext/1298913485/drv_tmr.o
 .mdebug.abi32  0xa0005d90        0x0 build/default/production/_ext/327000265/drv_usart_mapping.o
 .mdebug.abi32  0xa0005d90        0x0 build/default/production/_ext/327000265/drv_usart_static.o
 .mdebug.abi32  0xa0005d90        0x0 build/default/production/_ext/327000265/drv_usart_static_buffer_queue.o
 .mdebug.abi32  0xa0005d90        0x0 build/default/production/_ext/327000265/drv_usart_static_read_write.o
 .mdebug.abi32  0xa0005d90        0x0 build/default/production/_ext/639803181/sys_clk_pic32mx.o
 .mdebug.abi32  0xa0005d90        0x0 build/default/production/_ext/2001008086/sys_command.o
 .mdebug.abi32  0xa0005d90        0x0 build/default/production/_ext/1544295906/sys_console.o
 .mdebug.abi32  0xa0005d90        0x0 build/default/production/_ext/1544295906/sys_console_uart.o
 .mdebug.abi32  0xa0005d90        0x0 build/default/production/_ext/340578644/sys_devcon.o
 .mdebug.abi32  0xa0005d90        0x0 build/default/production/_ext/340578644/sys_devcon_pic32mx.o
 .mdebug.abi32  0xa0005d90        0x0 build/default/production/_ext/1735427962/sys_int_pic32.o
 .mdebug.abi32  0xa0005d90        0x0 build/default/production/_ext/822048611/sys_ports_static.o
 .mdebug.abi32  0xa0005d90        0x0 build/default/production/_ext/327917790/sys_random.o
 .mdebug.abi32  0xa0005d90        0x0 build/default/production/_ext/68765530/sys_reset.o
 .mdebug.abi32  0xa0005d90        0x0 build/default/production/_ext/1417409628/sys_tmr.o
 .mdebug.abi32  0xa0005d90        0x0 build/default/production/_ext/1881663949/helpers.o
 .mdebug.abi32  0xa0005d90        0x0 build/default/production/_ext/26143033/ipv4.o
 .mdebug.abi32  0xa0005d90        0x0 build/default/production/_ext/26143033/udp.o
 .mdebug.abi32  0xa0005d90        0x0 build/default/production/_ext/26143033/tcpip_heap_alloc.o
 .mdebug.abi32  0xa0005d90        0x0 build/default/production/_ext/26143033/tcpip_heap_internal.o
 .mdebug.abi32  0xa0005d90        0x0 build/default/production/_ext/26143033/arp.o
 .mdebug.abi32  0xa0005d90        0x0 build/default/production/_ext/26143033/dns.o
 .mdebug.abi32  0xa0005d90        0x0 build/default/production/_ext/26143033/hash_fnv.o
 .mdebug.abi32  0xa0005d90        0x0 build/default/production/_ext/26143033/oahash.o
 .mdebug.abi32  0xa0005d90        0x0 build/default/production/_ext/26143033/tcpip_helpers.o
 .mdebug.abi32  0xa0005d90        0x0 build/default/production/_ext/26143033/tcpip_manager.o
 .mdebug.abi32  0xa0005d90        0x0 build/default/production/_ext/26143033/tcpip_notify.o
 .mdebug.abi32  0xa0005d90        0x0 build/default/production/_ext/26143033/tcpip_packet.o
 .mdebug.abi32  0xa0005d90        0x0 build/default/production/_ext/1688732426/system_init.o
 .mdebug.abi32  0xa0005d90        0x0 build/default/production/_ext/1688732426/system_interrupt.o
 .mdebug.abi32  0xa0005d90        0x0 build/default/production/_ext/1688732426/system_tasks.o
 .mdebug.abi32  0xa0005d90        0x0 build/default/production/_ext/1360937237/app_commands.o
 .mdebug.abi32  0xa0005d90        0x0 build/default/production/_ext/1360937237/UDP_app.o
 .mdebug.abi32  0xa0005d90        0x0 build/default/production/_ext/1360937237/main.o
 .mdebug.abi32  0xa0005d90        0x0 build/default/production/_ext/1360937237/adc.o
 .mdebug.abi32  0xa0005d90        0x0 build/default/production/_ext/1360937237/aic.o
 .mdebug.abi32  0xa0005d90        0x0 c:/program files/microchip/xc32/v2.50/bin/bin/../../lib/gcc/pic32mx/4.8.3\libgcc.a(_udivdi3.o)
 .mdebug.abi32  0xa0005d90        0x0 c:/program files/microchip/xc32/v2.50/bin/bin/../../lib/gcc/pic32mx/4.8.3\libgcc.a(floatunsisf.o)
 .mdebug.abi32  0xa0005d90        0x0 c:/program files/microchip/xc32/v2.50/bin/bin/../../lib/gcc/pic32mx/4.8.3/../../../../pic32mx/lib\libpic32.a(default-bootstrap-exception-handler.o)
 .mdebug.abi32  0xa0005d90        0x0 c:/program files/microchip/xc32/v2.50/bin/bin/../../lib/gcc/pic32mx/4.8.3/../../../../pic32mx/lib\libpic32.a(default-on-reset.o)
 .mdebug.abi32  0xa0005d90        0x0 c:/program files/microchip/xc32/v2.50/bin/bin/../../lib/gcc/pic32mx/4.8.3/../../../../pic32mx/lib\libpic32.a(default-on-bootstrap.o)
 .mdebug.abi32  0xa0005d90        0x0 c:/program files/microchip/xc32/v2.50/bin/bin/../../lib/gcc/pic32mx/4.8.3/../../../../pic32mx/lib\libpic32.a(default-general-exception-handler.o)
 .mdebug.abi32  0xa0005d90        0x0 c:/program files/microchip/xc32/v2.50/bin/bin/../../lib/gcc/pic32mx/4.8.3/../../../../pic32mx/lib\libpic32.a(defaultinterrupt.o)
 .mdebug.abi32  0xa0005d90        0x0 c:/program files/microchip/xc32/v2.50/bin/bin/../../lib/gcc/pic32mx/4.8.3/../../../../pic32mx/lib\liblega-c.a(strncpy.o)
 .mdebug.abi32  0xa0005d90        0x0 c:/program files/microchip/xc32/v2.50/bin/bin/../../lib/gcc/pic32mx/4.8.3/../../../../pic32mx/lib\liblega-c.a(ctype.o)
 .mdebug.abi32  0xa0005d90        0x0 c:/program files/microchip/xc32/v2.50/bin/bin/../../lib/gcc/pic32mx/4.8.3/../../../../pic32mx/lib\liblega-c.a(ctypef.o)
 .mdebug.abi32  0xa0005d90        0x0 c:/program files/microchip/xc32/v2.50/bin/bin/../../lib/gcc/pic32mx/4.8.3/../../../../pic32mx/lib\liblega-c.a(malloc.o)
 .mdebug.abi32  0xa0005d90        0x0 c:/program files/microchip/xc32/v2.50/bin/bin/../../lib/gcc/pic32mx/4.8.3/../../../../pic32mx/lib\liblega-c.a(malloc_calloc.o)
 .mdebug.abi32  0xa0005d90        0x0 c:/program files/microchip/xc32/v2.50/bin/bin/../../lib/gcc/pic32mx/4.8.3/../../../../pic32mx/lib\liblega-c.a(rand.o)
 .mdebug.abi32  0xa0005d90        0x0 c:/program files/microchip/xc32/v2.50/bin/bin/../../lib/gcc/pic32mx/4.8.3/../../../../pic32mx/lib\liblega-c.a(errno.o)
 .mdebug.abi32  0xa0005d90        0x0 c:/program files/microchip/xc32/v2.50/bin/bin/../../lib/gcc/pic32mx/4.8.3/../../../../pic32mx/lib\liblega-c.a(strtol.o)
 .mdebug.abi32  0xa0005d90        0x0 c:/program files/microchip/xc32/v2.50/bin/bin/../../lib/gcc/pic32mx/4.8.3/../../../../pic32mx/lib\liblega-c.a(sprintf_cdfFnopsuxX.eo)
 .mdebug.abi32  0xa0005d90        0x0 c:/program files/microchip/xc32/v2.50/bin/bin/../../lib/gcc/pic32mx/4.8.3/../../../../pic32mx/lib\liblega-c.a(snprintf_cdnopsuxX.eo)
 .mdebug.abi32  0xa0005d90        0x0 c:/program files/microchip/xc32/v2.50/bin/bin/../../lib/gcc/pic32mx/4.8.3/../../../../pic32mx/lib\liblega-c.a(vsnprintf.o)
 .mdebug.abi32  0xa0005d90        0x0 c:/program files/microchip/xc32/v2.50/bin/bin/../../lib/gcc/pic32mx/4.8.3/../../../../pic32mx/lib\liblega-c.a(stubs.o)
 .mdebug.abi32  0xa0005d90        0x0 c:/program files/microchip/xc32/v2.50/bin/bin/../../lib/gcc/pic32mx/4.8.3/../../../../pic32mx/lib\liblega-c.a(_doprnt_cdfFnopsuxX.eo)
 .mdebug.abi32  0xa0005d90        0x0 c:/program files/microchip/xc32/v2.50/bin/bin/../../lib/gcc/pic32mx/4.8.3/../../../../pic32mx/lib\liblega-c.a(_doprnt.o)
 .mdebug.abi32  0xa0005d90        0x0 c:/program files/microchip/xc32/v2.50/bin/bin/../../lib/gcc/pic32mx/4.8.3/../../../../pic32mx/lib\liblega-c.a(_iobdata.o)
 .mdebug.abi32  0xa0005d90        0x0 c:/program files/microchip/xc32/v2.50/bin/bin/../../lib/gcc/pic32mx/4.8.3/../../../../pic32mx/lib\liblega-c.a(_iobfuncs.o)
 .mdebug.abi32  0xa0005d90        0x0 c:/program files/microchip/xc32/v2.50/bin/bin/../../lib/gcc/pic32mx/4.8.3/../../../../pic32mx/lib\liblega-c.a(_iobstring.o)
 .mdebug.abi32  0xa0005d90        0x0 c:/program files/microchip/xc32/v2.50/bin/bin/../../lib/gcc/pic32mx/4.8.3/../../../../pic32mx/lib\liblega-c.a(fputc.o)
 .mdebug.abi32  0xa0005d90        0x0 c:/program files/microchip/xc32/v2.50/bin/bin/../../lib/gcc/pic32mx/4.8.3/../../../../pic32mx/lib\libm.a(w_log.o)
 .mdebug.abi32  0xa0005d90        0x0 c:/program files/microchip/xc32/v2.50/bin/bin/../../lib/gcc/pic32mx/4.8.3/../../../../pic32mx/lib\libm.a(s_lib_ver.o)
 .mdebug.abi32  0xa0005d90        0x0 c:/program files/microchip/xc32/v2.50/bin/bin/../../lib/gcc/pic32mx/4.8.3\libgcc.a(_umoddi3.o)
 .mdebug.abi32  0xa0005d90        0x0 c:/program files/microchip/xc32/v2.50/bin/bin/../../lib/gcc/pic32mx/4.8.3/../../../../pic32mx/lib\libpic32.a(sbrk.o)
 .mdebug.abi32  0xa0005d90        0x0 c:/program files/microchip/xc32/v2.50/bin/bin/../../lib/gcc/pic32mx/4.8.3/../../../../pic32mx/lib\libpic32.a(_mon_getc.o)
 .mdebug.abi32  0xa0005d90        0x0 c:/program files/microchip/xc32/v2.50/bin/bin/../../lib/gcc/pic32mx/4.8.3/../../../../pic32mx/lib\libpic32.a(_mon_write.o)
 .mdebug.abi32  0xa0005d90        0x0 c:/program files/microchip/xc32/v2.50/bin/bin/../../lib/gcc/pic32mx/4.8.3/../../../../pic32mx/lib\libpic32.a(xc32_uart.o)
 .mdebug.abi32  0xa0005d90        0x0 c:/program files/microchip/xc32/v2.50/bin/bin/../../lib/gcc/pic32mx/4.8.3/../../../../pic32mx/lib\libpic32.a(isinf.o)
 .mdebug.abi32  0xa0005d90        0x0 c:/program files/microchip/xc32/v2.50/bin/bin/../../lib/gcc/pic32mx/4.8.3/../../../../pic32mx/lib\libpic32.a(_mon_putc.o)
 .mdebug.abi32  0xa0005d90        0x0 c:/program files/microchip/xc32/v2.50/bin/bin/../../lib/gcc/pic32mx/4.8.3/../../../../pic32mx/lib\libe.a(_unorddf2.o)

.mdebug.abiN32
 *(.mdebug.abiN32)

.mdebug.abi64
 *(.mdebug.abi64)

.mdebug.abiO64
 *(.mdebug.abiO64)

.mdebug.eabi32
 *(.mdebug.eabi32)

.mdebug.eabi64
 *(.mdebug.eabi64)

.gcc_compiled_long32
 *(.gcc_compiled_long32)

.gcc_compiled_long64
 *(.gcc_compiled_long64)

.stab
 *(.stab)

.stabstr
 *(.stabstr)

.stab.excl
 *(.stab.excl)

.stab.exclstr
 *(.stab.exclstr)

.stab.index
 *(.stab.index)

.stab.indexstr
 *(.stab.indexstr)

.comment        0x00000000      0x5f4
 *(.comment)
 .comment       0x00000000       0x3c build/default/production/_ext/1360937237/led.o
                                 0x3d (size before relaxing)
 .comment       0x00000000       0x3d build/default/production/_ext/1360937237/ssd.o
 .comment       0x00000000       0x3d build/default/production/_ext/1360937237/accel.o
 .comment       0x00000000       0x3d build/default/production/_ext/1360937237/i2c.o
 .comment       0x00000000       0x3d build/default/production/_ext/1360937237/lcd.o
 .comment       0x00000000       0x3d build/default/production/rgbled.o
 .comment       0x00000000       0x3d build/default/production/_ext/1360937237/btn.o
 .comment       0x00000000       0x3d build/default/production/_ext/996065237/drv_encx24j600_spi_bus.o
 .comment       0x00000000       0x3d build/default/production/_ext/1600828880/drv_encx24j600_closed_state.o
 .comment       0x00000000       0x3d build/default/production/_ext/472602724/drv_encx24j600_initialization_state.o
 .comment       0x00000000       0x3d build/default/production/_ext/472602724/drv_encx24j600_configure_state.o
 .comment       0x00000000       0x3d build/default/production/_ext/472602724/drv_encx24j600_detect_state.o
 .comment       0x00000000       0x3d build/default/production/_ext/472602724/drv_encx24j600_reset_state.o
 .comment       0x00000000       0x3d build/default/production/_ext/1728422854/drv_encx24j600_tx_packet.o
 .comment       0x00000000       0x3d build/default/production/_ext/1728422854/drv_encx24j600_rx_packet.o
 .comment       0x00000000       0x3d build/default/production/_ext/999618079/drv_encx24j600_running_state.o
 .comment       0x00000000       0x3d build/default/production/_ext/999618079/drv_encx24j600_change_duplex_state.o
 .comment       0x00000000       0x3d build/default/production/_ext/999618079/drv_encx24j600_check_int_state.o
 .comment       0x00000000       0x3d build/default/production/_ext/999618079/drv_encx24j600_check_status_state.o
 .comment       0x00000000       0x3d build/default/production/_ext/999618079/drv_encx24j600_check_tx_status_state.o
 .comment       0x00000000       0x3d build/default/production/_ext/999618079/drv_encx24j600_reset_rx_state.o
 .comment       0x00000000       0x3d build/default/production/_ext/820865379/drv_encx24j600_api.o
 .comment       0x00000000       0x3d build/default/production/_ext/820865379/drv_encx24j600_main_state.o
 .comment       0x00000000       0x3d build/default/production/_ext/820865379/drv_encx24j600_utils.o
 .comment       0x00000000       0x3d build/default/production/_ext/977502197/drv_spi_tasks.o
 .comment       0x00000000       0x3d build/default/production/_ext/977502197/drv_spi_api.o
 .comment       0x00000000       0x3d build/default/production/_ext/977502197/drv_spi_master_ebm_tasks.o
 .comment       0x00000000       0x3d build/default/production/_ext/915312864/drv_spi.o
 .comment       0x00000000       0x3d build/default/production/_ext/2077795248/drv_spi_sys_queue_fifo.o
 .comment       0x00000000       0x3d build/default/production/_ext/1298913485/drv_tmr.o
 .comment       0x00000000       0x3d build/default/production/_ext/327000265/drv_usart_mapping.o
 .comment       0x00000000       0x3d build/default/production/_ext/327000265/drv_usart_static.o
 .comment       0x00000000       0x3d build/default/production/_ext/327000265/drv_usart_static_buffer_queue.o
 .comment       0x00000000       0x3d build/default/production/_ext/327000265/drv_usart_static_read_write.o
 .comment       0x00000000       0x3d build/default/production/_ext/639803181/sys_clk_pic32mx.o
 .comment       0x00000000       0x3d build/default/production/_ext/2001008086/sys_command.o
 .comment       0x00000000       0x3d build/default/production/_ext/1544295906/sys_console.o
 .comment       0x00000000       0x3d build/default/production/_ext/1544295906/sys_console_uart.o
 .comment       0x00000000       0x3d build/default/production/_ext/340578644/sys_devcon.o
 .comment       0x00000000       0x3d build/default/production/_ext/340578644/sys_devcon_pic32mx.o
 .comment       0x00000000       0x3d build/default/production/_ext/1735427962/sys_int_pic32.o
 .comment       0x00000000       0x3d build/default/production/_ext/822048611/sys_ports_static.o
 .comment       0x00000000       0x3d build/default/production/_ext/327917790/sys_random.o
 .comment       0x00000000       0x3d build/default/production/_ext/68765530/sys_reset.o
 .comment       0x00000000       0x3d build/default/production/_ext/1417409628/sys_tmr.o
 .comment       0x00000000       0x3d build/default/production/_ext/1881663949/helpers.o
 .comment       0x00000000       0x3d build/default/production/_ext/26143033/ipv4.o
 .comment       0x00000000       0x3d build/default/production/_ext/26143033/udp.o
 .comment       0x00000000       0x3d build/default/production/_ext/26143033/tcpip_heap_alloc.o
 .comment       0x00000000       0x3d build/default/production/_ext/26143033/tcpip_heap_internal.o
 .comment       0x00000000       0x3d build/default/production/_ext/26143033/arp.o
 .comment       0x00000000       0x3d build/default/production/_ext/26143033/dns.o
 .comment       0x00000000       0x3d build/default/production/_ext/26143033/hash_fnv.o
 .comment       0x00000000       0x3d build/default/production/_ext/26143033/oahash.o
 .comment       0x00000000       0x3d build/default/production/_ext/26143033/tcpip_helpers.o
 .comment       0x00000000       0x3d build/default/production/_ext/26143033/tcpip_manager.o
 .comment       0x00000000       0x3d build/default/production/_ext/26143033/tcpip_notify.o
 .comment       0x00000000       0x3d build/default/production/_ext/26143033/tcpip_packet.o
 .comment       0x00000000       0x3d build/default/production/_ext/1688732426/system_init.o
 .comment       0x00000000       0x3d build/default/production/_ext/1688732426/system_interrupt.o
 .comment       0x00000000       0x3d build/default/production/_ext/1688732426/system_tasks.o
 .comment       0x00000000       0x3d build/default/production/_ext/1360937237/app_commands.o
 .comment       0x00000000       0x3d build/default/production/_ext/1360937237/UDP_app.o
 .comment       0x00000000       0x3d build/default/production/_ext/1360937237/main.o
 .comment       0x00000000       0x3d build/default/production/_ext/1360937237/adc.o
 .comment       0x00000000       0x3d build/default/production/_ext/1360937237/aic.o
 .comment       0x00000000       0x3d c:/program files/microchip/xc32/v2.50/bin/bin/../../lib/gcc/pic32mx/4.8.3\libgcc.a(_udivdi3.o)
 .comment       0x00000000       0x3d c:/program files/microchip/xc32/v2.50/bin/bin/../../lib/gcc/pic32mx/4.8.3\libgcc.a(floatunsisf.o)
 .comment       0x0000003c       0x18 c:/program files/microchip/xc32/v2.50/bin/bin/../../lib/gcc/pic32mx/4.8.3/../../../../pic32mx/lib\libpic32.a(memset.o)
                                 0x19 (size before relaxing)
 .comment       0x00000054       0x19 c:/program files/microchip/xc32/v2.50/bin/bin/../../lib/gcc/pic32mx/4.8.3/../../../../pic32mx/lib\libpic32.a(strcmp.o)
                                 0x1a (size before relaxing)
 .comment       0x0000006d       0x19 c:/program files/microchip/xc32/v2.50/bin/bin/../../lib/gcc/pic32mx/4.8.3/../../../../pic32mx/lib\libpic32.a(strcpy.o)
                                 0x1a (size before relaxing)
 .comment       0x00000086       0x19 c:/program files/microchip/xc32/v2.50/bin/bin/../../lib/gcc/pic32mx/4.8.3/../../../../pic32mx/lib\libpic32.a(strlen.o)
                                 0x1a (size before relaxing)
 .comment       0x00000000       0x3d c:/program files/microchip/xc32/v2.50/bin/bin/../../lib/gcc/pic32mx/4.8.3/../../../../pic32mx/lib\libpic32.a(default-bootstrap-exception-handler.o)
 .comment       0x00000000       0x3d c:/program files/microchip/xc32/v2.50/bin/bin/../../lib/gcc/pic32mx/4.8.3/../../../../pic32mx/lib\libpic32.a(default-on-reset.o)
 .comment       0x00000000       0x3d c:/program files/microchip/xc32/v2.50/bin/bin/../../lib/gcc/pic32mx/4.8.3/../../../../pic32mx/lib\libpic32.a(default-on-bootstrap.o)
 .comment       0x00000000       0x3d c:/program files/microchip/xc32/v2.50/bin/bin/../../lib/gcc/pic32mx/4.8.3/../../../../pic32mx/lib\libpic32.a(default-general-exception-handler.o)
 .comment       0x00000000       0x3d c:/program files/microchip/xc32/v2.50/bin/bin/../../lib/gcc/pic32mx/4.8.3/../../../../pic32mx/lib\libpic32.a(defaultinterrupt.o)
 .comment       0x0000009f       0x50 c:/program files/microchip/xc32/v2.50/bin/bin/../../lib/gcc/pic32mx/4.8.3/../../../../pic32mx/lib\liblega-c.a(strncpy.o)
                                 0x8d (size before relaxing)
 .comment       0x000000ef       0x4e c:/program files/microchip/xc32/v2.50/bin/bin/../../lib/gcc/pic32mx/4.8.3/../../../../pic32mx/lib\liblega-c.a(ctype.o)
                                 0x8b (size before relaxing)
 .comment       0x0000013d       0x4f c:/program files/microchip/xc32/v2.50/bin/bin/../../lib/gcc/pic32mx/4.8.3/../../../../pic32mx/lib\liblega-c.a(ctypef.o)
                                 0x8c (size before relaxing)
 .comment       0x00000000       0x3d c:/program files/microchip/xc32/v2.50/bin/bin/../../lib/gcc/pic32mx/4.8.3/../../../../pic32mx/lib\liblega-c.a(malloc.o)
 .comment       0x00000000       0x3d c:/program files/microchip/xc32/v2.50/bin/bin/../../lib/gcc/pic32mx/4.8.3/../../../../pic32mx/lib\liblega-c.a(malloc_calloc.o)
 .comment       0x0000018c       0x4d c:/program files/microchip/xc32/v2.50/bin/bin/../../lib/gcc/pic32mx/4.8.3/../../../../pic32mx/lib\liblega-c.a(rand.o)
                                 0x8a (size before relaxing)
 .comment       0x000001d9       0x4e c:/program files/microchip/xc32/v2.50/bin/bin/../../lib/gcc/pic32mx/4.8.3/../../../../pic32mx/lib\liblega-c.a(errno.o)
                                 0x8b (size before relaxing)
 .comment       0x00000227       0x4f c:/program files/microchip/xc32/v2.50/bin/bin/../../lib/gcc/pic32mx/4.8.3/../../../../pic32mx/lib\liblega-c.a(strtol.o)
                                 0x8c (size before relaxing)
 .comment       0x00000276       0x52 c:/program files/microchip/xc32/v2.50/bin/bin/../../lib/gcc/pic32mx/4.8.3/../../../../pic32mx/lib\liblega-c.a(sprintf_cdfFnopsuxX.eo)
                                 0x8f (size before relaxing)
 .comment       0x000002c8       0x53 c:/program files/microchip/xc32/v2.50/bin/bin/../../lib/gcc/pic32mx/4.8.3/../../../../pic32mx/lib\liblega-c.a(snprintf_cdnopsuxX.eo)
                                 0x90 (size before relaxing)
 .comment       0x0000031b       0x54 c:/program files/microchip/xc32/v2.50/bin/bin/../../lib/gcc/pic32mx/4.8.3/../../../../pic32mx/lib\liblega-c.a(vsnprintf.o)
                                 0x91 (size before relaxing)
 .comment       0x0000036f       0x4e c:/program files/microchip/xc32/v2.50/bin/bin/../../lib/gcc/pic32mx/4.8.3/../../../../pic32mx/lib\liblega-c.a(stubs.o)
                                 0x8b (size before relaxing)
 .comment       0x000003bd       0x52 c:/program files/microchip/xc32/v2.50/bin/bin/../../lib/gcc/pic32mx/4.8.3/../../../../pic32mx/lib\liblega-c.a(_doprnt_cdfFnopsuxX.eo)
                                 0x8f (size before relaxing)
 .comment       0x00000000       0x8f c:/program files/microchip/xc32/v2.50/bin/bin/../../lib/gcc/pic32mx/4.8.3/../../../../pic32mx/lib\liblega-c.a(_doprnt.o)
 .comment       0x0000040f       0x53 c:/program files/microchip/xc32/v2.50/bin/bin/../../lib/gcc/pic32mx/4.8.3/../../../../pic32mx/lib\liblega-c.a(_iobdata.o)
                                 0x90 (size before relaxing)
 .comment       0x00000462       0x54 c:/program files/microchip/xc32/v2.50/bin/bin/../../lib/gcc/pic32mx/4.8.3/../../../../pic32mx/lib\liblega-c.a(_iobfuncs.o)
                                 0x91 (size before relaxing)
 .comment       0x000004b6       0x55 c:/program files/microchip/xc32/v2.50/bin/bin/../../lib/gcc/pic32mx/4.8.3/../../../../pic32mx/lib\liblega-c.a(_iobstring.o)
                                 0x92 (size before relaxing)
 .comment       0x0000050b       0x50 c:/program files/microchip/xc32/v2.50/bin/bin/../../lib/gcc/pic32mx/4.8.3/../../../../pic32mx/lib\liblega-c.a(fputc.o)
                                 0x8d (size before relaxing)
 .comment       0x00000000       0x3d c:/program files/microchip/xc32/v2.50/bin/bin/../../lib/gcc/pic32mx/4.8.3/../../../../pic32mx/lib\libm.a(w_log.o)
 .comment       0x00000000       0x3d c:/program files/microchip/xc32/v2.50/bin/bin/../../lib/gcc/pic32mx/4.8.3/../../../../pic32mx/lib\libm.a(s_lib_ver.o)
 .comment       0x00000000       0x3d c:/program files/microchip/xc32/v2.50/bin/bin/../../lib/gcc/pic32mx/4.8.3\libgcc.a(_umoddi3.o)
 .comment       0x0000055b       0x4b c:/program files/microchip/xc32/v2.50/bin/bin/../../lib/gcc/pic32mx/4.8.3/../../../../pic32mx/lib\libpic32.a(sbrk.o)
                                 0x88 (size before relaxing)
 .comment       0x00000000       0x3d c:/program files/microchip/xc32/v2.50/bin/bin/../../lib/gcc/pic32mx/4.8.3/../../../../pic32mx/lib\libpic32.a(_mon_getc.o)
 .comment       0x00000000       0x3d c:/program files/microchip/xc32/v2.50/bin/bin/../../lib/gcc/pic32mx/4.8.3/../../../../pic32mx/lib\libpic32.a(_mon_write.o)
 .comment       0x00000000       0x3d c:/program files/microchip/xc32/v2.50/bin/bin/../../lib/gcc/pic32mx/4.8.3/../../../../pic32mx/lib\libpic32.a(xc32_uart.o)
 .comment       0x00000000       0x3d c:/program files/microchip/xc32/v2.50/bin/bin/../../lib/gcc/pic32mx/4.8.3/../../../../pic32mx/lib\libpic32.a(isinf.o)
 .comment       0x00000000       0x3d c:/program files/microchip/xc32/v2.50/bin/bin/../../lib/gcc/pic32mx/4.8.3/../../../../pic32mx/lib\libpic32.a(_mon_putc.o)
 .comment       0x000005a6       0x4e c:/program files/microchip/xc32/v2.50/bin/bin/../../lib/gcc/pic32mx/4.8.3/../../../../pic32mx/lib\libe.a(_unorddf2.o)
                                 0x8b (size before relaxing)

.debug
 *(.debug)

.line
 *(.line)

.debug_srcinfo
 *(.debug_srcinfo)

.debug_sfnames
 *(.debug_sfnames)

.debug_aranges  0x00000000     0x20f8
 *(.debug_aranges)
 .debug_aranges
                0x00000000       0x40 build/default/production/_ext/1360937237/led.o
 .debug_aranges
                0x00000040       0x58 build/default/production/_ext/1360937237/ssd.o
 .debug_aranges
                0x00000098       0x70 build/default/production/_ext/1360937237/accel.o
 .debug_aranges
                0x00000108       0x38 build/default/production/_ext/1360937237/i2c.o
 .debug_aranges
                0x00000140       0xd8 build/default/production/_ext/1360937237/lcd.o
 .debug_aranges
                0x00000218       0x50 build/default/production/rgbled.o
 .debug_aranges
                0x00000268       0x38 build/default/production/_ext/1360937237/btn.o
 .debug_aranges
                0x000002a0      0x118 build/default/production/_ext/996065237/drv_encx24j600_spi_bus.o
 .debug_aranges
                0x000003b8       0x30 build/default/production/_ext/1600828880/drv_encx24j600_closed_state.o
 .debug_aranges
                0x000003e8       0x30 build/default/production/_ext/472602724/drv_encx24j600_initialization_state.o
 .debug_aranges
                0x00000418       0x30 build/default/production/_ext/472602724/drv_encx24j600_configure_state.o
 .debug_aranges
                0x00000448       0x30 build/default/production/_ext/472602724/drv_encx24j600_detect_state.o
 .debug_aranges
                0x00000478       0x30 build/default/production/_ext/472602724/drv_encx24j600_reset_state.o
 .debug_aranges
                0x000004a8       0x30 build/default/production/_ext/1728422854/drv_encx24j600_tx_packet.o
 .debug_aranges
                0x000004d8       0x38 build/default/production/_ext/1728422854/drv_encx24j600_rx_packet.o
 .debug_aranges
                0x00000510       0x30 build/default/production/_ext/999618079/drv_encx24j600_running_state.o
 .debug_aranges
                0x00000540       0x30 build/default/production/_ext/999618079/drv_encx24j600_change_duplex_state.o
 .debug_aranges
                0x00000570       0x30 build/default/production/_ext/999618079/drv_encx24j600_check_int_state.o
 .debug_aranges
                0x000005a0       0x30 build/default/production/_ext/999618079/drv_encx24j600_check_status_state.o
 .debug_aranges
                0x000005d0       0x30 build/default/production/_ext/999618079/drv_encx24j600_check_tx_status_state.o
 .debug_aranges
                0x00000600       0x20 build/default/production/_ext/999618079/drv_encx24j600_reset_rx_state.o
 .debug_aranges
                0x00000620       0xd8 build/default/production/_ext/820865379/drv_encx24j600_api.o
 .debug_aranges
                0x000006f8       0x20 build/default/production/_ext/820865379/drv_encx24j600_main_state.o
 .debug_aranges
                0x00000718       0x28 build/default/production/_ext/820865379/drv_encx24j600_utils.o
 .debug_aranges
                0x00000740       0x20 build/default/production/_ext/977502197/drv_spi_tasks.o
 .debug_aranges
                0x00000760       0x28 build/default/production/_ext/977502197/drv_spi_api.o
 .debug_aranges
                0x00000788       0x28 build/default/production/_ext/977502197/drv_spi_master_ebm_tasks.o
 .debug_aranges
                0x000007b0       0x98 build/default/production/_ext/915312864/drv_spi.o
 .debug_aranges
                0x00000848       0xd8 build/default/production/_ext/2077795248/drv_spi_sys_queue_fifo.o
 .debug_aranges
                0x00000920      0x110 build/default/production/_ext/1298913485/drv_tmr.o
 .debug_aranges
                0x00000a30       0xc0 build/default/production/_ext/327000265/drv_usart_mapping.o
 .debug_aranges
                0x00000af0       0xa0 build/default/production/_ext/327000265/drv_usart_static.o
 .debug_aranges
                0x00000b90       0x48 build/default/production/_ext/327000265/drv_usart_static_buffer_queue.o
 .debug_aranges
                0x00000bd8       0x28 build/default/production/_ext/327000265/drv_usart_static_read_write.o
 .debug_aranges
                0x00000c00       0x50 build/default/production/_ext/639803181/sys_clk_pic32mx.o
 .debug_aranges
                0x00000c50       0xd0 build/default/production/_ext/2001008086/sys_command.o
 .debug_aranges
                0x00000d20       0x60 build/default/production/_ext/1544295906/sys_console.o
 .debug_aranges
                0x00000d80       0x60 build/default/production/_ext/1544295906/sys_console_uart.o
 .debug_aranges
                0x00000de0       0x78 build/default/production/_ext/340578644/sys_devcon.o
 .debug_aranges
                0x00000e58       0x20 build/default/production/_ext/340578644/sys_devcon_pic32mx.o
 .debug_aranges
                0x00000e78       0x48 build/default/production/_ext/1735427962/sys_int_pic32.o
 .debug_aranges
                0x00000ec0      0x148 build/default/production/_ext/822048611/sys_ports_static.o
 .debug_aranges
                0x00001008       0x38 build/default/production/_ext/327917790/sys_random.o
 .debug_aranges
                0x00001040       0x38 build/default/production/_ext/68765530/sys_reset.o
 .debug_aranges
                0x00001078       0xd0 build/default/production/_ext/1417409628/sys_tmr.o
 .debug_aranges
                0x00001148       0x40 build/default/production/_ext/1881663949/helpers.o
 .debug_aranges
                0x00001188       0xc0 build/default/production/_ext/26143033/ipv4.o
 .debug_aranges
                0x00001248      0x1b8 build/default/production/_ext/26143033/udp.o
 .debug_aranges
                0x00001400       0x48 build/default/production/_ext/26143033/tcpip_heap_alloc.o
 .debug_aranges
                0x00001448       0x68 build/default/production/_ext/26143033/tcpip_heap_internal.o
 .debug_aranges
                0x000014b0      0x110 build/default/production/_ext/26143033/arp.o
 .debug_aranges
                0x000015c0       0x68 build/default/production/_ext/26143033/dns.o
 .debug_aranges
                0x00001628       0x28 build/default/production/_ext/26143033/hash_fnv.o
 .debug_aranges
                0x00001650       0x50 build/default/production/_ext/26143033/oahash.o
 .debug_aranges
                0x000016a0      0x210 build/default/production/_ext/26143033/tcpip_helpers.o
 .debug_aranges
                0x000018b0       0x20 build/default/production/_ext/26143033/tcpip_helper_c32.o
 .debug_aranges
                0x000018d0      0x378 build/default/production/_ext/26143033/tcpip_manager.o
 .debug_aranges
                0x00001c48       0x40 build/default/production/_ext/26143033/tcpip_notify.o
 .debug_aranges
                0x00001c88       0x78 build/default/production/_ext/26143033/tcpip_packet.o
 .debug_aranges
                0x00001d00       0x28 build/default/production/_ext/1688732426/system_init.o
 .debug_aranges
                0x00001d28       0x38 build/default/production/_ext/1688732426/system_interrupt.o
 .debug_aranges
                0x00001d60       0x20 build/default/production/_ext/1688732426/system_tasks.o
 .debug_aranges
                0x00001d80       0x38 build/default/production/_ext/1360937237/app_commands.o
 .debug_aranges
                0x00001db8       0x48 build/default/production/_ext/1360937237/UDP_app.o
 .debug_aranges
                0x00001e00       0x78 build/default/production/_ext/1360937237/main.o
 .debug_aranges
                0x00001e78       0x28 build/default/production/_ext/1360937237/adc.o
 .debug_aranges
                0x00001ea0       0x30 build/default/production/_ext/1360937237/aic.o
 .debug_aranges
                0x00001ed0       0x20 c:/program files/microchip/xc32/v2.50/bin/bin/../../lib/gcc/pic32mx/4.8.3\libgcc.a(_udivdi3.o)
 .debug_aranges
                0x00001ef0       0x20 c:/program files/microchip/xc32/v2.50/bin/bin/../../lib/gcc/pic32mx/4.8.3\libgcc.a(floatunsisf.o)
 .debug_aranges
                0x00001f10       0x20 c:/program files/microchip/xc32/v2.50/bin/bin/../../lib/gcc/pic32mx/4.8.3/../../../../pic32mx/lib\libpic32.a(default-bootstrap-exception-handler.o)
 .debug_aranges
                0x00001f30       0x20 c:/program files/microchip/xc32/v2.50/bin/bin/../../lib/gcc/pic32mx/4.8.3/../../../../pic32mx/lib\libpic32.a(default-on-reset.o)
 .debug_aranges
                0x00001f50       0x20 c:/program files/microchip/xc32/v2.50/bin/bin/../../lib/gcc/pic32mx/4.8.3/../../../../pic32mx/lib\libpic32.a(default-on-bootstrap.o)
 .debug_aranges
                0x00001f70       0x20 c:/program files/microchip/xc32/v2.50/bin/bin/../../lib/gcc/pic32mx/4.8.3/../../../../pic32mx/lib\libpic32.a(default-general-exception-handler.o)
 .debug_aranges
                0x00001f90       0x20 c:/program files/microchip/xc32/v2.50/bin/bin/../../lib/gcc/pic32mx/4.8.3/../../../../pic32mx/lib\libpic32.a(defaultinterrupt.o)
 .debug_aranges
                0x00001fb0       0x20 c:/program files/microchip/xc32/v2.50/bin/bin/../../lib/gcc/pic32mx/4.8.3/../../../../pic32mx/lib\libm.a(w_log.o)
 .debug_aranges
                0x00001fd0       0x20 c:/program files/microchip/xc32/v2.50/bin/bin/../../lib/gcc/pic32mx/4.8.3\libgcc.a(_umoddi3.o)
 .debug_aranges
                0x00001ff0       0x40 c:/program files/microchip/xc32/v2.50/bin/bin/../../lib/gcc/pic32mx/4.8.3/../../../../pic32mx/lib\libpic32.a(sbrk.o)
 .debug_aranges
                0x00002030       0x20 c:/program files/microchip/xc32/v2.50/bin/bin/../../lib/gcc/pic32mx/4.8.3/../../../../pic32mx/lib\libpic32.a(_mon_getc.o)
 .debug_aranges
                0x00002050       0x20 c:/program files/microchip/xc32/v2.50/bin/bin/../../lib/gcc/pic32mx/4.8.3/../../../../pic32mx/lib\libpic32.a(_mon_write.o)
 .debug_aranges
                0x00002070       0x48 c:/program files/microchip/xc32/v2.50/bin/bin/../../lib/gcc/pic32mx/4.8.3/../../../../pic32mx/lib\libpic32.a(isinf.o)
 .debug_aranges
                0x000020b8       0x20 c:/program files/microchip/xc32/v2.50/bin/bin/../../lib/gcc/pic32mx/4.8.3/../../../../pic32mx/lib\libpic32.a(_mon_putc.o)
 .debug_aranges
                0x000020d8       0x20 c:/program files/microchip/xc32/v2.50/bin/bin/../../lib/gcc/pic32mx/4.8.3/../../../../pic32mx/lib\libe.a(_unorddf2.o)

.debug_pubnames
 *(.debug_pubnames)

.debug_info     0x00000000   0x100d4f
 *(.debug_info .gnu.linkonce.wi.*)
 .debug_info    0x00000000      0x428 build/default/production/_ext/1360937237/led.o
 .debug_info    0x00000428     0x2b2e build/default/production/_ext/1360937237/ssd.o
 .debug_info    0x00002f56     0x1898 build/default/production/_ext/1360937237/accel.o
 .debug_info    0x000047ee      0x6a9 build/default/production/_ext/1360937237/i2c.o
 .debug_info    0x00004e97     0x1a1a build/default/production/_ext/1360937237/lcd.o
 .debug_info    0x000068b1     0x2183 build/default/production/rgbled.o
 .debug_info    0x00008a34      0xc89 build/default/production/_ext/1360937237/btn.o
 .debug_info    0x000096bd     0x9d97 build/default/production/_ext/996065237/drv_encx24j600_spi_bus.o
 .debug_info    0x00013454     0x6c15 build/default/production/_ext/1600828880/drv_encx24j600_closed_state.o
 .debug_info    0x0001a069     0x6ee4 build/default/production/_ext/472602724/drv_encx24j600_initialization_state.o
 .debug_info    0x00020f4d     0x7339 build/default/production/_ext/472602724/drv_encx24j600_configure_state.o
 .debug_info    0x00028286     0x6d5c build/default/production/_ext/472602724/drv_encx24j600_detect_state.o
 .debug_info    0x0002efe2     0x7351 build/default/production/_ext/472602724/drv_encx24j600_reset_state.o
 .debug_info    0x00036333     0x717c build/default/production/_ext/1728422854/drv_encx24j600_tx_packet.o
 .debug_info    0x0003d4af     0x70a8 build/default/production/_ext/1728422854/drv_encx24j600_rx_packet.o
 .debug_info    0x00044557     0x72f4 build/default/production/_ext/999618079/drv_encx24j600_running_state.o
 .debug_info    0x0004b84b     0x6f1e build/default/production/_ext/999618079/drv_encx24j600_change_duplex_state.o
 .debug_info    0x00052769     0x6f9c build/default/production/_ext/999618079/drv_encx24j600_check_int_state.o
 .debug_info    0x00059705     0x6fc2 build/default/production/_ext/999618079/drv_encx24j600_check_status_state.o
 .debug_info    0x000606c7     0x6fe4 build/default/production/_ext/999618079/drv_encx24j600_check_tx_status_state.o
 .debug_info    0x000676ab     0x72c9 build/default/production/_ext/999618079/drv_encx24j600_reset_rx_state.o
 .debug_info    0x0006e974     0x8f5f build/default/production/_ext/820865379/drv_encx24j600_api.o
 .debug_info    0x000778d3     0x6db6 build/default/production/_ext/820865379/drv_encx24j600_main_state.o
 .debug_info    0x0007e689     0x6cbe build/default/production/_ext/820865379/drv_encx24j600_utils.o
 .debug_info    0x00085347     0x34f5 build/default/production/_ext/977502197/drv_spi_tasks.o
 .debug_info    0x0008883c     0x4e19 build/default/production/_ext/977502197/drv_spi_api.o
 .debug_info    0x0008d655     0x2c18 build/default/production/_ext/977502197/drv_spi_master_ebm_tasks.o
 .debug_info    0x0009026d     0x54e8 build/default/production/_ext/915312864/drv_spi.o
 .debug_info    0x00095755     0x2016 build/default/production/_ext/2077795248/drv_spi_sys_queue_fifo.o
 .debug_info    0x0009776b     0x5620 build/default/production/_ext/1298913485/drv_tmr.o
 .debug_info    0x0009cd8b     0x2333 build/default/production/_ext/327000265/drv_usart_mapping.o
 .debug_info    0x0009f0be     0x452b build/default/production/_ext/327000265/drv_usart_static.o
 .debug_info    0x000a35e9     0x2b3b build/default/production/_ext/327000265/drv_usart_static_buffer_queue.o
 .debug_info    0x000a6124     0x1c33 build/default/production/_ext/327000265/drv_usart_static_read_write.o
 .debug_info    0x000a7d57     0x1cae build/default/production/_ext/639803181/sys_clk_pic32mx.o
 .debug_info    0x000a9a05     0x2fc1 build/default/production/_ext/2001008086/sys_command.o
 .debug_info    0x000ac9c6      0xe0e build/default/production/_ext/1544295906/sys_console.o
 .debug_info    0x000ad7d4     0x19e8 build/default/production/_ext/1544295906/sys_console_uart.o
 .debug_info    0x000af1bc     0x19ba build/default/production/_ext/340578644/sys_devcon.o
 .debug_info    0x000b0b76     0x1adc build/default/production/_ext/340578644/sys_devcon_pic32mx.o
 .debug_info    0x000b2652     0x1459 build/default/production/_ext/1735427962/sys_int_pic32.o
 .debug_info    0x000b3aab     0x55c1 build/default/production/_ext/822048611/sys_ports_static.o
 .debug_info    0x000b906c      0x775 build/default/production/_ext/327917790/sys_random.o
 .debug_info    0x000b97e1      0x93b build/default/production/_ext/68765530/sys_reset.o
 .debug_info    0x000ba11c     0x2c88 build/default/production/_ext/1417409628/sys_tmr.o
 .debug_info    0x000bcda4      0x495 build/default/production/_ext/1881663949/helpers.o
 .debug_info    0x000bd239     0x6a80 build/default/production/_ext/26143033/ipv4.o
 .debug_info    0x000c3cb9     0x90c6 build/default/production/_ext/26143033/udp.o
 .debug_info    0x000ccd7f     0x15b4 build/default/production/_ext/26143033/tcpip_heap_alloc.o
 .debug_info    0x000ce333     0x2625 build/default/production/_ext/26143033/tcpip_heap_internal.o
 .debug_info    0x000d0958     0x7089 build/default/production/_ext/26143033/arp.o
 .debug_info    0x000d79e1     0x14a1 build/default/production/_ext/26143033/dns.o
 .debug_info    0x000d8e82      0x28a build/default/production/_ext/26143033/hash_fnv.o
 .debug_info    0x000d910c      0x8a4 build/default/production/_ext/26143033/oahash.o
 .debug_info    0x000d99b0     0x5742 build/default/production/_ext/26143033/tcpip_helpers.o
 .debug_info    0x000df0f2       0xb9 build/default/production/_ext/26143033/tcpip_helper_c32.o
 .debug_info    0x000df1ab     0xb19d build/default/production/_ext/26143033/tcpip_manager.o
 .debug_info    0x000ea348     0x14e6 build/default/production/_ext/26143033/tcpip_notify.o
 .debug_info    0x000eb82e     0x3992 build/default/production/_ext/26143033/tcpip_packet.o
 .debug_info    0x000ef1c0     0x6e1c build/default/production/_ext/1688732426/system_init.o
 .debug_info    0x000f5fdc     0x1813 build/default/production/_ext/1688732426/system_interrupt.o
 .debug_info    0x000f77ef      0xd0c build/default/production/_ext/1688732426/system_tasks.o
 .debug_info    0x000f84fb     0x1808 build/default/production/_ext/1360937237/app_commands.o
 .debug_info    0x000f9d03     0x2239 build/default/production/_ext/1360937237/UDP_app.o
 .debug_info    0x000fbf3c     0x2560 build/default/production/_ext/1360937237/main.o
 .debug_info    0x000fe49c      0x87e build/default/production/_ext/1360937237/adc.o
 .debug_info    0x000fed1a      0x580 build/default/production/_ext/1360937237/aic.o
 .debug_info    0x000ff29a      0x74b c:/program files/microchip/xc32/v2.50/bin/bin/../../lib/gcc/pic32mx/4.8.3\libgcc.a(_udivdi3.o)
 .debug_info    0x000ff9e5      0x129 c:/program files/microchip/xc32/v2.50/bin/bin/../../lib/gcc/pic32mx/4.8.3\libgcc.a(floatunsisf.o)
 .debug_info    0x000ffb0e       0xf4 c:/program files/microchip/xc32/v2.50/bin/bin/../../lib/gcc/pic32mx/4.8.3/../../../../pic32mx/lib\libpic32.a(default-bootstrap-exception-handler.o)
 .debug_info    0x000ffc02       0xcd c:/program files/microchip/xc32/v2.50/bin/bin/../../lib/gcc/pic32mx/4.8.3/../../../../pic32mx/lib\libpic32.a(default-on-reset.o)
 .debug_info    0x000ffccf       0xd5 c:/program files/microchip/xc32/v2.50/bin/bin/../../lib/gcc/pic32mx/4.8.3/../../../../pic32mx/lib\libpic32.a(default-on-bootstrap.o)
 .debug_info    0x000ffda4       0xf0 c:/program files/microchip/xc32/v2.50/bin/bin/../../lib/gcc/pic32mx/4.8.3/../../../../pic32mx/lib\libpic32.a(default-general-exception-handler.o)
 .debug_info    0x000ffe94       0xe7 c:/program files/microchip/xc32/v2.50/bin/bin/../../lib/gcc/pic32mx/4.8.3/../../../../pic32mx/lib\libpic32.a(defaultinterrupt.o)
 .debug_info    0x000fff7b       0xc2 c:/program files/microchip/xc32/v2.50/bin/bin/../../lib/gcc/pic32mx/4.8.3/../../../../pic32mx/lib\libm.a(w_log.o)
 .debug_info    0x0010003d      0x788 c:/program files/microchip/xc32/v2.50/bin/bin/../../lib/gcc/pic32mx/4.8.3\libgcc.a(_umoddi3.o)
 .debug_info    0x001007c5      0x131 c:/program files/microchip/xc32/v2.50/bin/bin/../../lib/gcc/pic32mx/4.8.3/../../../../pic32mx/lib\libpic32.a(sbrk.o)
 .debug_info    0x001008f6       0xc7 c:/program files/microchip/xc32/v2.50/bin/bin/../../lib/gcc/pic32mx/4.8.3/../../../../pic32mx/lib\libpic32.a(_mon_getc.o)
 .debug_info    0x001009bd       0xc9 c:/program files/microchip/xc32/v2.50/bin/bin/../../lib/gcc/pic32mx/4.8.3/../../../../pic32mx/lib\libpic32.a(_mon_write.o)
 .debug_info    0x00100a86      0x134 c:/program files/microchip/xc32/v2.50/bin/bin/../../lib/gcc/pic32mx/4.8.3/../../../../pic32mx/lib\libpic32.a(isinf.o)
 .debug_info    0x00100bba       0xc7 c:/program files/microchip/xc32/v2.50/bin/bin/../../lib/gcc/pic32mx/4.8.3/../../../../pic32mx/lib\libpic32.a(_mon_putc.o)
 .debug_info    0x00100c81       0xce c:/program files/microchip/xc32/v2.50/bin/bin/../../lib/gcc/pic32mx/4.8.3/../../../../pic32mx/lib\libe.a(_unorddf2.o)

.debug_abbrev   0x00000000     0xbdae
 *(.debug_abbrev)
 .debug_abbrev  0x00000000      0x17c build/default/production/_ext/1360937237/led.o
 .debug_abbrev  0x0000017c      0x272 build/default/production/_ext/1360937237/ssd.o
 .debug_abbrev  0x000003ee      0x2b8 build/default/production/_ext/1360937237/accel.o
 .debug_abbrev  0x000006a6      0x13d build/default/production/_ext/1360937237/i2c.o
 .debug_abbrev  0x000007e3      0x28d build/default/production/_ext/1360937237/lcd.o
 .debug_abbrev  0x00000a70      0x198 build/default/production/rgbled.o
 .debug_abbrev  0x00000c08      0x130 build/default/production/_ext/1360937237/btn.o
 .debug_abbrev  0x00000d38      0x410 build/default/production/_ext/996065237/drv_encx24j600_spi_bus.o
 .debug_abbrev  0x00001148      0x21e build/default/production/_ext/1600828880/drv_encx24j600_closed_state.o
 .debug_abbrev  0x00001366      0x26b build/default/production/_ext/472602724/drv_encx24j600_initialization_state.o
 .debug_abbrev  0x000015d1      0x292 build/default/production/_ext/472602724/drv_encx24j600_configure_state.o
 .debug_abbrev  0x00001863      0x276 build/default/production/_ext/472602724/drv_encx24j600_detect_state.o
 .debug_abbrev  0x00001ad9      0x244 build/default/production/_ext/472602724/drv_encx24j600_reset_state.o
 .debug_abbrev  0x00001d1d      0x30f build/default/production/_ext/1728422854/drv_encx24j600_tx_packet.o
 .debug_abbrev  0x0000202c      0x2a3 build/default/production/_ext/1728422854/drv_encx24j600_rx_packet.o
 .debug_abbrev  0x000022cf      0x264 build/default/production/_ext/999618079/drv_encx24j600_running_state.o
 .debug_abbrev  0x00002533      0x22f build/default/production/_ext/999618079/drv_encx24j600_change_duplex_state.o
 .debug_abbrev  0x00002762      0x276 build/default/production/_ext/999618079/drv_encx24j600_check_int_state.o
 .debug_abbrev  0x000029d8      0x276 build/default/production/_ext/999618079/drv_encx24j600_check_status_state.o
 .debug_abbrev  0x00002c4e      0x286 build/default/production/_ext/999618079/drv_encx24j600_check_tx_status_state.o
 .debug_abbrev  0x00002ed4      0x272 build/default/production/_ext/999618079/drv_encx24j600_reset_rx_state.o
 .debug_abbrev  0x00003146      0x4ab build/default/production/_ext/820865379/drv_encx24j600_api.o
 .debug_abbrev  0x000035f1      0x248 build/default/production/_ext/820865379/drv_encx24j600_main_state.o
 .debug_abbrev  0x00003839      0x28a build/default/production/_ext/820865379/drv_encx24j600_utils.o
 .debug_abbrev  0x00003ac3      0x305 build/default/production/_ext/977502197/drv_spi_tasks.o
 .debug_abbrev  0x00003dc8      0x31c build/default/production/_ext/977502197/drv_spi_api.o
 .debug_abbrev  0x000040e4      0x285 build/default/production/_ext/977502197/drv_spi_master_ebm_tasks.o
 .debug_abbrev  0x00004369      0x4b8 build/default/production/_ext/915312864/drv_spi.o
 .debug_abbrev  0x00004821      0x35f build/default/production/_ext/2077795248/drv_spi_sys_queue_fifo.o
 .debug_abbrev  0x00004b80      0x478 build/default/production/_ext/1298913485/drv_tmr.o
 .debug_abbrev  0x00004ff8      0x289 build/default/production/_ext/327000265/drv_usart_mapping.o
 .debug_abbrev  0x00005281      0x43d build/default/production/_ext/327000265/drv_usart_static.o
 .debug_abbrev  0x000056be      0x373 build/default/production/_ext/327000265/drv_usart_static_buffer_queue.o
 .debug_abbrev  0x00005a31      0x2a1 build/default/production/_ext/327000265/drv_usart_static_read_write.o
 .debug_abbrev  0x00005cd2      0x26c build/default/production/_ext/639803181/sys_clk_pic32mx.o
 .debug_abbrev  0x00005f3e      0x457 build/default/production/_ext/2001008086/sys_command.o
 .debug_abbrev  0x00006395      0x256 build/default/production/_ext/1544295906/sys_console.o
 .debug_abbrev  0x000065eb      0x33f build/default/production/_ext/1544295906/sys_console_uart.o
 .debug_abbrev  0x0000692a      0x280 build/default/production/_ext/340578644/sys_devcon.o
 .debug_abbrev  0x00006baa      0x207 build/default/production/_ext/340578644/sys_devcon_pic32mx.o
 .debug_abbrev  0x00006db1      0x22f build/default/production/_ext/1735427962/sys_int_pic32.o
 .debug_abbrev  0x00006fe0      0x29d build/default/production/_ext/822048611/sys_ports_static.o
 .debug_abbrev  0x0000727d      0x1f6 build/default/production/_ext/327917790/sys_random.o
 .debug_abbrev  0x00007473      0x163 build/default/production/_ext/68765530/sys_reset.o
 .debug_abbrev  0x000075d6      0x500 build/default/production/_ext/1417409628/sys_tmr.o
 .debug_abbrev  0x00007ad6      0x12e build/default/production/_ext/1881663949/helpers.o
 .debug_abbrev  0x00007c04      0x52b build/default/production/_ext/26143033/ipv4.o
 .debug_abbrev  0x0000812f      0x620 build/default/production/_ext/26143033/udp.o
 .debug_abbrev  0x0000874f      0x177 build/default/production/_ext/26143033/tcpip_heap_alloc.o
 .debug_abbrev  0x000088c6      0x3b4 build/default/production/_ext/26143033/tcpip_heap_internal.o
 .debug_abbrev  0x00008c7a      0x4f1 build/default/production/_ext/26143033/arp.o
 .debug_abbrev  0x0000916b      0x173 build/default/production/_ext/26143033/dns.o
 .debug_abbrev  0x000092de       0xb5 build/default/production/_ext/26143033/hash_fnv.o
 .debug_abbrev  0x00009393      0x277 build/default/production/_ext/26143033/oahash.o
 .debug_abbrev  0x0000960a      0x4c1 build/default/production/_ext/26143033/tcpip_helpers.o
 .debug_abbrev  0x00009acb       0x14 build/default/production/_ext/26143033/tcpip_helper_c32.o
 .debug_abbrev  0x00009adf      0x63e build/default/production/_ext/26143033/tcpip_manager.o
 .debug_abbrev  0x0000a11d      0x234 build/default/production/_ext/26143033/tcpip_notify.o